<html>
<body>
<pre>
<h1>µVision Build Log</h1>
<h2>Tool Versions:</h2>
IDE-Version: ¦ÌVision V5.28.0.0
Copyright (C) 2019 ARM Ltd and ARM Germany GmbH. All rights reserved.
License Information: asd asus, asd, LIC=HN0AE-56DSD-DY3V3-AD2NN-XIRF0-3H5NX
 
Tool Versions:
Toolchain:       MDK-ARM Plus  Version: 5.28.0.0
Toolchain Path:  C:\Keil_v5\ARM\ARMCC\Bin
C Compiler:      Armcc.exe V5.06 update 6 (build 750)
Assembler:       Armasm.exe V5.06 update 6 (build 750)
Linker/Locator:  ArmLink.exe V5.06 update 6 (build 750)
Library Manager: ArmAr.exe V5.06 update 6 (build 750)
Hex Converter:   FromElf.exe V5.06 update 6 (build 750)
CPU DLL:         SARMCM3.DLL V5.28.0.0
Dialog DLL:      DCM.DLL V1.17.3.0
Target DLL:      STLink\ST-LINKIII-KEIL_SWO.dll V3.0.6.0
Dialog DLL:      TCM.DLL V1.36.2.0
 
<h2>Project:</h2>
C:\Users\asus\Desktop\data-collection-device\usb-disk\MDK-ARM\usb-disk.uvprojx
Project File Date:  05/12/2023

<h2>Output:</h2>
*** Using Compiler 'V5.06 update 6 (build 750)', folder: 'C:\Keil_v5\ARM\ARMCC\Bin'
Build target 'usb-disk'
assembling startup_stm32f103xe.s...
compiling usart.c...
compiling adc.c...
compiling rtc.c...
compiling main.c...
compiling i2c.c...
compiling sdio.c...
compiling stm32f1xx_it.c...
compiling gpio.c...
compiling stm32f1xx_hal_msp.c...
compiling stm32f1xx_hal_gpio_ex.c...
compiling usb_device.c...
compiling usbd_storage_if.c...
compiling user_diskio.c...
../FATFS/Target/user_diskio.c(120): warning:  #188-D: enumerated type mixed with another type
  	return Flash_Read((uint8_t*)buff, sector, count);
../FATFS/Target/user_diskio.c(142): warning:  #188-D: enumerated type mixed with another type
  	return Flash_Write((uint8_t*)buff, sector, count);
../FATFS/Target/user_diskio.c: 2 warnings, 0 errors
compiling usbd_conf.c...
compiling fatfs.c...
compiling usbd_desc.c...
compiling stm32f1xx_hal_pcd_ex.c...
compiling stm32f1xx_hal.c...
compiling stm32f1xx_hal_rcc_ex.c...
compiling stm32f1xx_hal_rcc.c...
compiling stm32f1xx_ll_usb.c...
compiling stm32f1xx_hal_gpio.c...
compiling stm32f1xx_hal_dma.c...
compiling stm32f1xx_hal_pcd.c...
compiling stm32f1xx_hal_adc_ex.c...
compiling stm32f1xx_hal_cortex.c...
compiling stm32f1xx_hal_adc.c...
compiling stm32f1xx_hal_pwr.c...
compiling stm32f1xx_hal_exti.c...
compiling stm32f1xx_hal_flash_ex.c...
compiling stm32f1xx_hal_flash.c...
compiling stm32f1xx_hal_i2c.c...
compiling system_stm32f1xx.c...
compiling stm32f1xx_ll_sdmmc.c...
compiling stm32f1xx_hal_rtc_ex.c...
compiling stm32f1xx_hal_tim.c...
compiling stm32f1xx_hal_uart.c...
compiling stm32f1xx_hal_rtc.c...
compiling stm32f1xx_hal_tim_ex.c...
compiling stm32f1xx_hal_sd.c...
compiling diskio.c...
compiling usbd_ctlreq.c...
compiling syscall.c...
compiling ff.c...
compiling ff_gen_drv.c...
compiling usbd_core.c...
compiling usbd_msc.c...
compiling usbd_ioreq.c...
compiling usbd_msc_data.c...
compiling Flash.c...
..\lib\Flash.c(4): warning:  #177-D: variable "n"  was declared but never referenced
  	uint32_t n,i;
..\lib\Flash.c(33): warning:  #1-D: last line of file ends without a newline
  }
..\lib\Flash.c(26): warning:  #177-D: variable "p"  was declared but never referenced
  	uint8_t *p = buf;
..\lib\Flash.c: 3 warnings, 0 errors
compiling usbd_msc_bot.c...
compiling usbd_msc_scsi.c...
linking...
Program Size: Code=31032 RO-data=420 RW-data=356 ZI-data=10180  
FromELF: creating hex file...
"usb-disk\usb-disk.axf" - 0 Error(s), 5 Warning(s).

<h2>Software Packages used:</h2>

Package Vendor: ARM
                http://www.keil.com/pack/ARM.CMSIS.5.5.1.pack
                ARM.CMSIS.5.5.1
                CMSIS (Cortex Microcontroller Software Interface Standard)
   * Component: CORE Version: 5.2.0

Package Vendor: Keil
                http://www.keil.com/pack/Keil.STM32F1xx_DFP.2.3.0.pack
                Keil.STM32F1xx_DFP.2.3.0
                STMicroelectronics STM32F1 Series Device Support, Drivers and Examples

<h2>Collection of Component include folders:</h2>
  .\RTE\_usb-disk
  C:\Users\asus\AppData\Local\Arm\Packs\ARM\CMSIS\5.5.1\CMSIS\Core\Include
  C:\Users\asus\AppData\Local\Arm\Packs\Keil\STM32F1xx_DFP\2.3.0\Device\Include

<h2>Collection of Component Files used:</h2>

   * Component: ARM::CMSIS:CORE:5.2.0
Build Time Elapsed:  00:00:36
</pre>
</body>
</html>
