Component: ARM Compiler 5.06 update 6 (build 750) Tool: armlink [4d35ed]

==============================================================================

Section Cross References

    startup_stm32f103xe.o(RESET) refers to startup_stm32f103xe.o(STACK) for __initial_sp
    startup_stm32f103xe.o(RESET) refers to startup_stm32f103xe.o(.text) for Reset_Handler
    startup_stm32f103xe.o(RESET) refers to stm32f1xx_it.o(i.NMI_Handler) for NMI_Handler
    startup_stm32f103xe.o(RESET) refers to stm32f1xx_it.o(i.HardFault_Handler) for HardFault_Handler
    startup_stm32f103xe.o(RESET) refers to stm32f1xx_it.o(i.MemManage_Handler) for MemManage_Handler
    startup_stm32f103xe.o(RESET) refers to stm32f1xx_it.o(i.BusFault_Handler) for BusFault_Handler
    startup_stm32f103xe.o(RESET) refers to stm32f1xx_it.o(i.UsageFault_Handler) for UsageFault_Handler
    startup_stm32f103xe.o(RESET) refers to stm32f1xx_it.o(i.SVC_Handler) for SVC_Handler
    startup_stm32f103xe.o(RESET) refers to stm32f1xx_it.o(i.DebugMon_Handler) for DebugMon_Handler
    startup_stm32f103xe.o(RESET) refers to stm32f1xx_it.o(i.PendSV_Handler) for PendSV_Handler
    startup_stm32f103xe.o(RESET) refers to stm32f1xx_it.o(i.SysTick_Handler) for SysTick_Handler
    startup_stm32f103xe.o(RESET) refers to stm32f1xx_it.o(i.USB_HP_CAN1_TX_IRQHandler) for USB_HP_CAN1_TX_IRQHandler
    startup_stm32f103xe.o(RESET) refers to stm32f1xx_it.o(i.USB_LP_CAN1_RX0_IRQHandler) for USB_LP_CAN1_RX0_IRQHandler
    startup_stm32f103xe.o(.text) refers to system_stm32f1xx.o(i.SystemInit) for SystemInit
    startup_stm32f103xe.o(.text) refers to entry.o(.ARM.Collect$$$$00000000) for __main
    main.o(i.RTC_Reset) refers to stm32f1xx_hal_rtc.o(i.HAL_RTC_SetTime) for HAL_RTC_SetTime
    main.o(i.RTC_Reset) refers to rtc.o(.bss) for hrtc
    main.o(i.SystemClock_Config) refers to memseta.o(.text) for __aeabi_memclr4
    main.o(i.SystemClock_Config) refers to stm32f1xx_hal_rcc.o(i.HAL_RCC_OscConfig) for HAL_RCC_OscConfig
    main.o(i.SystemClock_Config) refers to main.o(i.Error_Handler) for Error_Handler
    main.o(i.SystemClock_Config) refers to stm32f1xx_hal_rcc.o(i.HAL_RCC_ClockConfig) for HAL_RCC_ClockConfig
    main.o(i.SystemClock_Config) refers to stm32f1xx_hal_rcc_ex.o(i.HAL_RCCEx_PeriphCLKConfig) for HAL_RCCEx_PeriphCLKConfig
    main.o(i.fputc) refers to stm32f1xx_hal_uart.o(i.HAL_UART_Transmit) for HAL_UART_Transmit
    main.o(i.fputc) refers to usart.o(.bss) for huart1
    main.o(i.main) refers to stm32f1xx_hal.o(i.HAL_Init) for HAL_Init
    main.o(i.main) refers to main.o(i.SystemClock_Config) for SystemClock_Config
    main.o(i.main) refers to gpio.o(i.MX_GPIO_Init) for MX_GPIO_Init
    main.o(i.main) refers to fatfs.o(i.MX_FATFS_Init) for MX_FATFS_Init
    main.o(i.main) refers to usb_device.o(i.MX_USB_DEVICE_Init) for MX_USB_DEVICE_Init
    main.o(i.main) refers to sdio.o(i.MX_SDIO_SD_Init) for MX_SDIO_SD_Init
    main.o(i.main) refers to usart.o(i.MX_USART1_UART_Init) for MX_USART1_UART_Init
    main.o(i.main) refers to adc.o(i.MX_ADC1_Init) for MX_ADC1_Init
    main.o(i.main) refers to i2c.o(i.MX_I2C1_Init) for MX_I2C1_Init
    main.o(i.main) refers to rtc.o(i.MX_RTC_Init) for MX_RTC_Init
    main.o(i.main) refers to stm32f1xx_hal_rtc.o(i.HAL_RTC_GetTime) for HAL_RTC_GetTime
    main.o(i.main) refers to stm32f1xx_hal_gpio.o(i.HAL_GPIO_TogglePin) for HAL_GPIO_TogglePin
    main.o(i.main) refers to stm32f1xx_hal.o(i.HAL_Delay) for HAL_Delay
    main.o(i.main) refers to main.o(.data) for realTime
    main.o(i.main) refers to rtc.o(.bss) for hrtc
    main.o(i.testfs) refers to ff.o(i.f_mount) for f_mount
    main.o(i.testfs) refers to printf3.o(i.__0printf$3) for __2printf
    main.o(i.testfs) refers to ff.o(i.f_mkfs) for f_mkfs
    main.o(i.testfs) refers to ff.o(i.f_open) for f_open
    main.o(i.testfs) refers to ff.o(i.f_write) for f_write
    main.o(i.testfs) refers to ff.o(i.f_close) for f_close
    main.o(i.testfs) refers to ff.o(i.f_read) for f_read
    main.o(i.testfs) refers to main.o(.bss) for fs
    main.o(i.testfs) refers to main.o(.data) for res_flash
    gpio.o(i.MX_GPIO_Init) refers to stm32f1xx_hal_gpio.o(i.HAL_GPIO_WritePin) for HAL_GPIO_WritePin
    gpio.o(i.MX_GPIO_Init) refers to stm32f1xx_hal_gpio.o(i.HAL_GPIO_Init) for HAL_GPIO_Init
    adc.o(i.HAL_ADC_MspDeInit) refers to stm32f1xx_hal_gpio.o(i.HAL_GPIO_DeInit) for HAL_GPIO_DeInit
    adc.o(i.HAL_ADC_MspInit) refers to stm32f1xx_hal_gpio.o(i.HAL_GPIO_Init) for HAL_GPIO_Init
    adc.o(i.MX_ADC1_Init) refers to stm32f1xx_hal_adc.o(i.HAL_ADC_Init) for HAL_ADC_Init
    adc.o(i.MX_ADC1_Init) refers to main.o(i.Error_Handler) for Error_Handler
    adc.o(i.MX_ADC1_Init) refers to stm32f1xx_hal_adc.o(i.HAL_ADC_ConfigChannel) for HAL_ADC_ConfigChannel
    adc.o(i.MX_ADC1_Init) refers to adc.o(.bss) for hadc1
    i2c.o(i.HAL_I2C_MspDeInit) refers to stm32f1xx_hal_gpio.o(i.HAL_GPIO_DeInit) for HAL_GPIO_DeInit
    i2c.o(i.HAL_I2C_MspInit) refers to stm32f1xx_hal_gpio.o(i.HAL_GPIO_Init) for HAL_GPIO_Init
[...]
    i.USBD_GetStatus                         0x08005666   Section        0  usbd_ctlreq.o(i.USBD_GetStatus)
    USBD_GetStatus                           0x08005667   Thumb Code    90  usbd_ctlreq.o(i.USBD_GetStatus)
    i.USBD_GetString                         0x080056c0   Section        0  usbd_ctlreq.o(i.USBD_GetString)
    i.USBD_Get_USB_Status                    0x08005712   Section        0  usbd_conf.o(i.USBD_Get_USB_Status)
    USBD_Get_USB_Status                      0x08005713   Thumb Code    44  usbd_conf.o(i.USBD_Get_USB_Status)
    i.USBD_Init                              0x0800573e   Section        0  usbd_core.o(i.USBD_Init)
    i.USBD_LL_ClearStallEP                   0x08005770   Section        0  usbd_conf.o(i.USBD_LL_ClearStallEP)
    i.USBD_LL_CloseEP                        0x08005796   Section        0  usbd_conf.o(i.USBD_LL_CloseEP)
    i.USBD_LL_DataInStage                    0x080057bc   Section        0  usbd_core.o(i.USBD_LL_DataInStage)
    i.USBD_LL_DataOutStage                   0x080058bc   Section        0  usbd_core.o(i.USBD_LL_DataOutStage)
    i.USBD_LL_FlushEP                        0x08005962   Section        0  usbd_conf.o(i.USBD_LL_FlushEP)
    i.USBD_LL_GetRxDataSize                  0x08005988   Section        0  usbd_conf.o(i.USBD_LL_GetRxDataSize)
    i.USBD_LL_Init                           0x0800599c   Section        0  usbd_conf.o(i.USBD_LL_Init)
    i.USBD_LL_IsStallEP                      0x08005a10   Section        0  usbd_conf.o(i.USBD_LL_IsStallEP)
    i.USBD_LL_OpenEP                         0x08005a48   Section        0  usbd_conf.o(i.USBD_LL_OpenEP)
    i.USBD_LL_PrepareReceive                 0x08005a78   Section        0  usbd_conf.o(i.USBD_LL_PrepareReceive)
    i.USBD_LL_Reset                          0x08005aa8   Section        0  usbd_core.o(i.USBD_LL_Reset)
    i.USBD_LL_Resume                         0x08005b04   Section        0  usbd_core.o(i.USBD_LL_Resume)
    i.USBD_LL_SOF                            0x08005b1a   Section        0  usbd_core.o(i.USBD_LL_SOF)
    i.USBD_LL_SetSpeed                       0x08005b3c   Section        0  usbd_core.o(i.USBD_LL_SetSpeed)
    i.USBD_LL_SetUSBAddress                  0x08005b44   Section        0  usbd_conf.o(i.USBD_LL_SetUSBAddress)
    i.USBD_LL_SetupStage                     0x08005b6a   Section        0  usbd_core.o(i.USBD_LL_SetupStage)
    i.USBD_LL_StallEP                        0x08005bd8   Section        0  usbd_conf.o(i.USBD_LL_StallEP)
    i.USBD_LL_Start                          0x08005bfe   Section        0  usbd_conf.o(i.USBD_LL_Start)
    i.USBD_LL_Suspend                        0x08005c1c   Section        0  usbd_core.o(i.USBD_LL_Suspend)
    i.USBD_LL_Transmit                       0x08005c30   Section        0  usbd_conf.o(i.USBD_LL_Transmit)
    i.USBD_MSC_DataIn                        0x08005c60   Section        0  usbd_msc.o(i.USBD_MSC_DataIn)
    i.USBD_MSC_DataOut                       0x08005c72   Section        0  usbd_msc.o(i.USBD_MSC_DataOut)
    i.USBD_MSC_DeInit                        0x08005c84   Section        0  usbd_msc.o(i.USBD_MSC_DeInit)
    i.USBD_MSC_GetDeviceQualifierDescriptor  0x08005cc4   Section        0  usbd_msc.o(i.USBD_MSC_GetDeviceQualifierDescriptor)
    i.USBD_MSC_GetFSCfgDesc                  0x08005cd4   Section        0  usbd_msc.o(i.USBD_MSC_GetFSCfgDesc)
    i.USBD_MSC_GetHSCfgDesc                  0x08005ce4   Section        0  usbd_msc.o(i.USBD_MSC_GetHSCfgDesc)
    i.USBD_MSC_GetOtherSpeedCfgDesc          0x08005cf4   Section        0  usbd_msc.o(i.USBD_MSC_GetOtherSpeedCfgDesc)
    i.USBD_MSC_Init                          0x08005d04   Section        0  usbd_msc.o(i.USBD_MSC_Init)
    i.USBD_MSC_RegisterStorage               0x08005d76   Section        0  usbd_msc.o(i.USBD_MSC_RegisterStorage)
    i.USBD_MSC_Setup                         0x08005d82   Section        0  usbd_msc.o(i.USBD_MSC_Setup)
    i.USBD_ParseSetupRequest                 0x08005f46   Section        0  usbd_ctlreq.o(i.USBD_ParseSetupRequest)
    i.USBD_RegisterClass                     0x08005f6e   Section        0  usbd_core.o(i.USBD_RegisterClass)
    i.USBD_RunTestMode                       0x08005f7e   Section        0  usbd_core.o(i.USBD_RunTestMode)
    i.USBD_SetAddress                        0x08005f84   Section        0  usbd_ctlreq.o(i.USBD_SetAddress)
    USBD_SetAddress                          0x08005f85   Thumb Code    90  usbd_ctlreq.o(i.USBD_SetAddress)
    i.USBD_SetClassConfig                    0x08005fde   Section        0  usbd_core.o(i.USBD_SetClassConfig)
    i.USBD_SetConfig                         0x08006000   Section        0  usbd_ctlreq.o(i.USBD_SetConfig)
    USBD_SetConfig                           0x08006001   Thumb Code   228  usbd_ctlreq.o(i.USBD_SetConfig)
    i.USBD_SetFeature                        0x080060e8   Section        0  usbd_ctlreq.o(i.USBD_SetFeature)
    USBD_SetFeature                          0x080060e9   Thumb Code    24  usbd_ctlreq.o(i.USBD_SetFeature)
    i.USBD_Start                             0x08006100   Section        0  usbd_core.o(i.USBD_Start)
    i.USBD_StdDevReq                         0x0800610e   Section        0  usbd_ctlreq.o(i.USBD_StdDevReq)
    i.USBD_StdEPReq                          0x080061b0   Section        0  usbd_ctlreq.o(i.USBD_StdEPReq)
    i.USBD_StdItfReq                         0x080063e8   Section        0  usbd_ctlreq.o(i.USBD_StdItfReq)
    i.USBD_static_free                       0x08006466   Section        0  usbd_conf.o(i.USBD_static_free)
    i.USBD_static_malloc                     0x08006468   Section        0  usbd_conf.o(i.USBD_static_malloc)
    i.USB_ActivateEndpoint                   0x08006474   Section        0  stm32f1xx_ll_usb.o(i.USB_ActivateEndpoint)
    i.USB_CoreInit                           0x080068c0   Section        0  stm32f1xx_ll_usb.o(i.USB_CoreInit)
    i.USB_DeactivateEndpoint                 0x080068c8   Section        0  stm32f1xx_ll_usb.o(i.USB_DeactivateEndpoint)
    i.USB_DevConnect                         0x08006b44   Section        0  stm32f1xx_ll_usb.o(i.USB_DevConnect)
    i.USB_DevDisconnect                      0x08006b4a   Section        0  stm32f1xx_ll_usb.o(i.USB_DevDisconnect)
    i.USB_DevInit                            0x08006b50   Section        0  stm32f1xx_ll_usb.o(i.USB_DevInit)
    i.USB_DisableGlobalInt                   0x08006b66   Section        0  stm32f1xx_ll_usb.o(i.USB_DisableGlobalInt)
    i.USB_EP0_OutStart                       0x08006b7a   Section        0  stm32f1xx_ll_usb.o(i.USB_EP0_OutStart)
    i.USB_EPClearStall                       0x08006b80   Section        0  stm32f1xx_ll_usb.o(i.USB_EPClearStall)
    i.USB_EPSetStall                         0x08006c5a   Section        0  stm32f1xx_ll_usb.o(i.USB_EPSetStall)
    i.USB_EPStartXfer                        0x08006cb6   Section        0  stm32f1xx_ll_usb.o(i.USB_EPStartXfer)
    i.USB_EnableGlobalInt                    0x08007840   Section        0  stm32f1xx_ll_usb.o(i.USB_EnableGlobalInt)
    i.USB_FlushRxFifo                        0x08007852   Section        0  stm32f1xx_ll_usb.o(i.USB_FlushRxFifo)
    i.USB_FlushTxFifo                        0x08007858   Section        0  stm32f1xx_ll_usb.o(i.USB_FlushTxFifo)
    i.USB_HP_CAN1_TX_IRQHandler              0x08007860   Section        0  stm32f1xx_it.o(i.USB_HP_CAN1_TX_IRQHandler)
    i.USB_LP_CAN1_RX0_IRQHandler             0x08007870   Section        0  stm32f1xx_it.o(i.USB_LP_CAN1_RX0_IRQHandler)
    i.USB_ReadInterrupts                     0x08007880   Section        0  stm32f1xx_ll_usb.o(i.USB_ReadInterrupts)
    i.USB_ReadPMA                            0x08007888   Section        0  stm32f1xx_ll_usb.o(i.USB_ReadPMA)
    i.USB_SetCurrentMode                     0x080078d2   Section        0  stm32f1xx_ll_usb.o(i.USB_SetCurrentMode)
    i.USB_SetDevAddress                      0x080078d8   Section        0  stm32f1xx_ll_usb.o(i.USB_SetDevAddress)
    i.USB_WritePMA                           0x080078e6   Section        0  stm32f1xx_ll_usb.o(i.USB_WritePMA)
    i.USER_initialize                        0x08007928   Section        0  user_diskio.o(i.USER_initialize)
    i.USER_ioctl                             0x0800792e   Section        0  user_diskio.o(i.USER_ioctl)
    i.USER_read                              0x08007966   Section        0  user_diskio.o(i.USER_read)
    i.USER_status                            0x08007980   Section        0  user_diskio.o(i.USER_status)
    i.USER_write                             0x0800799c   Section        0  user_diskio.o(i.USER_write)
    i.UsageFault_Handler                     0x080079b6   Section        0  stm32f1xx_it.o(i.UsageFault_Handler)
    i.__NVIC_GetPriorityGrouping             0x080079bc   Section        0  stm32f1xx_hal_cortex.o(i.__NVIC_GetPriorityGrouping)
    __NVIC_GetPriorityGrouping               0x080079bd   Thumb Code    10  stm32f1xx_hal_cortex.o(i.__NVIC_GetPriorityGrouping)
    i.__NVIC_SetPriority                     0x080079cc   Section        0  stm32f1xx_hal_cortex.o(i.__NVIC_SetPriority)
    __NVIC_SetPriority                       0x080079cd   Thumb Code    32  stm32f1xx_hal_cortex.o(i.__NVIC_SetPriority)
    i.__scatterload_copy                     0x080079f4   Section       14  handlers.o(i.__scatterload_copy)
    i.__scatterload_null                     0x08007a02   Section        2  handlers.o(i.__scatterload_null)
    i.__scatterload_zeroinit                 0x08007a04   Section       14  handlers.o(i.__scatterload_zeroinit)
    i.main                                   0x08007a14   Section        0  main.o(i.main)
    .constdata                               0x08007a68   Section       36  usbd_storage_if.o(.constdata)
    .constdata                               0x08007a8c   Section       24  system_stm32f1xx.o(.constdata)
    .constdata                               0x08007aa4   Section       23  usbd_msc_data.o(.constdata)
    .data                                    0x20000000   Section       24  main.o(.data)
    .data                                    0x20000018   Section       24  user_diskio.o(.data)
    Stat                                     0x20000018   Data           1  user_diskio.o(.data)
    .data                                    0x20000030   Section        5  fatfs.o(.data)
    .data                                    0x20000038   Section       78  usbd_desc.o(.data)
    .data                                    0x20000088   Section       36  usbd_storage_if.o(.data)
    .data                                    0x200000ac   Section        9  stm32f1xx_hal.o(.data)
    .data                                    0x200000b8   Section        4  system_stm32f1xx.o(.data)
    .data                                    0x200000bc   Section        1  usbd_ctlreq.o(.data)
    cfgidx                                   0x200000bc   Data           1  usbd_ctlreq.o(.data)
    .data                                    0x200000c0   Section      162  usbd_msc.o(.data)
    .bss                                     0x20000164   Section       48  adc.o(.bss)
    .bss                                     0x20000194   Section       84  i2c.o(.bss)
    .bss                                     0x200001e8   Section       20  rtc.o(.bss)
    .bss                                     0x200001fc   Section      132  sdio.o(.bss)
    .bss                                     0x20000280   Section       68  usart.o(.bss)
    .bss                                     0x200002c4   Section      708  usb_device.o(.bss)
    .bss                                     0x20000588   Section     2048  usbd_desc.o(.bss)
    .bss                                     0x20000d88   Section     2908  usbd_conf.o(.bss)
    mem                                      0x20001074   Data        2160  usbd_conf.o(.bss)
    .bss                                     0x200018e8   Section       32  stm32f1xx_hal_flash.o(.bss)
    .bss                                     0x20001908   Section       12  ff_gen_drv.o(.bss)
    .bss                                     0x20001914   Section       16  flash.o(.bss)
    EraseInitStruct                          0x20001914   Data          16  flash.o(.bss)
    STACK                                    0x20001928   Section     4096  startup_stm32f103xe.o(STACK)

    Global Symbols

    Symbol Name                              Value     Ov Type        Size  Object(Section)

    BuildAttributes$$THM_ISAv4$P$D$K$B$S$PE$A:L22UL41UL21$X:L11$S22US41US21$IEEE1$IW$USESV6$~STKCKD$USESV7$~SHL$OSPACE$ROPI$EBA8$MICROLIB$REQ8$PRES8$EABIv2 0x00000000   Number         0  anon$$obj.o ABSOLUTE
    __ARM_use_no_argv                        0x00000000   Number         0  main.o ABSOLUTE
    _printf_a                                0x00000000   Number         0  stubs.o ABSOLUTE
    _printf_c                                0x00000000   Number         0  stubs.o ABSOLUTE
    _printf_charcount                        0x00000000   Number         0  stubs.o ABSOLUTE
    _printf_d                                0x00000000   Number         0  stubs.o ABSOLUTE
    _printf_e                                0x00000000   Number         0  stubs.o ABSOLUTE
    _printf_f                                0x00000000   Number         0  stubs.o ABSOLUTE
    _printf_flags                            0x00000000   Number         0  stubs.o ABSOLUTE
    _printf_fp_dec                           0x00000000   Number         0  stubs.o ABSOLUTE
    _printf_fp_hex                           0x00000000   Number         0  stubs.o ABSOLUTE
    _printf_g                                0x00000000   Number         0  stubs.o ABSOLUTE
    _printf_i                                0x00000000   Number         0  stubs.o ABSOLUTE
    _printf_int_dec                          0x00000000   Number         0  stubs.o ABSOLUTE
    _printf_l                                0x00000000   Number         0  stubs.o ABSOLUTE
    _printf_lc                               0x00000000   Number         0  stubs.o ABSOLUTE
    _printf_ll                               0x00000000   Number         0  stubs.o ABSOLUTE
    _printf_lld                              0x00000000   Number         0  stubs.o ABSOLUTE
    _printf_lli                              0x00000000   Number         0  stubs.o ABSOLUTE
    _printf_llo                              0x00000000   Number         0  stubs.o ABSOLUTE
    _printf_llu                              0x00000000   Number         0  stubs.o ABSOLUTE
    _printf_llx                              0x00000000   Number         0  stubs.o ABSOLUTE
    _printf_longlong_dec                     0x00000000   Number         0  stubs.o ABSOLUTE
    _printf_longlong_hex                     0x00000000   Number         0  stubs.o ABSOLUTE
    _printf_longlong_oct                     0x00000000   Number         0  stubs.o ABSOLUTE
    _printf_ls                               0x00000000   Number         0  stubs.o ABSOLUTE
    _printf_mbtowc                           0x00000000   Number         0  stubs.o ABSOLUTE
    _printf_n                                0x00000000   Number         0  stubs.o ABSOLUTE
    _printf_o                                0x00000000   Number         0  stubs.o ABSOLUTE
    _printf_p                                0x00000000   Number         0  stubs.o ABSOLUTE
    _printf_percent                          0x00000000   Number         0  stubs.o ABSOLUTE
    _printf_pre_padding                      0x00000000   Number         0  stubs.o ABSOLUTE
    _printf_return_value                     0x00000000   Number         0  stubs.o ABSOLUTE
    _printf_s                                0x00000000   Number         0  stubs.o ABSOLUTE
    _printf_sizespec                         0x00000000   Number         0  stubs.o ABSOLUTE
    _printf_str                              0x00000000   Number         0  stubs.o ABSOLUTE
    _printf_truncate_signed                  0x00000000   Number         0  stubs.o ABSOLUTE
    _printf_truncate_unsigned                0x00000000   Number         0  stubs.o ABSOLUTE
    _printf_u                                0x00000000   Number         0  stubs.o ABSOLUTE
    _printf_wc                               0x00000000   Number         0  stubs.o ABSOLUTE
    _printf_wctomb                           0x00000000   Number         0  stubs.o ABSOLUTE
    _printf_widthprec                        0x00000000   Number         0  stubs.o ABSOLUTE
    _printf_x                                0x00000000   Number         0  stubs.o ABSOLUTE
    __cpp_initialize__aeabi_                  - Undefined Weak Reference
    __cxa_finalize                            - Undefined Weak Reference
    _clock_init                               - Undefined Weak Reference
    _microlib_exit                            - Undefined Weak Reference
    __Vectors_Size                           0x00000130   Number         0  startup_stm32f103xe.o ABSOLUTE
    __Vectors                                0x08000000   Data           4  startup_stm32f103xe.o(RESET)
    __Vectors_End                            0x08000130   Data           0  startup_stm32f103xe.o(RESET)
    __main                                   0x08000131   Thumb Code     0  entry.o(.ARM.Collect$$$$00000000)
    _main_stk                                0x08000131   Thumb Code     0  entry2.o(.ARM.Collect$$$$00000001)
    _main_scatterload                        0x08000135   Thumb Code     0  entry5.o(.ARM.Collect$$$$00000004)
    __main_after_scatterload                 0x08000139   Thumb Code     0  entry5.o(.ARM.Collect$$$$00000004)
    _main_clock                              0x08000139   Thumb Code     0  entry7b.o(.ARM.Collect$$$$00000008)
    _main_cpp_init                           0x08000139   Thumb Code     0  entry8b.o(.ARM.Collect$$$$0000000A)
    _main_init                               0x08000139   Thumb Code     0  entry9a.o(.ARM.Collect$$$$0000000B)
    __rt_final_cpp                           0x08000141   Thumb Code     0  entry10a.o(.ARM.Collect$$$$0000000D)
    __rt_final_exit                          0x08000141   Thumb Code     0  entry11a.o(.ARM.Collect$$$$0000000F)
    Reset_Handler                            0x08000145   Thumb Code     8  startup_stm32f103xe.o(.text)
    ADC1_2_IRQHandler                        0x0800015f   Thumb Code     0  startup_stm32f103xe.o(.text)
    ADC3_IRQHandler                          0x0800015f   Thumb Code     0  startup_stm32f103xe.o(.text)
    CAN1_RX1_IRQHandler                      0x0800015f   Thumb Code     0  startup_stm32f103xe.o(.text)
    CAN1_SCE_IRQHandler                      0x0800015f   Thumb Code     0  startup_stm32f103xe.o(.text)
    DMA1_Channel1_IRQHandler                 0x0800015f   Thumb Code     0  startup_stm32f103xe.o(.text)
    DMA1_Channel2_IRQHandler                 0x0800015f   Thumb Code     0  startup_stm32f103xe.o(.text)
    DMA1_Channel3_IRQHandler                 0x0800015f   Thumb Code     0  startup_stm32f103xe.o(.text)
    DMA1_Channel4_IRQHandler                 0x0800015f   Thumb Code     0  startup_stm32f103xe.o(.text)
    DMA1_Channel5_IRQHandler                 0x0800015f   Thumb Code     0  startup_stm32f103xe.o(.text)
    DMA1_Channel6_IRQHandler                 0x0800015f   Thumb Code     0  startup_stm32f103xe.o(.text)
    DMA1_Channel7_IRQHandler                 0x0800015f   Thumb Code     0  startup_stm32f103xe.o(.text)
    DMA2_Channel1_IRQHandler                 0x0800015f   Thumb Code     0  startup_stm32f103xe.o(.text)
    DMA2_Channel2_IRQHandler                 0x0800015f   Thumb Code     0  startup_stm32f103xe.o(.text)
    DMA2_Channel3_IRQHandler                 0x0800015f   Thumb Code     0  startup_stm32f103xe.o(.text)
    DMA2_Channel4_5_IRQHandler               0x0800015f   Thumb Code     0  startup_stm32f103xe.o(.text)
    EXTI0_IRQHandler                         0x0800015f   Thumb Code     0  startup_stm32f103xe.o(.text)
    EXTI15_10_IRQHandler                     0x0800015f   Thumb Code     0  startup_stm32f103xe.o(.text)
    EXTI1_IRQHandler                         0x0800015f   Thumb Code     0  startup_stm32f103xe.o(.text)
    EXTI2_IRQHandler                         0x0800015f   Thumb Code     0  startup_stm32f103xe.o(.text)
    EXTI3_IRQHandler                         0x0800015f   Thumb Code     0  startup_stm32f103xe.o(.text)
    EXTI4_IRQHandler                         0x0800015f   Thumb Code     0  startup_stm32f103xe.o(.text)
    EXTI9_5_IRQHandler                       0x0800015f   Thumb Code     0  startup_stm32f103xe.o(.text)
    FLASH_IRQHandler                         0x0800015f   Thumb Code     0  startup_stm32f103xe.o(.text)
    FSMC_IRQHandler                          0x0800015f   Thumb Code     0  startup_stm32f103xe.o(.text)
    I2C1_ER_IRQHandler                       0x0800015f   Thumb Code     0  startup_stm32f103xe.o(.text)
    I2C1_EV_IRQHandler                       0x0800015f   Thumb Code     0  startup_stm32f103xe.o(.text)
    I2C2_ER_IRQHandler                       0x0800015f   Thumb Code     0  startup_stm32f103xe.o(.text)
    I2C2_EV_IRQHandler                       0x0800015f   Thumb Code     0  startup_stm32f103xe.o(.text)
    PVD_IRQHandler                           0x0800015f   Thumb Code     0  startup_stm32f103xe.o(.text)
    RCC_IRQHandler                           0x0800015f   Thumb Code     0  startup_stm32f103xe.o(.text)
    RTC_Alarm_IRQHandler                     0x0800015f   Thumb Code     0  startup_stm32f103xe.o(.text)
    RTC_IRQHandler                           0x0800015f   Thumb Code     0  startup_stm32f103xe.o(.text)
    SDIO_IRQHandler                          0x0800015f   Thumb Code     0  startup_stm32f103xe.o(.text)
    SPI1_IRQHandler                          0x0800015f   Thumb Code     0  startup_stm32f103xe.o(.text)
    SPI2_IRQHandler                          0x0800015f   Thumb Code     0  startup_stm32f103xe.o(.text)
    SPI3_IRQHandler                          0x0800015f   Thumb Code     0  startup_stm32f103xe.o(.text)
    TAMPER_IRQHandler                        0x0800015f   Thumb Code     0  startup_stm32f103xe.o(.text)
    TIM1_BRK_IRQHandler                      0x0800015f   Thumb Code     0  startup_stm32f103xe.o(.text)
    TIM1_CC_IRQHandler                       0x0800015f   Thumb Code     0  startup_stm32f103xe.o(.text)
    TIM1_TRG_COM_IRQHandler                  0x0800015f   Thumb Code     0  startup_stm32f103xe.o(.text)
    TIM1_UP_IRQHandler                       0x0800015f   Thumb Code     0  startup_stm32f103xe.o(.text)
    TIM2_IRQHandler                          0x0800015f   Thumb Code     0  startup_stm32f103xe.o(.text)
    TIM3_IRQHandler                          0x0800015f   Thumb Code     0  startup_stm32f103xe.o(.text)
    TIM4_IRQHandler                          0x0800015f   Thumb Code     0  startup_stm32f103xe.o(.text)
    TIM5_IRQHandler                          0x0800015f   Thumb Code     0  startup_stm32f103xe.o(.text)
    TIM6_IRQHandler                          0x0800015f   Thumb Code     0  startup_stm32f103xe.o(.text)
    TIM7_IRQHandler                          0x0800015f   Thumb Code     0  startup_stm32f103xe.o(.text)
    TIM8_BRK_IRQHandler                      0x0800015f   Thumb Code     0  startup_stm32f103xe.o(.text)
    TIM8_CC_IRQHandler                       0x0800015f   Thumb Code     0  startup_stm32f103xe.o(.text)
    TIM8_TRG_COM_IRQHandler                  0x0800015f   Thumb Code     0  startup_stm32f103xe.o(.text)
    TIM8_UP_IRQHandler                       0x0800015f   Thumb Code     0  startup_stm32f103xe.o(.text)
    UART4_IRQHandler                         0x0800015f   Thumb Code     0  startup_stm32f103xe.o(.text)
    UART5_IRQHandler                         0x0800015f   Thumb Code     0  startup_stm32f103xe.o(.text)
    USART1_IRQHandler                        0x0800015f   Thumb Code     0  startup_stm32f103xe.o(.text)
    USART2_IRQHandler                        0x0800015f   Thumb Code     0  startup_stm32f103xe.o(.text)
    USART3_IRQHandler                        0x0800015f   Thumb Code     0  startup_stm32f103xe.o(.text)
    USBWakeUp_IRQHandler                     0x0800015f   Thumb Code     0  startup_stm32f103xe.o(.text)
    WWDG_IRQHandler                          0x0800015f   Thumb Code     0  startup_stm32f103xe.o(.text)
    __aeabi_llsr                             0x08000169   Thumb Code    32  llushr.o(.text)
    _ll_ushift_r                             0x08000169   Thumb Code     0  llushr.o(.text)
    __aeabi_memcpy                           0x08000189   Thumb Code    36  memcpya.o(.text)
    __aeabi_memcpy4                          0x08000189   Thumb Code     0  memcpya.o(.text)
    __aeabi_memcpy8                          0x08000189   Thumb Code     0  memcpya.o(.text)
    __aeabi_memset                           0x080001ad   Thumb Code    14  memseta.o(.text)
    __aeabi_memset4                          0x080001ad   Thumb Code     0  memseta.o(.text)
    __aeabi_memset8                          0x080001ad   Thumb Code     0  memseta.o(.text)
    __aeabi_memclr                           0x080001bb   Thumb Code     4  memseta.o(.text)
    __aeabi_memclr4                          0x080001bb   Thumb Code     0  memseta.o(.text)
    __aeabi_memclr8                          0x080001bb   Thumb Code     0  memseta.o(.text)
    _memset$wrapper                          0x080001bf   Thumb Code    18  memseta.o(.text)
    __scatterload                            0x080001d1   Thumb Code    28  init.o(.text)
    __scatterload_rt2                        0x080001d1   Thumb Code     0  init.o(.text)
    __decompress                             0x080001f5   Thumb Code     0  __dczerorl2.o(.text)
    __decompress1                            0x080001f5   Thumb Code    86  __dczerorl2.o(.text)
    ADC_ConversionStop_Disable               0x0800024b   Thumb Code    92  stm32f1xx_hal_adc.o(i.ADC_ConversionStop_Disable)
    BusFault_Handler                         0x080002a7   Thumb Code     4  stm32f1xx_it.o(i.BusFault_Handler)
    DebugMon_Handler                         0x080002ab   Thumb Code     2  stm32f1xx_it.o(i.DebugMon_Handler)
    Error_Handler                            0x080002ad   Thumb Code     6  main.o(i.Error_Handler)
    FATFS_LinkDriver                         0x080002b3   Thumb Code    18  ff_gen_drv.o(i.FATFS_LinkDriver)
    FATFS_LinkDriverEx                       0x080002c5   Thumb Code    78  ff_gen_drv.o(i.FATFS_LinkDriverEx)
    FLASH_PageErase                          0x08000341   Thumb Code    32  stm32f1xx_hal_flash_ex.o(i.FLASH_PageErase)
    FLASH_WaitForLastOperation               0x0800040d   Thumb Code   106  stm32f1xx_hal_flash.o(i.FLASH_WaitForLastOperation)
    Flash_Read                               0x0800047d   Thumb Code    36  flash.o(i.Flash_Read)
    Flash_Write                              0x080004a5   Thumb Code    90  flash.o(i.Flash_Write)
    HAL_ADC_ConfigChannel                    0x0800053d   Thumb Code   338  stm32f1xx_hal_adc.o(i.HAL_ADC_ConfigChannel)
    HAL_ADC_Init                             0x0800069d   Thumb Code   340  stm32f1xx_hal_adc.o(i.HAL_ADC_Init)
    HAL_ADC_MspInit                          0x080007fd   Thumb Code    98  adc.o(i.HAL_ADC_MspInit)
    HAL_Delay                                0x0800086d   Thumb Code    36  stm32f1xx_hal.o(i.HAL_Delay)
    HAL_FLASHEx_Erase                        0x08000895   Thumb Code   168  stm32f1xx_hal_flash_ex.o(i.HAL_FLASHEx_Erase)
    HAL_FLASH_Lock                           0x08000945   Thumb Code    16  stm32f1xx_hal_flash.o(i.HAL_FLASH_Lock)
    HAL_FLASH_Program                        0x08000959   Thumb Code   168  stm32f1xx_hal_flash.o(i.HAL_FLASH_Program)
    HAL_FLASH_Unlock                         0x08000a09   Thumb Code    36  stm32f1xx_hal_flash.o(i.HAL_FLASH_Unlock)
    HAL_GPIO_Init                            0x08000a39   Thumb Code   792  stm32f1xx_hal_gpio.o(i.HAL_GPIO_Init)
    HAL_GPIO_TogglePin                       0x08000d79   Thumb Code    20  stm32f1xx_hal_gpio.o(i.HAL_GPIO_TogglePin)
    HAL_GPIO_WritePin                        0x08000d8d   Thumb Code    12  stm32f1xx_hal_gpio.o(i.HAL_GPIO_WritePin)
    HAL_GetTick                              0x08000d99   Thumb Code     6  stm32f1xx_hal.o(i.HAL_GetTick)
    HAL_I2C_Init                             0x08000da5   Thumb Code   446  stm32f1xx_hal_i2c.o(i.HAL_I2C_Init)
    HAL_I2C_MspInit                          0x08000f75   Thumb Code   104  i2c.o(i.HAL_I2C_MspInit)
    HAL_IncTick                              0x08000fe9   Thumb Code    16  stm32f1xx_hal.o(i.HAL_IncTick)
    HAL_Init                                 0x08001001   Thumb Code    34  stm32f1xx_hal.o(i.HAL_Init)
    HAL_InitTick                             0x08001029   Thumb Code    64  stm32f1xx_hal.o(i.HAL_InitTick)
    HAL_MspInit                              0x08001075   Thumb Code    74  stm32f1xx_hal_msp.o(i.HAL_MspInit)
    HAL_NVIC_EnableIRQ                       0x080010c9   Thumb Code    32  stm32f1xx_hal_cortex.o(i.HAL_NVIC_EnableIRQ)
    HAL_NVIC_SetPriority                     0x080010e9   Thumb Code   124  stm32f1xx_hal_cortex.o(i.HAL_NVIC_SetPriority)
    HAL_NVIC_SetPriorityGrouping             0x08001165   Thumb Code    32  stm32f1xx_hal_cortex.o(i.HAL_NVIC_SetPriorityGrouping)
    HAL_PCDEx_PMAConfig                      0x0800118d   Thumb Code    68  stm32f1xx_hal_pcd_ex.o(i.HAL_PCDEx_PMAConfig)
    HAL_PCDEx_SetConnectionState             0x080011d1   Thumb Code     2  usbd_conf.o(i.HAL_PCDEx_SetConnectionState)
    HAL_PCD_DataInStageCallback              0x080011d3   Thumb Code    32  usbd_conf.o(i.HAL_PCD_DataInStageCallback)
    HAL_PCD_DataOutStageCallback             0x080011f3   Thumb Code    32  usbd_conf.o(i.HAL_PCD_DataOutStageCallback)
    HAL_PCD_EP_Close                         0x08001213   Thumb Code   106  stm32f1xx_hal_pcd.o(i.HAL_PCD_EP_Close)
    HAL_PCD_EP_ClrStall                      0x0800127d   Thumb Code   124  stm32f1xx_hal_pcd.o(i.HAL_PCD_EP_ClrStall)
    HAL_PCD_EP_Flush                         0x08001979   Thumb Code    68  stm32f1xx_hal_pcd.o(i.HAL_PCD_EP_Flush)
    HAL_PCD_EP_GetRxCount                    0x080019bd   Thumb Code    22  stm32f1xx_hal_pcd.o(i.HAL_PCD_EP_GetRxCount)
    HAL_PCD_EP_Open                          0x080019d3   Thumb Code   140  stm32f1xx_hal_pcd.o(i.HAL_PCD_EP_Open)
    HAL_PCD_EP_Receive                       0x08001a5f   Thumb Code    76  stm32f1xx_hal_pcd.o(i.HAL_PCD_EP_Receive)
    HAL_PCD_EP_SetStall                      0x08001aab   Thumb Code   136  stm32f1xx_hal_pcd.o(i.HAL_PCD_EP_SetStall)
    HAL_PCD_EP_Transmit                      0x08001b33   Thumb Code    86  stm32f1xx_hal_pcd.o(i.HAL_PCD_EP_Transmit)
    HAL_PCD_IRQHandler                       0x08001b89   Thumb Code   482  stm32f1xx_hal_pcd.o(i.HAL_PCD_IRQHandler)
    HAL_PCD_Init                             0x08001d6b   Thumb Code   344  stm32f1xx_hal_pcd.o(i.HAL_PCD_Init)
    HAL_PCD_MspInit                          0x08001ec5   Thumb Code    74  usbd_conf.o(i.HAL_PCD_MspInit)
    HAL_PCD_ResetCallback                    0x08001f19   Thumb Code    36  usbd_conf.o(i.HAL_PCD_ResetCallback)
    HAL_PCD_ResumeCallback                   0x08001f3d   Thumb Code    14  usbd_conf.o(i.HAL_PCD_ResumeCallback)
    HAL_PCD_SOFCallback                      0x08001f4b   Thumb Code    14  usbd_conf.o(i.HAL_PCD_SOFCallback)
    HAL_PCD_SetAddress                       0x08001f59   Thumb Code    54  stm32f1xx_hal_pcd.o(i.HAL_PCD_SetAddress)
    HAL_PCD_SetupStageCallback               0x08001f8f   Thumb Code    18  usbd_conf.o(i.HAL_PCD_SetupStageCallback)
    HAL_PCD_Start                            0x08001fa1   Thumb Code    60  stm32f1xx_hal_pcd.o(i.HAL_PCD_Start)
    HAL_PCD_SuspendCallback                  0x08001fdd   Thumb Code    30  usbd_conf.o(i.HAL_PCD_SuspendCallback)
    HAL_PWR_EnableBkUpAccess                 0x08002001   Thumb Code     8  stm32f1xx_hal_pwr.o(i.HAL_PWR_EnableBkUpAccess)
    HAL_RCCEx_GetPeriphCLKFreq               0x0800200d   Thumb Code   276  stm32f1xx_hal_rcc_ex.o(i.HAL_RCCEx_GetPeriphCLKFreq)
    HAL_RCCEx_PeriphCLKConfig                0x08002141   Thumb Code   290  stm32f1xx_hal_rcc_ex.o(i.HAL_RCCEx_PeriphCLKConfig)
    HAL_RCC_ClockConfig                      0x08002271   Thumb Code   376  stm32f1xx_hal_rcc.o(i.HAL_RCC_ClockConfig)
    HAL_RCC_GetHCLKFreq                      0x080023fd   Thumb Code     6  stm32f1xx_hal_rcc.o(i.HAL_RCC_GetHCLKFreq)
    HAL_RCC_GetPCLK1Freq                     0x08002409   Thumb Code    22  stm32f1xx_hal_rcc.o(i.HAL_RCC_GetPCLK1Freq)
    HAL_RCC_GetPCLK2Freq                     0x08002429   Thumb Code    22  stm32f1xx_hal_rcc.o(i.HAL_RCC_GetPCLK2Freq)
    HAL_RCC_GetSysClockFreq                  0x08002449   Thumb Code   116  stm32f1xx_hal_rcc.o(i.HAL_RCC_GetSysClockFreq)
    HAL_RCC_OscConfig                        0x080024dd   Thumb Code  1114  stm32f1xx_hal_rcc.o(i.HAL_RCC_OscConfig)
    HAL_RTC_GetTime                          0x08002941   Thumb Code   260  stm32f1xx_hal_rtc.o(i.HAL_RTC_GetTime)
    HAL_RTC_Init                             0x08002a45   Thumb Code   202  stm32f1xx_hal_rtc.o(i.HAL_RTC_Init)
    HAL_RTC_MspInit                          0x08002b15   Thumb Code    52  rtc.o(i.HAL_RTC_MspInit)
    HAL_RTC_WaitForSynchro                   0x08002b55   Thumb Code    64  stm32f1xx_hal_rtc.o(i.HAL_RTC_WaitForSynchro)
    HAL_SD_ConfigWideBusOperation            0x08002b95   Thumb Code   196  stm32f1xx_hal_sd.o(i.HAL_SD_ConfigWideBusOperation)
    HAL_SD_GetCardCSD                        0x08002c5d   Thumb Code   450  stm32f1xx_hal_sd.o(i.HAL_SD_GetCardCSD)
    HAL_SD_Init                              0x08002e25   Thumb Code    60  stm32f1xx_hal_sd.o(i.HAL_SD_Init)
    HAL_SD_InitCard                          0x08002e61   Thumb Code   162  stm32f1xx_hal_sd.o(i.HAL_SD_InitCard)
    HAL_SD_MspInit                           0x08002f0d   Thumb Code   150  sdio.o(i.HAL_SD_MspInit)
    HAL_SYSTICK_Config                       0x08002fb5   Thumb Code    52  stm32f1xx_hal_cortex.o(i.HAL_SYSTICK_Config)
    HAL_UART_Init                            0x08002fe9   Thumb Code   114  stm32f1xx_hal_uart.o(i.HAL_UART_Init)
    HAL_UART_MspInit                         0x0800305d   Thumb Code   122  usart.o(i.HAL_UART_MspInit)
    HardFault_Handler                        0x080030e5   Thumb Code     4  stm32f1xx_it.o(i.HardFault_Handler)
    MSC_BOT_CplClrFeature                    0x08003249   Thumb Code    60  usbd_msc_bot.o(i.MSC_BOT_CplClrFeature)
    MSC_BOT_DataIn                           0x08003285   Thumb Code    74  usbd_msc_bot.o(i.MSC_BOT_DataIn)
    MSC_BOT_DataOut                          0x080032cf   Thumb Code    64  usbd_msc_bot.o(i.MSC_BOT_DataOut)
    MSC_BOT_DeInit                           0x0800330f   Thumb Code    10  usbd_msc_bot.o(i.MSC_BOT_DeInit)
    MSC_BOT_Init                             0x08003319   Thumb Code    64  usbd_msc_bot.o(i.MSC_BOT_Init)
    MSC_BOT_Reset                            0x08003359   Thumb Code    32  usbd_msc_bot.o(i.MSC_BOT_Reset)
    MSC_BOT_SendCSW                          0x08003379   Thumb Code    56  usbd_msc_bot.o(i.MSC_BOT_SendCSW)
    MX_ADC1_Init                             0x08003405   Thumb Code    82  adc.o(i.MX_ADC1_Init)
    MX_FATFS_Init                            0x08003461   Thumb Code    16  fatfs.o(i.MX_FATFS_Init)
    MX_GPIO_Init                             0x0800347d   Thumb Code   218  gpio.o(i.MX_GPIO_Init)
    MX_I2C1_Init                             0x08003565   Thumb Code    48  i2c.o(i.MX_I2C1_Init)
    MX_RTC_Init                              0x080035a1   Thumb Code    34  rtc.o(i.MX_RTC_Init)
    MX_SDIO_SD_Init                          0x080035cd   Thumb Code    54  sdio.o(i.MX_SDIO_SD_Init)
    MX_USART1_UART_Init                      0x0800360d   Thumb Code    46  usart.o(i.MX_USART1_UART_Init)
    MX_USB_DEVICE_Init                       0x08003645   Thumb Code    60  usb_device.o(i.MX_USB_DEVICE_Init)
    MemManage_Handler                        0x08003691   Thumb Code     4  stm32f1xx_it.o(i.MemManage_Handler)
    NMI_Handler                              0x08003695   Thumb Code     4  stm32f1xx_it.o(i.NMI_Handler)
    PendSV_Handler                           0x08003a8b   Thumb Code     2  stm32f1xx_it.o(i.PendSV_Handler)
    SCSI_ProcessCmd                          0x08003e45   Thumb Code   238  usbd_msc_scsi.o(i.SCSI_ProcessCmd)
    SCSI_SenseCode                           0x0800431d   Thumb Code    64  usbd_msc_scsi.o(i.SCSI_SenseCode)
    SDIO_ConfigData                          0x08004521   Thumb Code    44  stm32f1xx_ll_sdmmc.o(i.SDIO_ConfigData)
    SDIO_GetCommandResponse                  0x0800454d   Thumb Code     8  stm32f1xx_ll_sdmmc.o(i.SDIO_GetCommandResponse)
    SDIO_GetPowerState                       0x08004555   Thumb Code    10  stm32f1xx_ll_sdmmc.o(i.SDIO_GetPowerState)
    SDIO_GetResponse                         0x0800455f   Thumb Code    12  stm32f1xx_ll_sdmmc.o(i.SDIO_GetResponse)
    SDIO_Init                                0x0800456b   Thumb Code    52  stm32f1xx_ll_sdmmc.o(i.SDIO_Init)
    SDIO_PowerState_ON                       0x0800459f   Thumb Code    18  stm32f1xx_ll_sdmmc.o(i.SDIO_PowerState_ON)
    SDIO_ReadFIFO                            0x080045b1   Thumb Code     8  stm32f1xx_ll_sdmmc.o(i.SDIO_ReadFIFO)
    SDIO_SendCommand                         0x080045b9   Thumb Code    40  stm32f1xx_ll_sdmmc.o(i.SDIO_SendCommand)
    SDMMC_CmdAppCommand                      0x080045e1   Thumb Code    56  stm32f1xx_ll_sdmmc.o(i.SDMMC_CmdAppCommand)
    SDMMC_CmdAppOperCommand                  0x08004619   Thumb Code    54  stm32f1xx_ll_sdmmc.o(i.SDMMC_CmdAppOperCommand)
    SDMMC_CmdBlockLength                     0x08004655   Thumb Code    56  stm32f1xx_ll_sdmmc.o(i.SDMMC_CmdBlockLength)
    SDMMC_CmdBusWidth                        0x0800468d   Thumb Code    56  stm32f1xx_ll_sdmmc.o(i.SDMMC_CmdBusWidth)
    SDMMC_CmdGoIdleState                     0x080046c5   Thumb Code    44  stm32f1xx_ll_sdmmc.o(i.SDMMC_CmdGoIdleState)
    SDMMC_CmdOperCond                        0x080046f1   Thumb Code    52  stm32f1xx_ll_sdmmc.o(i.SDMMC_CmdOperCond)
    SDMMC_CmdSelDesel                        0x08004725   Thumb Code    58  stm32f1xx_ll_sdmmc.o(i.SDMMC_CmdSelDesel)
    SDMMC_CmdSendCID                         0x0800475f   Thumb Code    50  stm32f1xx_ll_sdmmc.o(i.SDMMC_CmdSendCID)
    SDMMC_CmdSendCSD                         0x08004791   Thumb Code    50  stm32f1xx_ll_sdmmc.o(i.SDMMC_CmdSendCSD)
    SDMMC_CmdSendSCR                         0x080047c3   Thumb Code    56  stm32f1xx_ll_sdmmc.o(i.SDMMC_CmdSendSCR)
    SDMMC_CmdSetRelAdd                       0x080047fb   Thumb Code    56  stm32f1xx_ll_sdmmc.o(i.SDMMC_CmdSetRelAdd)
    SVC_Handler                              0x08005071   Thumb Code     2  stm32f1xx_it.o(i.SVC_Handler)
    SysTick_Handler                          0x08005073   Thumb Code     8  stm32f1xx_it.o(i.SysTick_Handler)
    SystemClock_Config                       0x0800507b   Thumb Code   144  main.o(i.SystemClock_Config)
    SystemInit                               0x0800510b   Thumb Code     2  system_stm32f1xx.o(i.SystemInit)
    USBD_ClrClassConfig                      0x08005209   Thumb Code    22  usbd_core.o(i.USBD_ClrClassConfig)
    USBD_CtlContinueRx                       0x0800525d   Thumb Code    24  usbd_ioreq.o(i.USBD_CtlContinueRx)
    USBD_CtlContinueSendData                 0x08005275   Thumb Code    24  usbd_ioreq.o(i.USBD_CtlContinueSendData)
    USBD_CtlError                            0x0800528d   Thumb Code    24  usbd_ctlreq.o(i.USBD_CtlError)
    USBD_CtlReceiveStatus                    0x080052a5   Thumb Code    26  usbd_ioreq.o(i.USBD_CtlReceiveStatus)
    USBD_CtlSendData                         0x080052bf   Thumb Code    34  usbd_ioreq.o(i.USBD_CtlSendData)
    USBD_CtlSendStatus                       0x080052e1   Thumb Code    26  usbd_ioreq.o(i.USBD_CtlSendStatus)
    USBD_FS_ConfigStrDescriptor              0x080052fd   Thumb Code    34  usbd_desc.o(i.USBD_FS_ConfigStrDescriptor)
    USBD_FS_DeviceDescriptor                 0x08005331   Thumb Code    10  usbd_desc.o(i.USBD_FS_DeviceDescriptor)
    USBD_FS_InterfaceStrDescriptor           0x08005341   Thumb Code    34  usbd_desc.o(i.USBD_FS_InterfaceStrDescriptor)
    USBD_FS_LangIDStrDescriptor              0x08005379   Thumb Code    10  usbd_desc.o(i.USBD_FS_LangIDStrDescriptor)
    USBD_FS_ManufacturerStrDescriptor        0x08005389   Thumb Code    20  usbd_desc.o(i.USBD_FS_ManufacturerStrDescriptor)
    USBD_FS_ProductStrDescriptor             0x080053b5   Thumb Code    34  usbd_desc.o(i.USBD_FS_ProductStrDescriptor)
    USBD_FS_SerialStrDescriptor              0x080053f1   Thumb Code    18  usbd_desc.o(i.USBD_FS_SerialStrDescriptor)
    USBD_GetString                           0x080056c1   Thumb Code    82  usbd_ctlreq.o(i.USBD_GetString)
    USBD_Init                                0x0800573f   Thumb Code    50  usbd_core.o(i.USBD_Init)
    USBD_LL_ClearStallEP                     0x08005771   Thumb Code    38  usbd_conf.o(i.USBD_LL_ClearStallEP)
    USBD_LL_CloseEP                          0x08005797   Thumb Code    38  usbd_conf.o(i.USBD_LL_CloseEP)
    USBD_LL_DataInStage                      0x080057bd   Thumb Code   256  usbd_core.o(i.USBD_LL_DataInStage)
    USBD_LL_DataOutStage                     0x080058bd   Thumb Code   166  usbd_core.o(i.USBD_LL_DataOutStage)
    USBD_LL_FlushEP                          0x08005963   Thumb Code    38  usbd_conf.o(i.USBD_LL_FlushEP)
    USBD_LL_GetRxDataSize                    0x08005989   Thumb Code    18  usbd_conf.o(i.USBD_LL_GetRxDataSize)
    USBD_LL_Init                             0x0800599d   Thumb Code   108  usbd_conf.o(i.USBD_LL_Init)
    USBD_LL_IsStallEP                        0x08005a11   Thumb Code    56  usbd_conf.o(i.USBD_LL_IsStallEP)
    USBD_LL_OpenEP                           0x08005a49   Thumb Code    48  usbd_conf.o(i.USBD_LL_OpenEP)
    USBD_LL_PrepareReceive                   0x08005a79   Thumb Code    48  usbd_conf.o(i.USBD_LL_PrepareReceive)
    USBD_LL_Reset                            0x08005aa9   Thumb Code    92  usbd_core.o(i.USBD_LL_Reset)
    USBD_LL_Resume                           0x08005b05   Thumb Code    22  usbd_core.o(i.USBD_LL_Resume)
    USBD_LL_SOF                              0x08005b1b   Thumb Code    34  usbd_core.o(i.USBD_LL_SOF)
    USBD_LL_SetSpeed                         0x08005b3d   Thumb Code     8  usbd_core.o(i.USBD_LL_SetSpeed)
    USBD_LL_SetUSBAddress                    0x08005b45   Thumb Code    38  usbd_conf.o(i.USBD_LL_SetUSBAddress)
    USBD_LL_SetupStage                       0x08005b6b   Thumb Code   110  usbd_core.o(i.USBD_LL_SetupStage)
    USBD_LL_StallEP                          0x08005bd9   Thumb Code    38  usbd_conf.o(i.USBD_LL_StallEP)
    USBD_LL_Start                            0x08005bff   Thumb Code    30  usbd_conf.o(i.USBD_LL_Start)
    USBD_LL_Suspend                          0x08005c1d   Thumb Code    20  usbd_core.o(i.USBD_LL_Suspend)
    USBD_LL_Transmit                         0x08005c31   Thumb Code    48  usbd_conf.o(i.USBD_LL_Transmit)
    USBD_MSC_DataIn                          0x08005c61   Thumb Code    18  usbd_msc.o(i.USBD_MSC_DataIn)
    USBD_MSC_DataOut                         0x08005c73   Thumb Code    18  usbd_msc.o(i.USBD_MSC_DataOut)
    USBD_MSC_DeInit                          0x08005c85   Thumb Code    62  usbd_msc.o(i.USBD_MSC_DeInit)
    USBD_MSC_GetDeviceQualifierDescriptor    0x08005cc5   Thumb Code    10  usbd_msc.o(i.USBD_MSC_GetDeviceQualifierDescriptor)
    USBD_MSC_GetFSCfgDesc                    0x08005cd5   Thumb Code    10  usbd_msc.o(i.USBD_MSC_GetFSCfgDesc)
    USBD_MSC_GetHSCfgDesc                    0x08005ce5   Thumb Code    10  usbd_msc.o(i.USBD_MSC_GetHSCfgDesc)
    USBD_MSC_GetOtherSpeedCfgDesc            0x08005cf5   Thumb Code    10  usbd_msc.o(i.USBD_MSC_GetOtherSpeedCfgDesc)
    USBD_MSC_Init                            0x08005d05   Thumb Code   114  usbd_msc.o(i.USBD_MSC_Init)
    USBD_MSC_RegisterStorage                 0x08005d77   Thumb Code    12  usbd_msc.o(i.USBD_MSC_RegisterStorage)
    USBD_MSC_Setup                           0x08005d83   Thumb Code   452  usbd_msc.o(i.USBD_MSC_Setup)
    USBD_ParseSetupRequest                   0x08005f47   Thumb Code    40  usbd_ctlreq.o(i.USBD_ParseSetupRequest)
    USBD_RegisterClass                       0x08005f6f   Thumb Code    16  usbd_core.o(i.USBD_RegisterClass)
    USBD_RunTestMode                         0x08005f7f   Thumb Code     6  usbd_core.o(i.USBD_RunTestMode)
    USBD_SetClassConfig                      0x08005fdf   Thumb Code    34  usbd_core.o(i.USBD_SetClassConfig)
    USBD_Start                               0x08006101   Thumb Code    14  usbd_core.o(i.USBD_Start)
    USBD_StdDevReq                           0x0800610f   Thumb Code   162  usbd_ctlreq.o(i.USBD_StdDevReq)
    USBD_StdEPReq                            0x080061b1   Thumb Code   568  usbd_ctlreq.o(i.USBD_StdEPReq)
    USBD_StdItfReq                           0x080063e9   Thumb Code   126  usbd_ctlreq.o(i.USBD_StdItfReq)
    USBD_static_free                         0x08006467   Thumb Code     2  usbd_conf.o(i.USBD_static_free)
    USBD_static_malloc                       0x08006469   Thumb Code     6  usbd_conf.o(i.USBD_static_malloc)
    USB_ActivateEndpoint                     0x08006475   Thumb Code  1100  stm32f1xx_ll_usb.o(i.USB_ActivateEndpoint)
    USB_CoreInit                             0x080068c1   Thumb Code     8  stm32f1xx_ll_usb.o(i.USB_CoreInit)
    USB_DeactivateEndpoint                   0x080068c9   Thumb Code   636  stm32f1xx_ll_usb.o(i.USB_DeactivateEndpoint)
    USB_DevConnect                           0x08006b45   Thumb Code     6  stm32f1xx_ll_usb.o(i.USB_DevConnect)
    USB_DevDisconnect                        0x08006b4b   Thumb Code     6  stm32f1xx_ll_usb.o(i.USB_DevDisconnect)
    USB_DevInit                              0x08006b51   Thumb Code    22  stm32f1xx_ll_usb.o(i.USB_DevInit)
    USB_DisableGlobalInt                     0x08006b67   Thumb Code    20  stm32f1xx_ll_usb.o(i.USB_DisableGlobalInt)
    USB_EP0_OutStart                         0x08006b7b   Thumb Code     6  stm32f1xx_ll_usb.o(i.USB_EP0_OutStart)
    USB_EPClearStall                         0x08006b81   Thumb Code   218  stm32f1xx_ll_usb.o(i.USB_EPClearStall)
    USB_EPSetStall                           0x08006c5b   Thumb Code    92  stm32f1xx_ll_usb.o(i.USB_EPSetStall)
    USB_EPStartXfer                          0x08006cb7   Thumb Code  2954  stm32f1xx_ll_usb.o(i.USB_EPStartXfer)
    USB_EnableGlobalInt                      0x08007841   Thumb Code    18  stm32f1xx_ll_usb.o(i.USB_EnableGlobalInt)
    USB_FlushRxFifo                          0x08007853   Thumb Code     6  stm32f1xx_ll_usb.o(i.USB_FlushRxFifo)
    USB_FlushTxFifo                          0x08007859   Thumb Code     6  stm32f1xx_ll_usb.o(i.USB_FlushTxFifo)
    USB_HP_CAN1_TX_IRQHandler                0x08007861   Thumb Code    10  stm32f1xx_it.o(i.USB_HP_CAN1_TX_IRQHandler)
    USB_LP_CAN1_RX0_IRQHandler               0x08007871   Thumb Code    10  stm32f1xx_it.o(i.USB_LP_CAN1_RX0_IRQHandler)
    USB_ReadInterrupts                       0x08007881   Thumb Code     8  stm32f1xx_ll_usb.o(i.USB_ReadInterrupts)
    USB_ReadPMA                              0x08007889   Thumb Code    74  stm32f1xx_ll_usb.o(i.USB_ReadPMA)
    USB_SetCurrentMode                       0x080078d3   Thumb Code     6  stm32f1xx_ll_usb.o(i.USB_SetCurrentMode)
    USB_SetDevAddress                        0x080078d9   Thumb Code    14  stm32f1xx_ll_usb.o(i.USB_SetDevAddress)
    USB_WritePMA                             0x080078e7   Thumb Code    66  stm32f1xx_ll_usb.o(i.USB_WritePMA)
    USER_initialize                          0x08007929   Thumb Code     6  user_diskio.o(i.USER_initialize)
    USER_ioctl                               0x0800792f   Thumb Code    56  user_diskio.o(i.USER_ioctl)
    USER_read                                0x08007967   Thumb Code    26  user_diskio.o(i.USER_read)
    USER_status                              0x08007981   Thumb Code    24  user_diskio.o(i.USER_status)
    USER_write                               0x0800799d   Thumb Code    26  user_diskio.o(i.USER_write)
    UsageFault_Handler                       0x080079b7   Thumb Code     4  stm32f1xx_it.o(i.UsageFault_Handler)
    __scatterload_copy                       0x080079f5   Thumb Code    14  handlers.o(i.__scatterload_copy)
    __scatterload_null                       0x08007a03   Thumb Code     2  handlers.o(i.__scatterload_null)
    __scatterload_zeroinit                   0x08007a05   Thumb Code    14  handlers.o(i.__scatterload_zeroinit)
    main                                     0x08007a15   Thumb Code    70  main.o(i.main)
    STORAGE_Inquirydata_FS                   0x08007a68   Data          36  usbd_storage_if.o(.constdata)
    AHBPrescTable                            0x08007a8c   Data          16  system_stm32f1xx.o(.constdata)
    APBPrescTable                            0x08007a9c   Data           8  system_stm32f1xx.o(.constdata)
    MSC_Page00_Inquiry_Data                  0x08007aa4   Data           7  usbd_msc_data.o(.constdata)
    MSC_Mode_Sense6_data                     0x08007aab   Data           8  usbd_msc_data.o(.constdata)
    MSC_Mode_Sense10_data                    0x08007ab3   Data           8  usbd_msc_data.o(.constdata)
    Region$$Table$$Base                      0x08007abc   Number         0  anon$$obj.o(Region$$Table)
    Region$$Table$$Limit                     0x08007adc   Number         0  anon$$obj.o(Region$$Table)
    res_flash                                0x20000000   Data           1  main.o(.data)
    fnum                                     0x20000004   Data           4  main.o(.data)
    WriteBuffer                              0x20000008   Data          13  main.o(.data)
    realTime                                 0x20000015   Data           3  main.o(.data)
    USER_Driver                              0x2000001c   Data          20  user_diskio.o(.data)
    retUSER                                  0x20000030   Data           1  fatfs.o(.data)
    USERPath                                 0x20000031   Data           4  fatfs.o(.data)
    FS_Desc                                  0x20000038   Data          28  usbd_desc.o(.data)
    USBD_FS_DeviceDesc                       0x20000054   Data          18  usbd_desc.o(.data)
    USBD_LangIDDesc                          0x20000068   Data           4  usbd_desc.o(.data)
    USBD_StringSerial                        0x2000006c   Data          26  usbd_desc.o(.data)
    busy                                     0x20000088   Data           1  usbd_storage_if.o(.data)
    USBD_Storage_Interface_fops_FS           0x2000008c   Data          32  usbd_storage_if.o(.data)
    uwTick                                   0x200000ac   Data           4  stm32f1xx_hal.o(.data)
    uwTickPrio                               0x200000b0   Data           4  stm32f1xx_hal.o(.data)
    uwTickFreq                               0x200000b4   Data           1  stm32f1xx_hal.o(.data)
    SystemCoreClock                          0x200000b8   Data           4  system_stm32f1xx.o(.data)
    USBD_MSC                                 0x200000c0   Data          56  usbd_msc.o(.data)
    USBD_MSC_CfgHSDesc                       0x200000f8   Data          32  usbd_msc.o(.data)
    USBD_MSC_CfgFSDesc                       0x20000118   Data          32  usbd_msc.o(.data)
    USBD_MSC_OtherSpeedCfgDesc               0x20000138   Data          32  usbd_msc.o(.data)
    USBD_MSC_DeviceQualifierDesc             0x20000158   Data          10  usbd_msc.o(.data)
    hadc1                                    0x20000164   Data          48  adc.o(.bss)
    hi2c1                                    0x20000194   Data          84  i2c.o(.bss)
    hrtc                                     0x200001e8   Data          20  rtc.o(.bss)
    hsd                                      0x200001fc   Data         132  sdio.o(.bss)
    huart1                                   0x20000280   Data          68  usart.o(.bss)
    hUsbDeviceFS                             0x200002c4   Data         708  usb_device.o(.bss)
    USBD_StrDesc                             0x20000588   Data        2048  usbd_desc.o(.bss)
    hpcd_USB_FS                              0x20000d88   Data         748  usbd_conf.o(.bss)
    pFlash                                   0x200018e8   Data          32  stm32f1xx_hal_flash.o(.bss)
    disk                                     0x20001908   Data          12  ff_gen_drv.o(.bss)
    __initial_sp                             0x20002928   Data           0  startup_stm32f103xe.o(STACK)



==============================================================================

Memory Map of the image

  Image Entry point : 0x08000131

  Load Region LR_IROM1 (Base: 0x08000000, Size: 0x00007c40, Max: 0x00080000, ABSOLUTE, COMPRESSED[0x00007ba4])

    Execution Region ER_IROM1 (Exec base: 0x08000000, Load base: 0x08000000, Size: 0x00007adc, Max: 0x00080000, ABSOLUTE)

    Exec Addr    Load Addr    Size         Type   Attr      Idx    E Section Name        Object

    0x08000000   0x08000000   0x00000130   Data   RO            3    RESET               startup_stm32f103xe.o
    0x08000130   0x08000130   0x00000000   Code   RO         5694  * .ARM.Collect$$$$00000000  mc_w.l(entry.o)
    0x08000130   0x08000130   0x00000004   Code   RO         5966    .ARM.Collect$$$$00000001  mc_w.l(entry2.o)
    0x08000134   0x08000134   0x00000004   Code   RO         5969    .ARM.Collect$$$$00000004  mc_w.l(entry5.o)
    0x08000138   0x08000138   0x00000000   Code   RO         5971    .ARM.Collect$$$$00000008  mc_w.l(entry7b.o)
    0x08000138   0x08000138   0x00000000   Code   RO         5973    .ARM.Collect$$$$0000000A  mc_w.l(entry8b.o)
    0x08000138   0x08000138   0x00000008   Code   RO         5974    .ARM.Collect$$$$0000000B  mc_w.l(entry9a.o)
    0x08000140   0x08000140   0x00000000   Code   RO         5976    .ARM.Collect$$$$0000000D  mc_w.l(entry10a.o)
    0x08000140   0x08000140   0x00000000   Code   RO         5978    .ARM.Collect$$$$0000000F  mc_w.l(entry11a.o)
    0x08000140   0x08000140   0x00000004   Code   RO         5967    .ARM.Collect$$$$00002712  mc_w.l(entry2.o)
    0x08000144   0x08000144   0x00000024   Code   RO            4    .text               startup_stm32f103xe.o
    0x08000168   0x08000168   0x00000020   Code   RO         5697    .text               mc_w.l(llushr.o)
    0x08000188   0x08000188   0x00000024   Code   RO         5699    .text               mc_w.l(memcpya.o)
    0x080001ac   0x080001ac   0x00000024   Code   RO         5701    .text               mc_w.l(memseta.o)
    0x080001d0   0x080001d0   0x00000024   Code   RO         5996    .text               mc_w.l(init.o)
    0x080001f4   0x080001f4   0x00000056   Code   RO         6012    .text               mc_w.l(__dczerorl2.o)
    0x0800024a   0x0800024a   0x0000005c   Code   RO         2604    i.ADC_ConversionStop_Disable  stm32f1xx_hal_adc.o
    0x080002a6   0x080002a6   0x00000004   Code   RO          482    i.BusFault_Handler  stm32f1xx_it.o
    0x080002aa   0x080002aa   0x00000002   Code   RO          483    i.DebugMon_Handler  stm32f1xx_it.o
    0x080002ac   0x080002ac   0x00000006   Code   RO           13    i.Error_Handler     main.o
    0x080002b2   0x080002b2   0x00000012   Code   RO         5003    i.FATFS_LinkDriver  ff_gen_drv.o
    0x080002c4   0x080002c4   0x00000054   Code   RO         5004    i.FATFS_LinkDriverEx  ff_gen_drv.o
    0x08000318   0x08000318   0x00000028   Code   RO         2426    i.FLASH_MassErase   stm32f1xx_hal_flash_ex.o
    0x08000340   0x08000340   0x00000028   Code   RO         2435    i.FLASH_PageErase   stm32f1xx_hal_flash_ex.o
    0x08000368   0x08000368   0x00000020   Code   RO         2323    i.FLASH_Program_HalfWord  stm32f1xx_hal_flash.o
    0x08000388   0x08000388   0x00000084   Code   RO         2324    i.FLASH_SetErrorCode  stm32f1xx_hal_flash.o
    0x0800040c   0x0800040c   0x00000070   Code   RO         2325    i.FLASH_WaitForLastOperation  stm32f1xx_hal_flash.o
    0x0800047c   0x0800047c   0x00000028   Code   RO         5663    i.Flash_Read        flash.o
    0x080004a4   0x080004a4   0x00000064   Code   RO         5664    i.Flash_Write       flash.o
    0x08000508   0x08000508   0x00000034   Code   RO          746    i.Get_SerialNum     usbd_desc.o
    0x0800053c   0x0800053c   0x00000160   Code   RO         2610    i.HAL_ADC_ConfigChannel  stm32f1xx_hal_adc.o
    0x0800069c   0x0800069c   0x00000160   Code   RO         2619    i.HAL_ADC_Init      stm32f1xx_hal_adc.o
    0x080007fc   0x080007fc   0x00000070   Code   RO          273    i.HAL_ADC_MspInit   adc.o
    0x0800086c   0x0800086c   0x00000028   Code   RO         1605    i.HAL_Delay         stm32f1xx_hal.o
    0x08000894   0x08000894   0x000000b0   Code   RO         2436    i.HAL_FLASHEx_Erase  stm32f1xx_hal_flash_ex.o
    0x08000944   0x08000944   0x00000014   Code   RO         2329    i.HAL_FLASH_Lock    stm32f1xx_hal_flash.o
    0x08000958   0x08000958   0x000000b0   Code   RO         2334    i.HAL_FLASH_Program  stm32f1xx_hal_flash.o
    0x08000a08   0x08000a08   0x00000030   Code   RO         2336    i.HAL_FLASH_Unlock  stm32f1xx_hal_flash.o
    0x08000a38   0x08000a38   0x00000340   Code   RO         1918    i.HAL_GPIO_Init     stm32f1xx_hal_gpio.o
    0x08000d78   0x08000d78   0x00000014   Code   RO         1921    i.HAL_GPIO_TogglePin  stm32f1xx_hal_gpio.o
    0x08000d8c   0x08000d8c   0x0000000c   Code   RO         1922    i.HAL_GPIO_WritePin  stm32f1xx_hal_gpio.o
    0x08000d98   0x08000d98   0x0000000c   Code   RO         1609    i.HAL_GetTick       stm32f1xx_hal.o
    0x08000da4   0x08000da4   0x000001d0   Code   RO         2891    i.HAL_I2C_Init      stm32f1xx_hal_i2c.o
    0x08000f74   0x08000f74   0x00000074   Code   RO          315    i.HAL_I2C_MspInit   i2c.o
    0x08000fe8   0x08000fe8   0x00000018   Code   RO         1615    i.HAL_IncTick       stm32f1xx_hal.o
    0x08001000   0x08001000   0x00000028   Code   RO         1616    i.HAL_Init          stm32f1xx_hal.o
    0x08001028   0x08001028   0x0000004c   Code   RO         1617    i.HAL_InitTick      stm32f1xx_hal.o
    0x08001074   0x08001074   0x00000054   Code   RO          570    i.HAL_MspInit       stm32f1xx_hal_msp.o
    0x080010c8   0x080010c8   0x00000020   Code   RO         2078    i.HAL_NVIC_EnableIRQ  stm32f1xx_hal_cortex.o
    0x080010e8   0x080010e8   0x0000007c   Code   RO         2084    i.HAL_NVIC_SetPriority  stm32f1xx_hal_cortex.o
    0x08001164   0x08001164   0x00000028   Code   RO         2085    i.HAL_NVIC_SetPriorityGrouping  stm32f1xx_hal_cortex.o
    0x0800118c   0x0800118c   0x00000044   Code   RO         1378    i.HAL_PCDEx_PMAConfig  stm32f1xx_hal_pcd_ex.o
    0x080011d0   0x080011d0   0x00000002   Code   RO          897    i.HAL_PCDEx_SetConnectionState  usbd_conf.o
    0x080011d2   0x080011d2   0x00000020   Code   RO          899    i.HAL_PCD_DataInStageCallback  usbd_conf.o
    0x080011f2   0x080011f2   0x00000020   Code   RO          900    i.HAL_PCD_DataOutStageCallback  usbd_conf.o
    0x08001212   0x08001212   0x0000006a   Code   RO         1154    i.HAL_PCD_EP_Close  stm32f1xx_hal_pcd.o
    0x0800127c   0x0800127c   0x0000007c   Code   RO         1155    i.HAL_PCD_EP_ClrStall  stm32f1xx_hal_pcd.o
    0x080012f8   0x080012f8   0x00000158   Code   RO         1156    i.HAL_PCD_EP_DB_Receive  stm32f1xx_hal_pcd.o
    0x08001450   0x08001450   0x00000528   Code   RO         1157    i.HAL_PCD_EP_DB_Transmit  stm32f1xx_hal_pcd.o
    0x08001978   0x08001978   0x00000044   Code   RO         1158    i.HAL_PCD_EP_Flush  stm32f1xx_hal_pcd.o
    0x080019bc   0x080019bc   0x00000016   Code   RO         1159    i.HAL_PCD_EP_GetRxCount  stm32f1xx_hal_pcd.o
    0x080019d2   0x080019d2   0x0000008c   Code   RO         1160    i.HAL_PCD_EP_Open   stm32f1xx_hal_pcd.o
    0x08001a5e   0x08001a5e   0x0000004c   Code   RO         1161    i.HAL_PCD_EP_Receive  stm32f1xx_hal_pcd.o
    0x08001aaa   0x08001aaa   0x00000088   Code   RO         1162    i.HAL_PCD_EP_SetStall  stm32f1xx_hal_pcd.o
    0x08001b32   0x08001b32   0x00000056   Code   RO         1163    i.HAL_PCD_EP_Transmit  stm32f1xx_hal_pcd.o
    0x08001b88   0x08001b88   0x000001e2   Code   RO         1165    i.HAL_PCD_IRQHandler  stm32f1xx_hal_pcd.o
    0x08001d6a   0x08001d6a   0x00000158   Code   RO         1168    i.HAL_PCD_Init      stm32f1xx_hal_pcd.o
    0x08001ec2   0x08001ec2   0x00000002   PAD
    0x08001ec4   0x08001ec4   0x00000054   Code   RO          905    i.HAL_PCD_MspInit   usbd_conf.o
    0x08001f18   0x08001f18   0x00000024   Code   RO          906    i.HAL_PCD_ResetCallback  usbd_conf.o
    0x08001f3c   0x08001f3c   0x0000000e   Code   RO          907    i.HAL_PCD_ResumeCallback  usbd_conf.o
    0x08001f4a   0x08001f4a   0x0000000e   Code   RO          908    i.HAL_PCD_SOFCallback  usbd_conf.o
    0x08001f58   0x08001f58   0x00000036   Code   RO         1174    i.HAL_PCD_SetAddress  stm32f1xx_hal_pcd.o
    0x08001f8e   0x08001f8e   0x00000012   Code   RO          909    i.HAL_PCD_SetupStageCallback  usbd_conf.o
    0x08001fa0   0x08001fa0   0x0000003c   Code   RO         1176    i.HAL_PCD_Start     stm32f1xx_hal_pcd.o
    0x08001fdc   0x08001fdc   0x00000024   Code   RO          910    i.HAL_PCD_SuspendCallback  usbd_conf.o
    0x08002000   0x08002000   0x0000000c   Code   RO         2205    i.HAL_PWR_EnableBkUpAccess  stm32f1xx_hal_pwr.o
    0x0800200c   0x0800200c   0x00000134   Code   RO         1880    i.HAL_RCCEx_GetPeriphCLKFreq  stm32f1xx_hal_rcc_ex.o
    0x08002140   0x08002140   0x00000130   Code   RO         1881    i.HAL_RCCEx_PeriphCLKConfig  stm32f1xx_hal_rcc_ex.o
    0x08002270   0x08002270   0x0000018c   Code   RO         1773    i.HAL_RCC_ClockConfig  stm32f1xx_hal_rcc.o
    0x080023fc   0x080023fc   0x0000000c   Code   RO         1778    i.HAL_RCC_GetHCLKFreq  stm32f1xx_hal_rcc.o
    0x08002408   0x08002408   0x00000020   Code   RO         1780    i.HAL_RCC_GetPCLK1Freq  stm32f1xx_hal_rcc.o
    0x08002428   0x08002428   0x00000020   Code   RO         1781    i.HAL_RCC_GetPCLK2Freq  stm32f1xx_hal_rcc.o
    0x08002448   0x08002448   0x00000094   Code   RO         1782    i.HAL_RCC_GetSysClockFreq  stm32f1xx_hal_rcc.o
    0x080024dc   0x080024dc   0x00000464   Code   RO         1785    i.HAL_RCC_OscConfig  stm32f1xx_hal_rcc.o
    0x08002940   0x08002940   0x00000104   Code   RO         3359    i.HAL_RTC_GetTime   stm32f1xx_hal_rtc.o
    0x08002a44   0x08002a44   0x000000d0   Code   RO         3360    i.HAL_RTC_Init      stm32f1xx_hal_rtc.o
    0x08002b14   0x08002b14   0x00000040   Code   RO          357    i.HAL_RTC_MspInit   rtc.o
    0x08002b54   0x08002b54   0x00000040   Code   RO         3368    i.HAL_RTC_WaitForSynchro  stm32f1xx_hal_rtc.o
    0x08002b94   0x08002b94   0x000000c8   Code   RO         3914    i.HAL_SD_ConfigWideBusOperation  stm32f1xx_hal_sd.o
    0x08002c5c   0x08002c5c   0x000001c8   Code   RO         3919    i.HAL_SD_GetCardCSD  stm32f1xx_hal_sd.o
    0x08002e24   0x08002e24   0x0000003c   Code   RO         3926    i.HAL_SD_Init       stm32f1xx_hal_sd.o
    0x08002e60   0x08002e60   0x000000ac   Code   RO         3927    i.HAL_SD_InitCard   stm32f1xx_hal_sd.o
    0x08002f0c   0x08002f0c   0x000000a8   Code   RO          399    i.HAL_SD_MspInit    sdio.o
    0x08002fb4   0x08002fb4   0x00000034   Code   RO         2089    i.HAL_SYSTICK_Config  stm32f1xx_hal_cortex.o
    0x08002fe8   0x08002fe8   0x00000072   Code   RO         4231    i.HAL_UART_Init     stm32f1xx_hal_uart.o
    0x0800305a   0x0800305a   0x00000002   PAD
    0x0800305c   0x0800305c   0x00000088   Code   RO          441    i.HAL_UART_MspInit  usart.o
    0x080030e4   0x080030e4   0x00000004   Code   RO          484    i.HardFault_Handler  stm32f1xx_it.o
    0x080030e8   0x080030e8   0x0000003e   Code   RO          747    i.IntToUnicode      usbd_desc.o
    0x08003126   0x08003126   0x00000042   Code   RO         5460    i.MSC_BOT_Abort     usbd_msc_bot.o
    0x08003168   0x08003168   0x000000e0   Code   RO         5461    i.MSC_BOT_CBW_Decode  usbd_msc_bot.o
    0x08003248   0x08003248   0x0000003c   Code   RO         5462    i.MSC_BOT_CplClrFeature  usbd_msc_bot.o
    0x08003284   0x08003284   0x0000004a   Code   RO         5463    i.MSC_BOT_DataIn    usbd_msc_bot.o
    0x080032ce   0x080032ce   0x00000040   Code   RO         5464    i.MSC_BOT_DataOut   usbd_msc_bot.o
    0x0800330e   0x0800330e   0x0000000a   Code   RO         5465    i.MSC_BOT_DeInit    usbd_msc_bot.o
    0x08003318   0x08003318   0x00000040   Code   RO         5466    i.MSC_BOT_Init      usbd_msc_bot.o
    0x08003358   0x08003358   0x00000020   Code   RO         5467    i.MSC_BOT_Reset     usbd_msc_bot.o
    0x08003378   0x08003378   0x0000003c   Code   RO         5468    i.MSC_BOT_SendCSW   usbd_msc_bot.o
    0x080033b4   0x080033b4   0x0000004e   Code   RO         5469    i.MSC_BOT_SendData  usbd_msc_bot.o
    0x08003402   0x08003402   0x00000002   PAD
    0x08003404   0x08003404   0x0000005c   Code   RO          274    i.MX_ADC1_Init      adc.o
    0x08003460   0x08003460   0x0000001c   Code   RO          654    i.MX_FATFS_Init     fatfs.o
    0x0800347c   0x0800347c   0x000000e8   Code   RO          248    i.MX_GPIO_Init      gpio.o
    0x08003564   0x08003564   0x0000003c   Code   RO          316    i.MX_I2C1_Init      i2c.o
    0x080035a0   0x080035a0   0x0000002c   Code   RO          358    i.MX_RTC_Init       rtc.o
    0x080035cc   0x080035cc   0x00000040   Code   RO          400    i.MX_SDIO_SD_Init   sdio.o
    0x0800360c   0x0800360c   0x00000038   Code   RO          442    i.MX_USART1_UART_Init  usart.o
    0x08003644   0x08003644   0x0000004c   Code   RO          691    i.MX_USB_DEVICE_Init  usb_device.o
    0x08003690   0x08003690   0x00000004   Code   RO          485    i.MemManage_Handler  stm32f1xx_it.o
    0x08003694   0x08003694   0x00000004   Code   RO          486    i.NMI_Handler       stm32f1xx_it.o
    0x08003698   0x08003698   0x000003f2   Code   RO         1180    i.PCD_EP_ISR_Handler  stm32f1xx_hal_pcd.o
    0x08003a8a   0x08003a8a   0x00000002   Code   RO          487    i.PendSV_Handler    stm32f1xx_it.o
    0x08003a8c   0x08003a8c   0x00000028   Code   RO         1786    i.RCC_Delay         stm32f1xx_hal_rcc.o
    0x08003ab4   0x08003ab4   0x0000001a   Code   RO         3370    i.RTC_ByteToBcd2    stm32f1xx_hal_rtc.o
    0x08003ace   0x08003ace   0x000000b6   Code   RO         3371    i.RTC_DateUpdate    stm32f1xx_hal_rtc.o
    0x08003b84   0x08003b84   0x0000003a   Code   RO         3372    i.RTC_EnterInitMode  stm32f1xx_hal_rtc.o
    0x08003bbe   0x08003bbe   0x0000003a   Code   RO         3373    i.RTC_ExitInitMode  stm32f1xx_hal_rtc.o
    0x08003bf8   0x08003bf8   0x00000032   Code   RO         3374    i.RTC_IsLeapYear    stm32f1xx_hal_rtc.o
    0x08003c2a   0x08003c2a   0x00000018   Code   RO         3375    i.RTC_ReadAlarmCounter  stm32f1xx_hal_rtc.o
    0x08003c42   0x08003c42   0x00000034   Code   RO         3376    i.RTC_ReadTimeCounter  stm32f1xx_hal_rtc.o
    0x08003c76   0x08003c76   0x00000084   Code   RO         3377    i.RTC_WeekDayNum    stm32f1xx_hal_rtc.o
    0x08003cfa   0x08003cfa   0x0000002e   Code   RO         3378    i.RTC_WriteAlarmCounter  stm32f1xx_hal_rtc.o
    0x08003d28   0x08003d28   0x0000002e   Code   RO         3379    i.RTC_WriteTimeCounter  stm32f1xx_hal_rtc.o
    0x08003d56   0x08003d56   0x00000032   Code   RO         5559    i.SCSI_CheckAddressRange  usbd_msc_scsi.o
    0x08003d88   0x08003d88   0x00000064   Code   RO         5560    i.SCSI_Inquiry      usbd_msc_scsi.o
    0x08003dec   0x08003dec   0x0000002c   Code   RO         5561    i.SCSI_ModeSense10  usbd_msc_scsi.o
    0x08003e18   0x08003e18   0x0000002c   Code   RO         5562    i.SCSI_ModeSense6   usbd_msc_scsi.o
    0x08003e44   0x08003e44   0x000000ee   Code   RO         5563    i.SCSI_ProcessCmd   usbd_msc_scsi.o
    0x08003f32   0x08003f32   0x000000b0   Code   RO         5564    i.SCSI_ProcessRead  usbd_msc_scsi.o
    0x08003fe2   0x08003fe2   0x000000d8   Code   RO         5565    i.SCSI_ProcessWrite  usbd_msc_scsi.o
    0x080040ba   0x080040ba   0x000000d2   Code   RO         5566    i.SCSI_Read10       usbd_msc_scsi.o
    0x0800418c   0x0800418c   0x00000080   Code   RO         5567    i.SCSI_ReadCapacity10  usbd_msc_scsi.o
    0x0800420c   0x0800420c   0x0000008a   Code   RO         5568    i.SCSI_ReadFormatCapacity  usbd_msc_scsi.o
    0x08004296   0x08004296   0x00000086   Code   RO         5569    i.SCSI_RequestSense  usbd_msc_scsi.o
    0x0800431c   0x0800431c   0x00000040   Code   RO         5570    i.SCSI_SenseCode    usbd_msc_scsi.o
    0x0800435c   0x0800435c   0x00000010   Code   RO         5571    i.SCSI_StartStopUnit  usbd_msc_scsi.o
    0x0800436c   0x0800436c   0x00000056   Code   RO         5572    i.SCSI_TestUnitReady  usbd_msc_scsi.o
    0x080043c2   0x080043c2   0x0000004c   Code   RO         5573    i.SCSI_Verify10     usbd_msc_scsi.o
    0x0800440e   0x0800440e   0x00000112   Code   RO         5574    i.SCSI_Write10      usbd_msc_scsi.o
    0x08004520   0x08004520   0x0000002c   Code   RO         3629    i.SDIO_ConfigData   stm32f1xx_ll_sdmmc.o
    0x0800454c   0x0800454c   0x00000008   Code   RO         3630    i.SDIO_GetCommandResponse  stm32f1xx_ll_sdmmc.o
    0x08004554   0x08004554   0x0000000a   Code   RO         3633    i.SDIO_GetPowerState  stm32f1xx_ll_sdmmc.o
    0x0800455e   0x0800455e   0x0000000c   Code   RO         3634    i.SDIO_GetResponse  stm32f1xx_ll_sdmmc.o
    0x0800456a   0x0800456a   0x00000034   Code   RO         3635    i.SDIO_Init         stm32f1xx_ll_sdmmc.o
    0x0800459e   0x0800459e   0x00000012   Code   RO         3637    i.SDIO_PowerState_ON  stm32f1xx_ll_sdmmc.o
    0x080045b0   0x080045b0   0x00000008   Code   RO         3638    i.SDIO_ReadFIFO     stm32f1xx_ll_sdmmc.o
    0x080045b8   0x080045b8   0x00000028   Code   RO         3639    i.SDIO_SendCommand  stm32f1xx_ll_sdmmc.o
    0x080045e0   0x080045e0   0x00000038   Code   RO         3642    i.SDMMC_CmdAppCommand  stm32f1xx_ll_sdmmc.o
    0x08004618   0x08004618   0x0000003c   Code   RO         3643    i.SDMMC_CmdAppOperCommand  stm32f1xx_ll_sdmmc.o
    0x08004654   0x08004654   0x00000038   Code   RO         3644    i.SDMMC_CmdBlockLength  stm32f1xx_ll_sdmmc.o
    0x0800468c   0x0800468c   0x00000038   Code   RO         3645    i.SDMMC_CmdBusWidth  stm32f1xx_ll_sdmmc.o
    0x080046c4   0x080046c4   0x0000002c   Code   RO         3649    i.SDMMC_CmdGoIdleState  stm32f1xx_ll_sdmmc.o
    0x080046f0   0x080046f0   0x00000034   Code   RO         3651    i.SDMMC_CmdOperCond  stm32f1xx_ll_sdmmc.o
    0x08004724   0x08004724   0x0000003a   Code   RO         3656    i.SDMMC_CmdSelDesel  stm32f1xx_ll_sdmmc.o
    0x0800475e   0x0800475e   0x00000032   Code   RO         3657    i.SDMMC_CmdSendCID  stm32f1xx_ll_sdmmc.o
    0x08004790   0x08004790   0x00000032   Code   RO         3658    i.SDMMC_CmdSendCSD  stm32f1xx_ll_sdmmc.o
    0x080047c2   0x080047c2   0x00000038   Code   RO         3660    i.SDMMC_CmdSendSCR  stm32f1xx_ll_sdmmc.o
    0x080047fa   0x080047fa   0x00000038   Code   RO         3662    i.SDMMC_CmdSetRelAdd  stm32f1xx_ll_sdmmc.o
    0x08004832   0x08004832   0x00000002   PAD
    0x08004834   0x08004834   0x00000040   Code   RO         3668    i.SDMMC_GetCmdError  stm32f1xx_ll_sdmmc.o
    0x08004874   0x08004874   0x000001ac   Code   RO         3669    i.SDMMC_GetCmdResp1  stm32f1xx_ll_sdmmc.o
    0x08004a20   0x08004a20   0x00000064   Code   RO         3670    i.SDMMC_GetCmdResp2  stm32f1xx_ll_sdmmc.o
    0x08004a84   0x08004a84   0x00000058   Code   RO         3671    i.SDMMC_GetCmdResp3  stm32f1xx_ll_sdmmc.o
    0x08004adc   0x08004adc   0x000000b8   Code   RO         3672    i.SDMMC_GetCmdResp6  stm32f1xx_ll_sdmmc.o
    0x08004b94   0x08004b94   0x0000006c   Code   RO         3673    i.SDMMC_GetCmdResp7  stm32f1xx_ll_sdmmc.o
    0x08004c00   0x08004c00   0x00000142   Code   RO         3943    i.SD_FindSCR        stm32f1xx_hal_sd.o
    0x08004d42   0x08004d42   0x00000102   Code   RO         3944    i.SD_InitCard       stm32f1xx_hal_sd.o
    0x08004e44   0x08004e44   0x000000cc   Code   RO         3946    i.SD_PowerON        stm32f1xx_hal_sd.o
    0x08004f10   0x08004f10   0x00000068   Code   RO         3950    i.SD_WideBus_Disable  stm32f1xx_hal_sd.o
    0x08004f78   0x08004f78   0x00000068   Code   RO         3951    i.SD_WideBus_Enable  stm32f1xx_hal_sd.o
    0x08004fe0   0x08004fe0   0x00000010   Code   RO          836    i.STORAGE_GetCapacity_FS  usbd_storage_if.o
    0x08004ff0   0x08004ff0   0x00000004   Code   RO          837    i.STORAGE_GetMaxLun_FS  usbd_storage_if.o
    0x08004ff4   0x08004ff4   0x00000006   Code   RO          838    i.STORAGE_Init_FS   usbd_storage_if.o
    0x08004ffa   0x08004ffa   0x00000002   PAD
    0x08004ffc   0x08004ffc   0x00000010   Code   RO          839    i.STORAGE_IsReady_FS  usbd_storage_if.o
    0x0800500c   0x0800500c   0x00000006   Code   RO          840    i.STORAGE_IsWriteProtected_FS  usbd_storage_if.o
    0x08005012   0x08005012   0x00000002   PAD
    0x08005014   0x08005014   0x0000002c   Code   RO          841    i.STORAGE_Read_FS   usbd_storage_if.o
    0x08005040   0x08005040   0x00000030   Code   RO          842    i.STORAGE_Write_FS  usbd_storage_if.o
    0x08005070   0x08005070   0x00000002   Code   RO          488    i.SVC_Handler       stm32f1xx_it.o
    0x08005072   0x08005072   0x00000008   Code   RO          489    i.SysTick_Handler   stm32f1xx_it.o
    0x0800507a   0x0800507a   0x00000090   Code   RO           15    i.SystemClock_Config  main.o
    0x0800510a   0x0800510a   0x00000002   Code   RO         4570    i.SystemInit        system_stm32f1xx.o
    0x0800510c   0x0800510c   0x000000fc   Code   RO         4258    i.UART_SetConfig    stm32f1xx_hal_uart.o
    0x08005208   0x08005208   0x00000016   Code   RO         5083    i.USBD_ClrClassConfig  usbd_core.o
    0x0800521e   0x0800521e   0x0000003e   Code   RO         5221    i.USBD_ClrFeature   usbd_ctlreq.o
    0x0800525c   0x0800525c   0x00000018   Code   RO         5316    i.USBD_CtlContinueRx  usbd_ioreq.o
    0x08005274   0x08005274   0x00000018   Code   RO         5317    i.USBD_CtlContinueSendData  usbd_ioreq.o
    0x0800528c   0x0800528c   0x00000018   Code   RO         5222    i.USBD_CtlError     usbd_ctlreq.o
    0x080052a4   0x080052a4   0x0000001a   Code   RO         5319    i.USBD_CtlReceiveStatus  usbd_ioreq.o
    0x080052be   0x080052be   0x00000022   Code   RO         5320    i.USBD_CtlSendData  usbd_ioreq.o
    0x080052e0   0x080052e0   0x0000001a   Code   RO         5321    i.USBD_CtlSendStatus  usbd_ioreq.o
    0x080052fa   0x080052fa   0x00000002   PAD
    0x080052fc   0x080052fc   0x00000034   Code   RO          748    i.USBD_FS_ConfigStrDescriptor  usbd_desc.o
    0x08005330   0x08005330   0x00000010   Code   RO          749    i.USBD_FS_DeviceDescriptor  usbd_desc.o
    0x08005340   0x08005340   0x00000038   Code   RO          750    i.USBD_FS_InterfaceStrDescriptor  usbd_desc.o
    0x08005378   0x08005378   0x00000010   Code   RO          751    i.USBD_FS_LangIDStrDescriptor  usbd_desc.o
    0x08005388   0x08005388   0x0000002c   Code   RO          752    i.USBD_FS_ManufacturerStrDescriptor  usbd_desc.o
    0x080053b4   0x080053b4   0x0000003c   Code   RO          753    i.USBD_FS_ProductStrDescriptor  usbd_desc.o
    0x080053f0   0x080053f0   0x00000018   Code   RO          754    i.USBD_FS_SerialStrDescriptor  usbd_desc.o
    0x08005408   0x08005408   0x00000056   Code   RO         5223    i.USBD_GetConfig    usbd_ctlreq.o
    0x0800545e   0x0800545e   0x000001f4   Code   RO         5224    i.USBD_GetDescriptor  usbd_ctlreq.o
    0x08005652   0x08005652   0x00000014   Code   RO         5225    i.USBD_GetLen       usbd_ctlreq.o
    0x08005666   0x08005666   0x0000005a   Code   RO         5226    i.USBD_GetStatus    usbd_ctlreq.o
    0x080056c0   0x080056c0   0x00000052   Code   RO         5227    i.USBD_GetString    usbd_ctlreq.o
    0x08005712   0x08005712   0x0000002c   Code   RO          911    i.USBD_Get_USB_Status  usbd_conf.o
    0x0800573e   0x0800573e   0x00000032   Code   RO         5085    i.USBD_Init         usbd_core.o
    0x08005770   0x08005770   0x00000026   Code   RO          912    i.USBD_LL_ClearStallEP  usbd_conf.o
    0x08005796   0x08005796   0x00000026   Code   RO          913    i.USBD_LL_CloseEP   usbd_conf.o
    0x080057bc   0x080057bc   0x00000100   Code   RO         5086    i.USBD_LL_DataInStage  usbd_core.o
    0x080058bc   0x080058bc   0x000000a6   Code   RO         5087    i.USBD_LL_DataOutStage  usbd_core.o
    0x08005962   0x08005962   0x00000026   Code   RO          916    i.USBD_LL_FlushEP   usbd_conf.o
    0x08005988   0x08005988   0x00000012   Code   RO          917    i.USBD_LL_GetRxDataSize  usbd_conf.o
    0x0800599a   0x0800599a   0x00000002   PAD
    0x0800599c   0x0800599c   0x00000074   Code   RO          918    i.USBD_LL_Init      usbd_conf.o
    0x08005a10   0x08005a10   0x00000038   Code   RO          919    i.USBD_LL_IsStallEP  usbd_conf.o
    0x08005a48   0x08005a48   0x00000030   Code   RO          920    i.USBD_LL_OpenEP    usbd_conf.o
    0x08005a78   0x08005a78   0x00000030   Code   RO          921    i.USBD_LL_PrepareReceive  usbd_conf.o
    0x08005aa8   0x08005aa8   0x0000005c   Code   RO         5092    i.USBD_LL_Reset     usbd_core.o
    0x08005b04   0x08005b04   0x00000016   Code   RO         5093    i.USBD_LL_Resume    usbd_core.o
    0x08005b1a   0x08005b1a   0x00000022   Code   RO         5094    i.USBD_LL_SOF       usbd_core.o
    0x08005b3c   0x08005b3c   0x00000008   Code   RO         5095    i.USBD_LL_SetSpeed  usbd_core.o
    0x08005b44   0x08005b44   0x00000026   Code   RO          922    i.USBD_LL_SetUSBAddress  usbd_conf.o
    0x08005b6a   0x08005b6a   0x0000006e   Code   RO         5096    i.USBD_LL_SetupStage  usbd_core.o
    0x08005bd8   0x08005bd8   0x00000026   Code   RO          923    i.USBD_LL_StallEP   usbd_conf.o
    0x08005bfe   0x08005bfe   0x0000001e   Code   RO          924    i.USBD_LL_Start     usbd_conf.o
    0x08005c1c   0x08005c1c   0x00000014   Code   RO         5097    i.USBD_LL_Suspend   usbd_core.o
    0x08005c30   0x08005c30   0x00000030   Code   RO          926    i.USBD_LL_Transmit  usbd_conf.o
    0x08005c60   0x08005c60   0x00000012   Code   RO         5376    i.USBD_MSC_DataIn   usbd_msc.o
    0x08005c72   0x08005c72   0x00000012   Code   RO         5377    i.USBD_MSC_DataOut  usbd_msc.o
    0x08005c84   0x08005c84   0x0000003e   Code   RO         5378    i.USBD_MSC_DeInit   usbd_msc.o
    0x08005cc2   0x08005cc2   0x00000002   PAD
    0x08005cc4   0x08005cc4   0x00000010   Code   RO         5379    i.USBD_MSC_GetDeviceQualifierDescriptor  usbd_msc.o
    0x08005cd4   0x08005cd4   0x00000010   Code   RO         5380    i.USBD_MSC_GetFSCfgDesc  usbd_msc.o
    0x08005ce4   0x08005ce4   0x00000010   Code   RO         5381    i.USBD_MSC_GetHSCfgDesc  usbd_msc.o
    0x08005cf4   0x08005cf4   0x00000010   Code   RO         5382    i.USBD_MSC_GetOtherSpeedCfgDesc  usbd_msc.o
    0x08005d04   0x08005d04   0x00000072   Code   RO         5383    i.USBD_MSC_Init     usbd_msc.o
    0x08005d76   0x08005d76   0x0000000c   Code   RO         5384    i.USBD_MSC_RegisterStorage  usbd_msc.o
    0x08005d82   0x08005d82   0x000001c4   Code   RO         5385    i.USBD_MSC_Setup    usbd_msc.o
    0x08005f46   0x08005f46   0x00000028   Code   RO         5228    i.USBD_ParseSetupRequest  usbd_ctlreq.o
    0x08005f6e   0x08005f6e   0x00000010   Code   RO         5098    i.USBD_RegisterClass  usbd_core.o
    0x08005f7e   0x08005f7e   0x00000006   Code   RO         5099    i.USBD_RunTestMode  usbd_core.o
    0x08005f84   0x08005f84   0x0000005a   Code   RO         5229    i.USBD_SetAddress   usbd_ctlreq.o
    0x08005fde   0x08005fde   0x00000022   Code   RO         5100    i.USBD_SetClassConfig  usbd_core.o
    0x08006000   0x08006000   0x000000e8   Code   RO         5230    i.USBD_SetConfig    usbd_ctlreq.o
    0x080060e8   0x080060e8   0x00000018   Code   RO         5231    i.USBD_SetFeature   usbd_ctlreq.o
    0x08006100   0x08006100   0x0000000e   Code   RO         5101    i.USBD_Start        usbd_core.o
    0x0800610e   0x0800610e   0x000000a2   Code   RO         5232    i.USBD_StdDevReq    usbd_ctlreq.o
    0x080061b0   0x080061b0   0x00000238   Code   RO         5233    i.USBD_StdEPReq     usbd_ctlreq.o
    0x080063e8   0x080063e8   0x0000007e   Code   RO         5234    i.USBD_StdItfReq    usbd_ctlreq.o
    0x08006466   0x08006466   0x00000002   Code   RO          927    i.USBD_static_free  usbd_conf.o
    0x08006468   0x08006468   0x0000000c   Code   RO          928    i.USBD_static_malloc  usbd_conf.o
    0x08006474   0x08006474   0x0000044c   Code   RO         1418    i.USB_ActivateEndpoint  stm32f1xx_ll_usb.o
    0x080068c0   0x080068c0   0x00000008   Code   RO         1421    i.USB_CoreInit      stm32f1xx_ll_usb.o
    0x080068c8   0x080068c8   0x0000027c   Code   RO         1423    i.USB_DeactivateEndpoint  stm32f1xx_ll_usb.o
    0x08006b44   0x08006b44   0x00000006   Code   RO         1424    i.USB_DevConnect    stm32f1xx_ll_usb.o
    0x08006b4a   0x08006b4a   0x00000006   Code   RO         1425    i.USB_DevDisconnect  stm32f1xx_ll_usb.o
    0x08006b50   0x08006b50   0x00000016   Code   RO         1426    i.USB_DevInit       stm32f1xx_ll_usb.o
    0x08006b66   0x08006b66   0x00000014   Code   RO         1427    i.USB_DisableGlobalInt  stm32f1xx_ll_usb.o
    0x08006b7a   0x08006b7a   0x00000006   Code   RO         1428    i.USB_EP0_OutStart  stm32f1xx_ll_usb.o
    0x08006b80   0x08006b80   0x000000da   Code   RO         1429    i.USB_EPClearStall  stm32f1xx_ll_usb.o
    0x08006c5a   0x08006c5a   0x0000005c   Code   RO         1430    i.USB_EPSetStall    stm32f1xx_ll_usb.o
    0x08006cb6   0x08006cb6   0x00000b8a   Code   RO         1431    i.USB_EPStartXfer   stm32f1xx_ll_usb.o
    0x08007840   0x08007840   0x00000012   Code   RO         1432    i.USB_EnableGlobalInt  stm32f1xx_ll_usb.o
    0x08007852   0x08007852   0x00000006   Code   RO         1433    i.USB_FlushRxFifo   stm32f1xx_ll_usb.o
    0x08007858   0x08007858   0x00000006   Code   RO         1434    i.USB_FlushTxFifo   stm32f1xx_ll_usb.o
    0x0800785e   0x0800785e   0x00000002   PAD
    0x08007860   0x08007860   0x00000010   Code   RO          490    i.USB_HP_CAN1_TX_IRQHandler  stm32f1xx_it.o
    0x08007870   0x08007870   0x00000010   Code   RO          491    i.USB_LP_CAN1_RX0_IRQHandler  stm32f1xx_it.o
    0x08007880   0x08007880   0x00000008   Code   RO         1439    i.USB_ReadInterrupts  stm32f1xx_ll_usb.o
    0x08007888   0x08007888   0x0000004a   Code   RO         1440    i.USB_ReadPMA       stm32f1xx_ll_usb.o
    0x080078d2   0x080078d2   0x00000006   Code   RO         1441    i.USB_SetCurrentMode  stm32f1xx_ll_usb.o
    0x080078d8   0x080078d8   0x0000000e   Code   RO         1442    i.USB_SetDevAddress  stm32f1xx_ll_usb.o
    0x080078e6   0x080078e6   0x00000042   Code   RO         1444    i.USB_WritePMA      stm32f1xx_ll_usb.o
    0x08007928   0x08007928   0x00000006   Code   RO          594    i.USER_initialize   user_diskio.o
    0x0800792e   0x0800792e   0x00000038   Code   RO          595    i.USER_ioctl        user_diskio.o
    0x08007966   0x08007966   0x0000001a   Code   RO          596    i.USER_read         user_diskio.o
    0x08007980   0x08007980   0x0000001c   Code   RO          597    i.USER_status       user_diskio.o
    0x0800799c   0x0800799c   0x0000001a   Code   RO          598    i.USER_write        user_diskio.o
    0x080079b6   0x080079b6   0x00000004   Code   RO          492    i.UsageFault_Handler  stm32f1xx_it.o
    0x080079ba   0x080079ba   0x00000002   PAD
    0x080079bc   0x080079bc   0x00000010   Code   RO         2091    i.__NVIC_GetPriorityGrouping  stm32f1xx_hal_cortex.o
    0x080079cc   0x080079cc   0x00000028   Code   RO         2092    i.__NVIC_SetPriority  stm32f1xx_hal_cortex.o
    0x080079f4   0x080079f4   0x0000000e   Code   RO         6006    i.__scatterload_copy  mc_w.l(handlers.o)
    0x08007a02   0x08007a02   0x00000002   Code   RO         6007    i.__scatterload_null  mc_w.l(handlers.o)
    0x08007a04   0x08007a04   0x0000000e   Code   RO         6008    i.__scatterload_zeroinit  mc_w.l(handlers.o)
    0x08007a12   0x08007a12   0x00000002   PAD
    0x08007a14   0x08007a14   0x00000054   Code   RO           17    i.main              main.o
    0x08007a68   0x08007a68   0x00000024   Data   RO          843    .constdata          usbd_storage_if.o
    0x08007a8c   0x08007a8c   0x00000018   Data   RO         4571    .constdata          system_stm32f1xx.o
    0x08007aa4   0x08007aa4   0x00000017   Data   RO         5535    .constdata          usbd_msc_data.o
    0x08007abb   0x08007abb   0x00000001   PAD
    0x08007abc   0x08007abc   0x00000020   Data   RO         6004    Region$$Table       anon$$obj.o


    Execution Region RW_IRAM1 (Exec base: 0x20000000, Load base: 0x08007adc, Size: 0x00002928, Max: 0x00010000, ABSOLUTE, COMPRESSED[0x000000c8])

    Exec Addr    Load Addr    Size         Type   Attr      Idx    E Section Name        Object

    0x20000000   COMPRESSED   0x00000018   Data   RW           20    .data               main.o
    0x20000018   COMPRESSED   0x00000018   Data   RW          599    .data               user_diskio.o
    0x20000030   COMPRESSED   0x00000005   Data   RW          657    .data               fatfs.o
    0x20000035   COMPRESSED   0x00000003   PAD
    0x20000038   COMPRESSED   0x0000004e   Data   RW          756    .data               usbd_desc.o
    0x20000086   COMPRESSED   0x00000002   PAD
    0x20000088   COMPRESSED   0x00000024   Data   RW          844    .data               usbd_storage_if.o
    0x200000ac   COMPRESSED   0x00000009   Data   RW         1623    .data               stm32f1xx_hal.o
    0x200000b5   COMPRESSED   0x00000003   PAD
    0x200000b8   COMPRESSED   0x00000004   Data   RW         4572    .data               system_stm32f1xx.o
    0x200000bc   COMPRESSED   0x00000001   Data   RW         5235    .data               usbd_ctlreq.o
    0x200000bd   COMPRESSED   0x00000003   PAD
    0x200000c0   COMPRESSED   0x000000a2   Data   RW         5386    .data               usbd_msc.o
    0x20000162   COMPRESSED   0x00000002   PAD
    0x20000164        -       0x00000030   Zero   RW          275    .bss                adc.o
    0x20000194        -       0x00000054   Zero   RW          317    .bss                i2c.o
    0x200001e8        -       0x00000014   Zero   RW          359    .bss                rtc.o
    0x200001fc        -       0x00000084   Zero   RW          401    .bss                sdio.o
    0x20000280        -       0x00000044   Zero   RW          443    .bss                usart.o
    0x200002c4        -       0x000002c4   Zero   RW          692    .bss                usb_device.o
    0x20000588        -       0x00000800   Zero   RW          755    .bss                usbd_desc.o
    0x20000d88        -       0x00000b5c   Zero   RW          929    .bss                usbd_conf.o
    0x200018e4   COMPRESSED   0x00000004   PAD
    0x200018e8        -       0x00000020   Zero   RW         2337    .bss                stm32f1xx_hal_flash.o
    0x20001908        -       0x0000000c   Zero   RW         5007    .bss                ff_gen_drv.o
    0x20001914        -       0x00000010   Zero   RW         5665    .bss                flash.o
    0x20001924   COMPRESSED   0x00000004   PAD
    0x20001928        -       0x00001000   Zero   RW            1    STACK               startup_stm32f103xe.o


==============================================================================

Image component sizes


      Code (inc. data)   RO Data    RW Data    ZI Data      Debug   Object Name

       204         24          0          0         48       1661   adc.o
        28         12          0          5          0       1066   fatfs.o
       102          6          0          0         12       1631   ff_gen_drv.o
       140         14          0          0         16       1695   flash.o
       232         14          0          0          0       1003   gpio.o
       176         24          0          0         84       1609   i2c.o
       234         14          0         24          0     535921   main.o
       108         22          0          0         20       1491   rtc.o
       232         28          0          0        132       1681   sdio.o
        36          8        304          0       4096        804   startup_stm32f103xe.o
       192         36          0          9          0       6513   stm32f1xx_hal.o
       796         26          0          0          0       3144   stm32f1xx_hal_adc.o
       304         22          0          0          0      29423   stm32f1xx_hal_cortex.o
       520         48          0          0         32       4174   stm32f1xx_hal_flash.o
       256         26          0          0          0       2559   stm32f1xx_hal_flash_ex.o
       864         40          0          0          0       3309   stm32f1xx_hal_gpio.o
       464         18          0          0          0       2055   stm32f1xx_hal_i2c.o
        84         10          0          0          0        890   stm32f1xx_hal_msp.o
      4372          0          0          0          0      15292   stm32f1xx_hal_pcd.o
        68          0          0          0          0       1174   stm32f1xx_hal_pcd_ex.o
        12          4          0          0          0        515   stm32f1xx_hal_pwr.o
      1784        110          0          0          0       6016   stm32f1xx_hal_rcc.o
       612         46          0          0          0       2433   stm32f1xx_hal_rcc_ex.o
      1206          6          0          0          0       9630   stm32f1xx_hal_rtc.o
      1880         26          0          0          0       7876   stm32f1xx_hal_sd.o
       366          4          0          0          0       1732   stm32f1xx_hal_uart.o
        66         12          0          0          0       4899   stm32f1xx_it.o
      1758         40          0          0          0      18236   stm32f1xx_ll_sdmmc.o
      5266          0          0          0          0      20719   stm32f1xx_ll_usb.o
         2          0         24          4          0       1119   system_stm32f1xx.o
       192         24          0          0         68       1666   usart.o
        76         16          0          0        708       5989   usb_device.o
       880         30          0          0       2908      15519   usbd_conf.o
       850          0          0          0          0       9943   usbd_core.o
      2106         28          0          1          0      10692   usbd_ctlreq.o
       382        118          0         78       2048       6613   usbd_desc.o
       134          0          0          0          0       3820   usbd_ioreq.o
       740         24          0        162          0       9332   usbd_msc.o
       732         10          0          0          0       7317   usbd_msc_bot.o
         0          0         23          0          0        889   usbd_msc_data.o
      1994         14          0          0          0      13359   usbd_msc_scsi.o
       140         18         36         36          0       4760   usbd_storage_if.o
       142         10          0         24          0       3724   user_diskio.o

    ----------------------------------------------------------------------
     30754        932        420        356      10180     783893   Object Totals
         0          0         32          0          0          0   (incl. Generated)
        22          0          1         13          8          0   (incl. Padding)

    ----------------------------------------------------------------------

      Code (inc. data)   RO Data    RW Data    ZI Data      Debug   Library Member Name

        86          0          0          0          0          0   __dczerorl2.o
         0          0          0          0          0          0   entry.o
         0          0          0          0          0          0   entry10a.o
         0          0          0          0          0          0   entry11a.o
         8          4          0          0          0          0   entry2.o
         4          0          0          0          0          0   entry5.o
         0          0          0          0          0          0   entry7b.o
         0          0          0          0          0          0   entry8b.o
         8          4          0          0          0          0   entry9a.o
        30          0          0          0          0          0   handlers.o
        36          8          0          0          0         68   init.o
        32          0          0          0          0         68   llushr.o
        36          0          0          0          0         68   memcpya.o
        36          0          0          0          0        108   memseta.o

    ----------------------------------------------------------------------
       278         16          0          0          0        312   Library Totals
         2          0          0          0          0          0   (incl. Padding)

    ----------------------------------------------------------------------

      Code (inc. data)   RO Data    RW Data    ZI Data      Debug   Library Name

       276         16          0          0          0        312   mc_w.l

    ----------------------------------------------------------------------
       278         16          0          0          0        312   Library Totals

    ----------------------------------------------------------------------

==============================================================================


      Code (inc. data)   RO Data    RW Data    ZI Data      Debug   

     31032        948        420        356      10180     770709   Grand Totals
     31032        948        420        200      10180     770709   ELF Image Totals (compressed)
     31032        948        420        200          0          0   ROM Totals

==============================================================================

    Total RO  Size (Code + RO Data)                31452 (  30.71kB)
    Total RW  Size (RW Data + ZI Data)             10536 (  10.29kB)
    Total ROM Size (Code + RO Data + RW Data)      31652 (  30.91kB)

==============================================================================

