Component: ARM Compiler 5.06 update 6 (build 750) Tool: armlink [4d35ed]

==============================================================================

Section Cross References

    startup_stm32f103xg.o(RESET) refers to startup_stm32f103xg.o(STACK) for __initial_sp
    startup_stm32f103xg.o(RESET) refers to startup_stm32f103xg.o(.text) for Reset_Handler
    startup_stm32f103xg.o(RESET) refers to stm32f1xx_it.o(i.NMI_Handler) for NMI_Handler
    startup_stm32f103xg.o(RESET) refers to stm32f1xx_it.o(i.HardFault_Handler) for HardFault_Handler
    startup_stm32f103xg.o(RESET) refers to stm32f1xx_it.o(i.MemManage_Handler) for MemManage_Handler
    startup_stm32f103xg.o(RESET) refers to stm32f1xx_it.o(i.BusFault_Handler) for BusFault_Handler
    startup_stm32f103xg.o(RESET) refers to stm32f1xx_it.o(i.UsageFault_Handler) for UsageFault_Handler
    startup_stm32f103xg.o(RESET) refers to stm32f1xx_it.o(i.SVC_Handler) for SVC_Handler
    startup_stm32f103xg.o(RESET) refers to stm32f1xx_it.o(i.DebugMon_Handler) for DebugMon_Handler
    startup_stm32f103xg.o(RESET) refers to stm32f1xx_it.o(i.PendSV_Handler) for PendSV_Handler
    startup_stm32f103xg.o(RESET) refers to stm32f1xx_it.o(i.SysTick_Handler) for SysTick_Handler
    startup_stm32f103xg.o(RESET) refers to stm32f1xx_it.o(i.USB_HP_CAN1_TX_IRQHandler) for USB_HP_CAN1_TX_IRQHandler
    startup_stm32f103xg.o(RESET) refers to stm32f1xx_it.o(i.USB_LP_CAN1_RX0_IRQHandler) for USB_LP_CAN1_RX0_IRQHandler
    startup_stm32f103xg.o(RESET) refers to stm32f1xx_it.o(i.RTC_Alarm_IRQHandler) for RTC_Alarm_IRQHandler
    startup_stm32f103xg.o(.text) refers to system_stm32f1xx.o(i.SystemInit) for SystemInit
    startup_stm32f103xg.o(.text) refers to entry.o(.ARM.Collect$$$$00000000) for __main
    main.o(i.SystemClock_Config) refers to memseta.o(.text) for __aeabi_memclr4
    main.o(i.SystemClock_Config) refers to stm32f1xx_hal_rcc.o(i.HAL_RCC_OscConfig) for HAL_RCC_OscConfig
    main.o(i.SystemClock_Config) refers to main.o(i.Error_Handler) for Error_Handler
    main.o(i.SystemClock_Config) refers to stm32f1xx_hal_rcc.o(i.HAL_RCC_ClockConfig) for HAL_RCC_ClockConfig
    main.o(i.SystemClock_Config) refers to stm32f1xx_hal_rcc_ex.o(i.HAL_RCCEx_PeriphCLKConfig) for HAL_RCCEx_PeriphCLKConfig
    main.o(i.fs_write) refers to ff.o(i.f_mount) for f_mount
    main.o(i.fs_write) refers to ff.o(i.f_mkfs) for f_mkfs
    main.o(i.fs_write) refers to myrtc.o(i.RTC_Get) for RTC_Get
    main.o(i.fs_write) refers to memseta.o(.text) for __aeabi_memclr4
    main.o(i.fs_write) refers to printfa.o(i.__0sprintf) for __2sprintf
    main.o(i.fs_write) refers to ff.o(i.f_open) for f_open
    main.o(i.fs_write) refers to main.o(i.getsize) for getsize
    main.o(i.fs_write) refers to ff.o(i.f_write) for f_write
    main.o(i.fs_write) refers to printfa.o(i.__0printf) for __2printf
    main.o(i.fs_write) refers to ff.o(i.f_lseek) for f_lseek
    main.o(i.fs_write) refers to f2d.o(.text) for __aeabi_f2d
    main.o(i.fs_write) refers to ff.o(i.f_close) for f_close
    main.o(i.fs_write) refers to main.o(.data) for path
    main.o(i.fs_write) refers to main.o(.bss) for fs
    main.o(i.fs_write) refers to myrtc.o(.bss) for calendar
    main.o(i.loop) refers to myrtc.o(i.RTC_Get) for RTC_Get
    main.o(i.loop) refers to main.o(i.read_sensor) for read_sensor
    main.o(i.loop) refers to stm32f1xx_hal_gpio.o(i.HAL_GPIO_TogglePin) for HAL_GPIO_TogglePin
    main.o(i.loop) refers to stm32f1xx_hal.o(i.HAL_Delay) for HAL_Delay
    main.o(i.loop) refers to printfa.o(i.__0printf) for __2printf
    main.o(i.loop) refers to main.o(.data) for rtc_cnt
    main.o(i.main) refers to stm32f1xx_hal.o(i.HAL_Init) for HAL_Init
    main.o(i.main) refers to main.o(i.SystemClock_Config) for SystemClock_Config
    main.o(i.main) refers to gpio.o(i.MX_GPIO_Init) for MX_GPIO_Init
    main.o(i.main) refers to adc.o(i.MX_ADC1_Init) for MX_ADC1_Init
    main.o(i.main) refers to i2c.o(i.MX_I2C1_Init) for MX_I2C1_Init
    main.o(i.main) refers to usart.o(i.MX_USART1_UART_Init) for MX_USART1_UART_Init
    main.o(i.main) refers to fatfs.o(i.MX_FATFS_Init) for MX_FATFS_Init
    main.o(i.main) refers to usb_device.o(i.MX_USB_DEVICE_Init) for MX_USB_DEVICE_Init
    main.o(i.main) refers to rtc.o(i.MX_RTC_Init) for MX_RTC_Init
    main.o(i.main) refers to main.o(i.setup) for setup
    main.o(i.main) refers to main.o(i.loop) for loop
    main.o(i.read_sensor) refers to sht30.o(i.SHT30_Read_Dat) for SHT30_Read_Dat
    main.o(i.read_sensor) refers to sht30.o(i.SHT30_Dat_To_Float) for SHT30_Dat_To_Float
    main.o(i.read_sensor) refers to myadc.o(i.ADC_GetVal) for ADC_GetVal
    main.o(i.read_sensor) refers to f2d.o(.text) for __aeabi_f2d
    main.o(i.read_sensor) refers to dflti.o(.text) for __aeabi_i2d
    main.o(i.read_sensor) refers to log.o(i.log) for log
    main.o(i.read_sensor) refers to dmul.o(.text) for __aeabi_dmul
    main.o(i.read_sensor) refers to dadd.o(.text) for __aeabi_dadd
[...]
    EXTI2_IRQHandler                         0x0800015f   Thumb Code     0  startup_stm32f103xg.o(.text)
    EXTI3_IRQHandler                         0x0800015f   Thumb Code     0  startup_stm32f103xg.o(.text)
    EXTI4_IRQHandler                         0x0800015f   Thumb Code     0  startup_stm32f103xg.o(.text)
    EXTI9_5_IRQHandler                       0x0800015f   Thumb Code     0  startup_stm32f103xg.o(.text)
    FLASH_IRQHandler                         0x0800015f   Thumb Code     0  startup_stm32f103xg.o(.text)
    FSMC_IRQHandler                          0x0800015f   Thumb Code     0  startup_stm32f103xg.o(.text)
    I2C1_ER_IRQHandler                       0x0800015f   Thumb Code     0  startup_stm32f103xg.o(.text)
    I2C1_EV_IRQHandler                       0x0800015f   Thumb Code     0  startup_stm32f103xg.o(.text)
    I2C2_ER_IRQHandler                       0x0800015f   Thumb Code     0  startup_stm32f103xg.o(.text)
    I2C2_EV_IRQHandler                       0x0800015f   Thumb Code     0  startup_stm32f103xg.o(.text)
    PVD_IRQHandler                           0x0800015f   Thumb Code     0  startup_stm32f103xg.o(.text)
    RCC_IRQHandler                           0x0800015f   Thumb Code     0  startup_stm32f103xg.o(.text)
    RTC_IRQHandler                           0x0800015f   Thumb Code     0  startup_stm32f103xg.o(.text)
    SDIO_IRQHandler                          0x0800015f   Thumb Code     0  startup_stm32f103xg.o(.text)
    SPI1_IRQHandler                          0x0800015f   Thumb Code     0  startup_stm32f103xg.o(.text)
    SPI2_IRQHandler                          0x0800015f   Thumb Code     0  startup_stm32f103xg.o(.text)
    SPI3_IRQHandler                          0x0800015f   Thumb Code     0  startup_stm32f103xg.o(.text)
    TAMPER_IRQHandler                        0x0800015f   Thumb Code     0  startup_stm32f103xg.o(.text)
    TIM1_BRK_TIM9_IRQHandler                 0x0800015f   Thumb Code     0  startup_stm32f103xg.o(.text)
    TIM1_CC_IRQHandler                       0x0800015f   Thumb Code     0  startup_stm32f103xg.o(.text)
    TIM1_TRG_COM_TIM11_IRQHandler            0x0800015f   Thumb Code     0  startup_stm32f103xg.o(.text)
    TIM1_UP_TIM10_IRQHandler                 0x0800015f   Thumb Code     0  startup_stm32f103xg.o(.text)
    TIM2_IRQHandler                          0x0800015f   Thumb Code     0  startup_stm32f103xg.o(.text)
    TIM3_IRQHandler                          0x0800015f   Thumb Code     0  startup_stm32f103xg.o(.text)
    TIM4_IRQHandler                          0x0800015f   Thumb Code     0  startup_stm32f103xg.o(.text)
    TIM5_IRQHandler                          0x0800015f   Thumb Code     0  startup_stm32f103xg.o(.text)
    TIM6_IRQHandler                          0x0800015f   Thumb Code     0  startup_stm32f103xg.o(.text)
    TIM7_IRQHandler                          0x0800015f   Thumb Code     0  startup_stm32f103xg.o(.text)
    TIM8_BRK_TIM12_IRQHandler                0x0800015f   Thumb Code     0  startup_stm32f103xg.o(.text)
    TIM8_CC_IRQHandler                       0x0800015f   Thumb Code     0  startup_stm32f103xg.o(.text)
    TIM8_TRG_COM_TIM14_IRQHandler            0x0800015f   Thumb Code     0  startup_stm32f103xg.o(.text)
    TIM8_UP_TIM13_IRQHandler                 0x0800015f   Thumb Code     0  startup_stm32f103xg.o(.text)
    UART4_IRQHandler                         0x0800015f   Thumb Code     0  startup_stm32f103xg.o(.text)
    UART5_IRQHandler                         0x0800015f   Thumb Code     0  startup_stm32f103xg.o(.text)
    USART1_IRQHandler                        0x0800015f   Thumb Code     0  startup_stm32f103xg.o(.text)
    USART2_IRQHandler                        0x0800015f   Thumb Code     0  startup_stm32f103xg.o(.text)
    USART3_IRQHandler                        0x0800015f   Thumb Code     0  startup_stm32f103xg.o(.text)
    USBWakeUp_IRQHandler                     0x0800015f   Thumb Code     0  startup_stm32f103xg.o(.text)
    WWDG_IRQHandler                          0x0800015f   Thumb Code     0  startup_stm32f103xg.o(.text)
    __aeabi_llsr                             0x08000169   Thumb Code    32  llushr.o(.text)
    _ll_ushift_r                             0x08000169   Thumb Code     0  llushr.o(.text)
    __aeabi_memcpy                           0x08000189   Thumb Code    36  memcpya.o(.text)
    __aeabi_memcpy4                          0x08000189   Thumb Code     0  memcpya.o(.text)
    __aeabi_memcpy8                          0x08000189   Thumb Code     0  memcpya.o(.text)
    __aeabi_memset                           0x080001ad   Thumb Code    14  memseta.o(.text)
    __aeabi_memset4                          0x080001ad   Thumb Code     0  memseta.o(.text)
    __aeabi_memset8                          0x080001ad   Thumb Code     0  memseta.o(.text)
    __aeabi_memclr                           0x080001bb   Thumb Code     4  memseta.o(.text)
    __aeabi_memclr4                          0x080001bb   Thumb Code     0  memseta.o(.text)
    __aeabi_memclr8                          0x080001bb   Thumb Code     0  memseta.o(.text)
    _memset$wrapper                          0x080001bf   Thumb Code    18  memseta.o(.text)
    __aeabi_fadd                             0x080001d1   Thumb Code   164  fadd.o(.text)
    __aeabi_fsub                             0x08000275   Thumb Code     6  fadd.o(.text)
    __aeabi_frsub                            0x0800027b   Thumb Code     6  fadd.o(.text)
    __aeabi_fmul                             0x08000281   Thumb Code   100  fmul.o(.text)
    __aeabi_fdiv                             0x080002e5   Thumb Code   124  fdiv.o(.text)
    __aeabi_dadd                             0x08000361   Thumb Code   322  dadd.o(.text)
    __aeabi_dsub                             0x080004a3   Thumb Code     6  dadd.o(.text)
    __aeabi_drsub                            0x080004a9   Thumb Code     6  dadd.o(.text)
    __aeabi_dmul                             0x080004af   Thumb Code   228  dmul.o(.text)
    __aeabi_ddiv                             0x08000593   Thumb Code   222  ddiv.o(.text)
    __aeabi_ui2f                             0x08000671   Thumb Code    10  ffltui.o(.text)
    __aeabi_i2d                              0x0800067b   Thumb Code    34  dflti.o(.text)
    __aeabi_ui2d                             0x0800069d   Thumb Code    26  dfltui.o(.text)
    __aeabi_d2iz                             0x080006b7   Thumb Code    62  dfixi.o(.text)
    __aeabi_f2d                              0x080006f5   Thumb Code    38  f2d.o(.text)
    __aeabi_d2f                              0x0800071b   Thumb Code    56  d2f.o(.text)
    __aeabi_uidiv                            0x08000753   Thumb Code     0  uidiv.o(.text)
    __aeabi_uidivmod                         0x08000753   Thumb Code    44  uidiv.o(.text)
    __aeabi_uldivmod                         0x0800077f   Thumb Code    98  uldiv.o(.text)
    __aeabi_llsl                             0x080007e1   Thumb Code    30  llshl.o(.text)
    _ll_shift_l                              0x080007e1   Thumb Code     0  llshl.o(.text)
    __aeabi_lasr                             0x080007ff   Thumb Code    36  llsshr.o(.text)
    _ll_sshift_r                             0x080007ff   Thumb Code     0  llsshr.o(.text)
    __I$use$fp                               0x08000823   Thumb Code     0  iusefp.o(.text)
    _float_round                             0x08000823   Thumb Code    18  fepilogue.o(.text)
    _float_epilogue                          0x08000835   Thumb Code    92  fepilogue.o(.text)
    _double_round                            0x08000891   Thumb Code    30  depilogue.o(.text)
    _double_epilogue                         0x080008af   Thumb Code   156  depilogue.o(.text)
    __ARM_scalbn                             0x0800094b   Thumb Code    46  dscalb.o(.text)
    scalbn                                   0x0800094b   Thumb Code     0  dscalb.o(.text)
    __aeabi_d2ulz                            0x08000979   Thumb Code    48  dfixul.o(.text)
    __aeabi_cdcmpeq                          0x080009a9   Thumb Code     0  cdcmple.o(.text)
    __aeabi_cdcmple                          0x080009a9   Thumb Code    48  cdcmple.o(.text)
    __aeabi_cdrcmple                         0x080009d9   Thumb Code    48  cdrcmple.o(.text)
    __scatterload                            0x08000a09   Thumb Code    28  init.o(.text)
    __scatterload_rt2                        0x08000a09   Thumb Code     0  init.o(.text)
    __decompress                             0x08000a2d   Thumb Code     0  __dczerorl2.o(.text)
    __decompress1                            0x08000a2d   Thumb Code    86  __dczerorl2.o(.text)
    ADC_ConversionStop_Disable               0x08000a83   Thumb Code    92  stm32f1xx_hal_adc.o(i.ADC_ConversionStop_Disable)
    ADC_Enable                               0x08000ae1   Thumb Code   134  stm32f1xx_hal_adc.o(i.ADC_Enable)
    ADC_GetVal                               0x08000b71   Thumb Code    44  myadc.o(i.ADC_GetVal)
    ADC_Select_CH                            0x08000ba1   Thumb Code    38  myadc.o(i.ADC_Select_CH)
    BH1750_Dat_To_Lux                        0x08000bcd   Thumb Code    64  bh1750.o(i.BH1750_Dat_To_Lux)
    BH1750_Read_Dat                          0x08000c11   Thumb Code    24  bh1750.o(i.BH1750_Read_Dat)
    BH1750_Send_Cmd                          0x08000c2d   Thumb Code    24  bh1750.o(i.BH1750_Send_Cmd)
    BusFault_Handler                         0x08000c49   Thumb Code     4  stm32f1xx_it.o(i.BusFault_Handler)
    CheckCrc8                                0x08000c4d   Thumb Code    62  sht30.o(i.CheckCrc8)
    DebugMon_Handler                         0x08000c8b   Thumb Code     2  stm32f1xx_it.o(i.DebugMon_Handler)
    Error_Handler                            0x08000c8d   Thumb Code     6  main.o(i.Error_Handler)
    FATFS_LinkDriver                         0x08000c93   Thumb Code    18  ff_gen_drv.o(i.FATFS_LinkDriver)
    FATFS_LinkDriverEx                       0x08000ca5   Thumb Code    78  ff_gen_drv.o(i.FATFS_LinkDriverEx)
    FLASH_PageErase                          0x08000d6d   Thumb Code    64  stm32f1xx_hal_flash_ex.o(i.FLASH_PageErase)
    FLASH_WaitForLastOperation               0x08000e9d   Thumb Code   106  stm32f1xx_hal_flash.o(i.FLASH_WaitForLastOperation)
    FLASH_WaitForLastOperationBank2          0x08000f0d   Thumb Code    96  stm32f1xx_hal_flash.o(i.FLASH_WaitForLastOperationBank2)
    Flash_Read                               0x08000f71   Thumb Code    34  flash.o(i.Flash_Read)
    Flash_Write                              0x08000f99   Thumb Code    90  flash.o(i.Flash_Write)
    HAL_ADC_ConfigChannel                    0x08001031   Thumb Code   338  stm32f1xx_hal_adc.o(i.HAL_ADC_ConfigChannel)
    HAL_ADC_GetValue                         0x08001191   Thumb Code     8  stm32f1xx_hal_adc.o(i.HAL_ADC_GetValue)
    HAL_ADC_Init                             0x08001199   Thumb Code   340  stm32f1xx_hal_adc.o(i.HAL_ADC_Init)
    HAL_ADC_MspInit                          0x080012f9   Thumb Code    98  adc.o(i.HAL_ADC_MspInit)
    HAL_ADC_PollForConversion                0x08001369   Thumb Code   366  stm32f1xx_hal_adc.o(i.HAL_ADC_PollForConversion)
    HAL_ADC_Start                            0x080014e9   Thumb Code   294  stm32f1xx_hal_adc.o(i.HAL_ADC_Start)
    HAL_ADC_Stop                             0x08001619   Thumb Code    64  stm32f1xx_hal_adc.o(i.HAL_ADC_Stop)
    HAL_Delay                                0x08001659   Thumb Code    36  stm32f1xx_hal.o(i.HAL_Delay)
    HAL_FLASHEx_Erase                        0x08001681   Thumb Code   380  stm32f1xx_hal_flash_ex.o(i.HAL_FLASHEx_Erase)
    HAL_FLASH_Lock                           0x08001809   Thumb Code    26  stm32f1xx_hal_flash.o(i.HAL_FLASH_Lock)
    HAL_FLASH_Program                        0x08001829   Thumb Code   226  stm32f1xx_hal_flash.o(i.HAL_FLASH_Program)
    HAL_FLASH_Unlock                         0x08001919   Thumb Code    68  stm32f1xx_hal_flash.o(i.HAL_FLASH_Unlock)
    HAL_GPIO_Init                            0x08001969   Thumb Code   792  stm32f1xx_hal_gpio.o(i.HAL_GPIO_Init)
    HAL_GPIO_TogglePin                       0x08001ca9   Thumb Code    20  stm32f1xx_hal_gpio.o(i.HAL_GPIO_TogglePin)
    HAL_GPIO_WritePin                        0x08001cbd   Thumb Code    12  stm32f1xx_hal_gpio.o(i.HAL_GPIO_WritePin)
    HAL_GetTick                              0x08001cc9   Thumb Code     6  stm32f1xx_hal.o(i.HAL_GetTick)
    HAL_I2C_Init                             0x08001cd5   Thumb Code   446  stm32f1xx_hal_i2c.o(i.HAL_I2C_Init)
    HAL_I2C_Master_Receive                   0x08001ea5   Thumb Code   840  stm32f1xx_hal_i2c.o(i.HAL_I2C_Master_Receive)
    HAL_I2C_Master_Transmit                  0x080021fd   Thumb Code   360  stm32f1xx_hal_i2c.o(i.HAL_I2C_Master_Transmit)
    HAL_I2C_MspInit                          0x0800236d   Thumb Code   104  i2c.o(i.HAL_I2C_MspInit)
    HAL_IncTick                              0x080023e1   Thumb Code    16  stm32f1xx_hal.o(i.HAL_IncTick)
    HAL_Init                                 0x080023f9   Thumb Code    34  stm32f1xx_hal.o(i.HAL_Init)
    HAL_InitTick                             0x08002421   Thumb Code    64  stm32f1xx_hal.o(i.HAL_InitTick)
    HAL_MspInit                              0x0800246d   Thumb Code    76  stm32f1xx_hal_msp.o(i.HAL_MspInit)
    HAL_NVIC_EnableIRQ                       0x080024c1   Thumb Code    32  stm32f1xx_hal_cortex.o(i.HAL_NVIC_EnableIRQ)
    HAL_NVIC_SetPriority                     0x080024e1   Thumb Code   124  stm32f1xx_hal_cortex.o(i.HAL_NVIC_SetPriority)
    HAL_NVIC_SetPriorityGrouping             0x0800255d   Thumb Code    32  stm32f1xx_hal_cortex.o(i.HAL_NVIC_SetPriorityGrouping)
    HAL_PCDEx_PMAConfig                      0x08002585   Thumb Code    68  stm32f1xx_hal_pcd_ex.o(i.HAL_PCDEx_PMAConfig)
    HAL_PCDEx_SetConnectionState             0x080025c9   Thumb Code     2  usbd_conf.o(i.HAL_PCDEx_SetConnectionState)
    HAL_PCD_DataInStageCallback              0x080025cb   Thumb Code    32  usbd_conf.o(i.HAL_PCD_DataInStageCallback)
    HAL_PCD_DataOutStageCallback             0x080025eb   Thumb Code    32  usbd_conf.o(i.HAL_PCD_DataOutStageCallback)
    HAL_PCD_EP_Close                         0x0800260b   Thumb Code   106  stm32f1xx_hal_pcd.o(i.HAL_PCD_EP_Close)
    HAL_PCD_EP_ClrStall                      0x08002675   Thumb Code   124  stm32f1xx_hal_pcd.o(i.HAL_PCD_EP_ClrStall)
    HAL_PCD_EP_Flush                         0x08002d71   Thumb Code    68  stm32f1xx_hal_pcd.o(i.HAL_PCD_EP_Flush)
    HAL_PCD_EP_GetRxCount                    0x08002db5   Thumb Code    22  stm32f1xx_hal_pcd.o(i.HAL_PCD_EP_GetRxCount)
    HAL_PCD_EP_Open                          0x08002dcb   Thumb Code   140  stm32f1xx_hal_pcd.o(i.HAL_PCD_EP_Open)
    HAL_PCD_EP_Receive                       0x08002e57   Thumb Code    76  stm32f1xx_hal_pcd.o(i.HAL_PCD_EP_Receive)
    HAL_PCD_EP_SetStall                      0x08002ea3   Thumb Code   136  stm32f1xx_hal_pcd.o(i.HAL_PCD_EP_SetStall)
    HAL_PCD_EP_Transmit                      0x08002f2b   Thumb Code    86  stm32f1xx_hal_pcd.o(i.HAL_PCD_EP_Transmit)
    HAL_PCD_IRQHandler                       0x08002f81   Thumb Code   482  stm32f1xx_hal_pcd.o(i.HAL_PCD_IRQHandler)
    HAL_PCD_Init                             0x08003163   Thumb Code   344  stm32f1xx_hal_pcd.o(i.HAL_PCD_Init)
    HAL_PCD_MspInit                          0x080032bd   Thumb Code    74  usbd_conf.o(i.HAL_PCD_MspInit)
    HAL_PCD_ResetCallback                    0x08003311   Thumb Code    36  usbd_conf.o(i.HAL_PCD_ResetCallback)
    HAL_PCD_ResumeCallback                   0x08003335   Thumb Code    20  usbd_conf.o(i.HAL_PCD_ResumeCallback)
    HAL_PCD_SOFCallback                      0x0800334d   Thumb Code    14  usbd_conf.o(i.HAL_PCD_SOFCallback)
    HAL_PCD_SetAddress                       0x0800335b   Thumb Code    54  stm32f1xx_hal_pcd.o(i.HAL_PCD_SetAddress)
    HAL_PCD_SetupStageCallback               0x08003391   Thumb Code    18  usbd_conf.o(i.HAL_PCD_SetupStageCallback)
    HAL_PCD_Start                            0x080033a3   Thumb Code    60  stm32f1xx_hal_pcd.o(i.HAL_PCD_Start)
    HAL_PCD_SuspendCallback                  0x080033e1   Thumb Code    36  usbd_conf.o(i.HAL_PCD_SuspendCallback)
    HAL_PWR_EnableBkUpAccess                 0x0800340d   Thumb Code     8  stm32f1xx_hal_pwr.o(i.HAL_PWR_EnableBkUpAccess)
    HAL_RCCEx_GetPeriphCLKFreq               0x08003419   Thumb Code   276  stm32f1xx_hal_rcc_ex.o(i.HAL_RCCEx_GetPeriphCLKFreq)
    HAL_RCCEx_PeriphCLKConfig                0x0800354d   Thumb Code   290  stm32f1xx_hal_rcc_ex.o(i.HAL_RCCEx_PeriphCLKConfig)
    HAL_RCC_ClockConfig                      0x0800367d   Thumb Code   376  stm32f1xx_hal_rcc.o(i.HAL_RCC_ClockConfig)
    HAL_RCC_GetHCLKFreq                      0x08003809   Thumb Code     6  stm32f1xx_hal_rcc.o(i.HAL_RCC_GetHCLKFreq)
    HAL_RCC_GetPCLK1Freq                     0x08003815   Thumb Code    22  stm32f1xx_hal_rcc.o(i.HAL_RCC_GetPCLK1Freq)
    HAL_RCC_GetPCLK2Freq                     0x08003835   Thumb Code    22  stm32f1xx_hal_rcc.o(i.HAL_RCC_GetPCLK2Freq)
    HAL_RCC_GetSysClockFreq                  0x08003855   Thumb Code   116  stm32f1xx_hal_rcc.o(i.HAL_RCC_GetSysClockFreq)
    HAL_RCC_OscConfig                        0x080038e9   Thumb Code  1114  stm32f1xx_hal_rcc.o(i.HAL_RCC_OscConfig)
    HAL_RTC_AlarmAEventCallback              0x08003d4d   Thumb Code     2  stm32f1xx_hal_rtc.o(i.HAL_RTC_AlarmAEventCallback)
    HAL_RTC_AlarmIRQHandler                  0x08003d51   Thumb Code    56  stm32f1xx_hal_rtc.o(i.HAL_RTC_AlarmIRQHandler)
    HAL_RTC_Init                             0x08003d8d   Thumb Code   202  stm32f1xx_hal_rtc.o(i.HAL_RTC_Init)
    HAL_RTC_MspInit                          0x08003e5d   Thumb Code    68  rtc.o(i.HAL_RTC_MspInit)
    HAL_RTC_WaitForSynchro                   0x08003ead   Thumb Code    64  stm32f1xx_hal_rtc.o(i.HAL_RTC_WaitForSynchro)
    HAL_SYSTICK_Config                       0x08003eed   Thumb Code    52  stm32f1xx_hal_cortex.o(i.HAL_SYSTICK_Config)
    HAL_UART_Init                            0x08003f21   Thumb Code   114  stm32f1xx_hal_uart.o(i.HAL_UART_Init)
    HAL_UART_MspInit                         0x08003f95   Thumb Code   122  usart.o(i.HAL_UART_MspInit)
    HAL_UART_Transmit                        0x0800401d   Thumb Code   210  stm32f1xx_hal_uart.o(i.HAL_UART_Transmit)
    HardFault_Handler                        0x080040ef   Thumb Code     4  stm32f1xx_it.o(i.HardFault_Handler)
    Is_Leap_Year                             0x080045e9   Thumb Code    58  myrtc.o(i.Is_Leap_Year)
    MSC_BOT_CplClrFeature                    0x08004745   Thumb Code    60  usbd_msc_bot.o(i.MSC_BOT_CplClrFeature)
    MSC_BOT_DataIn                           0x08004781   Thumb Code    74  usbd_msc_bot.o(i.MSC_BOT_DataIn)
    MSC_BOT_DataOut                          0x080047cb   Thumb Code    64  usbd_msc_bot.o(i.MSC_BOT_DataOut)
    MSC_BOT_DeInit                           0x0800480b   Thumb Code    10  usbd_msc_bot.o(i.MSC_BOT_DeInit)
    MSC_BOT_Init                             0x08004815   Thumb Code    64  usbd_msc_bot.o(i.MSC_BOT_Init)
    MSC_BOT_Reset                            0x08004855   Thumb Code    32  usbd_msc_bot.o(i.MSC_BOT_Reset)
    MSC_BOT_SendCSW                          0x08004875   Thumb Code    56  usbd_msc_bot.o(i.MSC_BOT_SendCSW)
    MX_ADC1_Init                             0x08004901   Thumb Code    80  adc.o(i.MX_ADC1_Init)
    MX_FATFS_Init                            0x08004959   Thumb Code    16  fatfs.o(i.MX_FATFS_Init)
    MX_GPIO_Init                             0x08004975   Thumb Code   132  gpio.o(i.MX_GPIO_Init)
    MX_I2C1_Init                             0x08004a01   Thumb Code    48  i2c.o(i.MX_I2C1_Init)
    MX_RTC_Init                              0x08004a3d   Thumb Code    40  rtc.o(i.MX_RTC_Init)
    MX_USART1_UART_Init                      0x08004a6d   Thumb Code    52  usart.o(i.MX_USART1_UART_Init)
    MX_USB_DEVICE_Init                       0x08004aa9   Thumb Code    60  usb_device.o(i.MX_USB_DEVICE_Init)
    MemManage_Handler                        0x08004af5   Thumb Code     4  stm32f1xx_it.o(i.MemManage_Handler)
    NMI_Handler                              0x08004af9   Thumb Code     4  stm32f1xx_it.o(i.NMI_Handler)
    PendSV_Handler                           0x08004eef   Thumb Code     2  stm32f1xx_it.o(i.PendSV_Handler)
    RTC_Alarm_IRQHandler                     0x08004f19   Thumb Code    10  stm32f1xx_it.o(i.RTC_Alarm_IRQHandler)
    RTC_Get                                  0x08004f9d   Thumb Code   242  myrtc.o(i.RTC_Get)
    RTC_Get_Week                             0x080050a5   Thumb Code   116  myrtc.o(i.RTC_Get_Week)
    SCSI_ProcessCmd                          0x0800520d   Thumb Code   238  usbd_msc_scsi.o(i.SCSI_ProcessCmd)
    SCSI_SenseCode                           0x080056e5   Thumb Code    64  usbd_msc_scsi.o(i.SCSI_SenseCode)
    SHT30_Dat_To_Float                       0x080058e9   Thumb Code   124  sht30.o(i.SHT30_Dat_To_Float)
    SHT30_Init                               0x08005975   Thumb Code    12  sht30.o(i.SHT30_Init)
    SHT30_Read_Dat                           0x08005981   Thumb Code    38  sht30.o(i.SHT30_Read_Dat)
    SHT30_Reset                              0x080059ad   Thumb Code    18  sht30.o(i.SHT30_Reset)
    SVC_Handler                              0x08005a79   Thumb Code     2  stm32f1xx_it.o(i.SVC_Handler)
    SysTick_Handler                          0x08005a7b   Thumb Code     8  stm32f1xx_it.o(i.SysTick_Handler)
    SystemClock_Config                       0x08005a83   Thumb Code   144  main.o(i.SystemClock_Config)
    SystemInit                               0x08005b13   Thumb Code     2  system_stm32f1xx.o(i.SystemInit)
    USBD_ClrClassConfig                      0x08005c7d   Thumb Code    22  usbd_core.o(i.USBD_ClrClassConfig)
    USBD_CtlContinueRx                       0x08005cd1   Thumb Code    24  usbd_ioreq.o(i.USBD_CtlContinueRx)
    USBD_CtlContinueSendData                 0x08005ce9   Thumb Code    24  usbd_ioreq.o(i.USBD_CtlContinueSendData)
    USBD_CtlError                            0x08005d01   Thumb Code    24  usbd_ctlreq.o(i.USBD_CtlError)
    USBD_CtlReceiveStatus                    0x08005d19   Thumb Code    26  usbd_ioreq.o(i.USBD_CtlReceiveStatus)
    USBD_CtlSendData                         0x08005d33   Thumb Code    34  usbd_ioreq.o(i.USBD_CtlSendData)
    USBD_CtlSendStatus                       0x08005d55   Thumb Code    26  usbd_ioreq.o(i.USBD_CtlSendStatus)
    USBD_FS_ConfigStrDescriptor              0x08005d71   Thumb Code    34  usbd_desc.o(i.USBD_FS_ConfigStrDescriptor)
    USBD_FS_DeviceDescriptor                 0x08005da5   Thumb Code    10  usbd_desc.o(i.USBD_FS_DeviceDescriptor)
    USBD_FS_InterfaceStrDescriptor           0x08005db5   Thumb Code    34  usbd_desc.o(i.USBD_FS_InterfaceStrDescriptor)
    USBD_FS_LangIDStrDescriptor              0x08005ded   Thumb Code    10  usbd_desc.o(i.USBD_FS_LangIDStrDescriptor)
    USBD_FS_ManufacturerStrDescriptor        0x08005dfd   Thumb Code    20  usbd_desc.o(i.USBD_FS_ManufacturerStrDescriptor)
    USBD_FS_ProductStrDescriptor             0x08005e29   Thumb Code    34  usbd_desc.o(i.USBD_FS_ProductStrDescriptor)
    USBD_FS_SerialStrDescriptor              0x08005e65   Thumb Code    18  usbd_desc.o(i.USBD_FS_SerialStrDescriptor)
    USBD_GetString                           0x08006135   Thumb Code    82  usbd_ctlreq.o(i.USBD_GetString)
    USBD_Init                                0x080061b3   Thumb Code    50  usbd_core.o(i.USBD_Init)
    USBD_LL_ClearStallEP                     0x080061e5   Thumb Code    38  usbd_conf.o(i.USBD_LL_ClearStallEP)
    USBD_LL_CloseEP                          0x0800620b   Thumb Code    38  usbd_conf.o(i.USBD_LL_CloseEP)
    USBD_LL_DataInStage                      0x08006231   Thumb Code   256  usbd_core.o(i.USBD_LL_DataInStage)
    USBD_LL_DataOutStage                     0x08006331   Thumb Code   166  usbd_core.o(i.USBD_LL_DataOutStage)
    USBD_LL_FlushEP                          0x080063d7   Thumb Code    38  usbd_conf.o(i.USBD_LL_FlushEP)
    USBD_LL_GetRxDataSize                    0x080063fd   Thumb Code    18  usbd_conf.o(i.USBD_LL_GetRxDataSize)
    USBD_LL_Init                             0x08006411   Thumb Code   108  usbd_conf.o(i.USBD_LL_Init)
    USBD_LL_IsStallEP                        0x08006485   Thumb Code    56  usbd_conf.o(i.USBD_LL_IsStallEP)
    USBD_LL_OpenEP                           0x080064bd   Thumb Code    48  usbd_conf.o(i.USBD_LL_OpenEP)
    USBD_LL_PrepareReceive                   0x080064ed   Thumb Code    48  usbd_conf.o(i.USBD_LL_PrepareReceive)
    USBD_LL_Reset                            0x0800651d   Thumb Code    92  usbd_core.o(i.USBD_LL_Reset)
    USBD_LL_Resume                           0x08006579   Thumb Code    22  usbd_core.o(i.USBD_LL_Resume)
    USBD_LL_SOF                              0x0800658f   Thumb Code    34  usbd_core.o(i.USBD_LL_SOF)
    USBD_LL_SetSpeed                         0x080065b1   Thumb Code     8  usbd_core.o(i.USBD_LL_SetSpeed)
    USBD_LL_SetUSBAddress                    0x080065b9   Thumb Code    38  usbd_conf.o(i.USBD_LL_SetUSBAddress)
    USBD_LL_SetupStage                       0x080065df   Thumb Code   110  usbd_core.o(i.USBD_LL_SetupStage)
    USBD_LL_StallEP                          0x0800664d   Thumb Code    38  usbd_conf.o(i.USBD_LL_StallEP)
    USBD_LL_Start                            0x08006673   Thumb Code    30  usbd_conf.o(i.USBD_LL_Start)
    USBD_LL_Suspend                          0x08006691   Thumb Code    20  usbd_core.o(i.USBD_LL_Suspend)
    USBD_LL_Transmit                         0x080066a5   Thumb Code    48  usbd_conf.o(i.USBD_LL_Transmit)
    USBD_MSC_DataIn                          0x080066d5   Thumb Code    18  usbd_msc.o(i.USBD_MSC_DataIn)
    USBD_MSC_DataOut                         0x080066e7   Thumb Code    18  usbd_msc.o(i.USBD_MSC_DataOut)
    USBD_MSC_DeInit                          0x080066f9   Thumb Code    62  usbd_msc.o(i.USBD_MSC_DeInit)
    USBD_MSC_GetDeviceQualifierDescriptor    0x08006739   Thumb Code    10  usbd_msc.o(i.USBD_MSC_GetDeviceQualifierDescriptor)
    USBD_MSC_GetFSCfgDesc                    0x08006749   Thumb Code    10  usbd_msc.o(i.USBD_MSC_GetFSCfgDesc)
    USBD_MSC_GetHSCfgDesc                    0x08006759   Thumb Code    10  usbd_msc.o(i.USBD_MSC_GetHSCfgDesc)
    USBD_MSC_GetOtherSpeedCfgDesc            0x08006769   Thumb Code    10  usbd_msc.o(i.USBD_MSC_GetOtherSpeedCfgDesc)
    USBD_MSC_Init                            0x08006779   Thumb Code   114  usbd_msc.o(i.USBD_MSC_Init)
    USBD_MSC_RegisterStorage                 0x080067eb   Thumb Code    12  usbd_msc.o(i.USBD_MSC_RegisterStorage)
    USBD_MSC_Setup                           0x080067f7   Thumb Code   452  usbd_msc.o(i.USBD_MSC_Setup)
    USBD_ParseSetupRequest                   0x080069bb   Thumb Code    40  usbd_ctlreq.o(i.USBD_ParseSetupRequest)
    USBD_RegisterClass                       0x080069e3   Thumb Code    16  usbd_core.o(i.USBD_RegisterClass)
    USBD_RunTestMode                         0x080069f3   Thumb Code     6  usbd_core.o(i.USBD_RunTestMode)
    USBD_SetClassConfig                      0x08006a53   Thumb Code    34  usbd_core.o(i.USBD_SetClassConfig)
    USBD_Start                               0x08006b75   Thumb Code    14  usbd_core.o(i.USBD_Start)
    USBD_StdDevReq                           0x08006b83   Thumb Code   162  usbd_ctlreq.o(i.USBD_StdDevReq)
    USBD_StdEPReq                            0x08006c25   Thumb Code   568  usbd_ctlreq.o(i.USBD_StdEPReq)
    USBD_StdItfReq                           0x08006e5d   Thumb Code   126  usbd_ctlreq.o(i.USBD_StdItfReq)
    USBD_static_free                         0x08006edb   Thumb Code     2  usbd_conf.o(i.USBD_static_free)
    USBD_static_malloc                       0x08006edd   Thumb Code     6  usbd_conf.o(i.USBD_static_malloc)
    USB_ActivateEndpoint                     0x08006ee9   Thumb Code  1100  stm32f1xx_ll_usb.o(i.USB_ActivateEndpoint)
    USB_CoreInit                             0x08007335   Thumb Code     8  stm32f1xx_ll_usb.o(i.USB_CoreInit)
    USB_DeactivateEndpoint                   0x0800733d   Thumb Code   636  stm32f1xx_ll_usb.o(i.USB_DeactivateEndpoint)
    USB_DevConnect                           0x080075b9   Thumb Code     6  stm32f1xx_ll_usb.o(i.USB_DevConnect)
    USB_DevDisconnect                        0x080075bf   Thumb Code     6  stm32f1xx_ll_usb.o(i.USB_DevDisconnect)
    USB_DevInit                              0x080075c5   Thumb Code    22  stm32f1xx_ll_usb.o(i.USB_DevInit)
    USB_DisableGlobalInt                     0x080075db   Thumb Code    20  stm32f1xx_ll_usb.o(i.USB_DisableGlobalInt)
    USB_EP0_OutStart                         0x080075ef   Thumb Code     6  stm32f1xx_ll_usb.o(i.USB_EP0_OutStart)
    USB_EPClearStall                         0x080075f5   Thumb Code   218  stm32f1xx_ll_usb.o(i.USB_EPClearStall)
    USB_EPSetStall                           0x080076cf   Thumb Code    92  stm32f1xx_ll_usb.o(i.USB_EPSetStall)
    USB_EPStartXfer                          0x0800772b   Thumb Code  2954  stm32f1xx_ll_usb.o(i.USB_EPStartXfer)
    USB_EnableGlobalInt                      0x080082b5   Thumb Code    18  stm32f1xx_ll_usb.o(i.USB_EnableGlobalInt)
    USB_FlushRxFifo                          0x080082c7   Thumb Code     6  stm32f1xx_ll_usb.o(i.USB_FlushRxFifo)
    USB_FlushTxFifo                          0x080082cd   Thumb Code     6  stm32f1xx_ll_usb.o(i.USB_FlushTxFifo)
    USB_HP_CAN1_TX_IRQHandler                0x080082d5   Thumb Code    10  stm32f1xx_it.o(i.USB_HP_CAN1_TX_IRQHandler)
    USB_LP_CAN1_RX0_IRQHandler               0x080082e5   Thumb Code    18  stm32f1xx_it.o(i.USB_LP_CAN1_RX0_IRQHandler)
    USB_ReadInterrupts                       0x080082fd   Thumb Code     8  stm32f1xx_ll_usb.o(i.USB_ReadInterrupts)
    USB_ReadPMA                              0x08008305   Thumb Code    74  stm32f1xx_ll_usb.o(i.USB_ReadPMA)
    USB_SetCurrentMode                       0x0800834f   Thumb Code     6  stm32f1xx_ll_usb.o(i.USB_SetCurrentMode)
    USB_SetDevAddress                        0x08008355   Thumb Code    14  stm32f1xx_ll_usb.o(i.USB_SetDevAddress)
    USB_WritePMA                             0x08008363   Thumb Code    66  stm32f1xx_ll_usb.o(i.USB_WritePMA)
    USER_initialize                          0x080083a5   Thumb Code     6  user_diskio.o(i.USER_initialize)
    USER_ioctl                               0x080083ab   Thumb Code    58  user_diskio.o(i.USER_ioctl)
    USER_read                                0x080083e5   Thumb Code    26  user_diskio.o(i.USER_read)
    USER_status                              0x08008401   Thumb Code    24  user_diskio.o(i.USER_status)
    USER_write                               0x0800841d   Thumb Code    26  user_diskio.o(i.USER_write)
    UsageFault_Handler                       0x08008437   Thumb Code     4  stm32f1xx_it.o(i.UsageFault_Handler)
    __0printf                                0x0800843d   Thumb Code    22  printfa.o(i.__0printf)
    __1printf                                0x0800843d   Thumb Code     0  printfa.o(i.__0printf)
    __2printf                                0x0800843d   Thumb Code     0  printfa.o(i.__0printf)
    __c89printf                              0x0800843d   Thumb Code     0  printfa.o(i.__0printf)
    printf                                   0x0800843d   Thumb Code     0  printfa.o(i.__0printf)
    __0sprintf                               0x0800845d   Thumb Code    34  printfa.o(i.__0sprintf)
    __1sprintf                               0x0800845d   Thumb Code     0  printfa.o(i.__0sprintf)
    __2sprintf                               0x0800845d   Thumb Code     0  printfa.o(i.__0sprintf)
    __c89sprintf                             0x0800845d   Thumb Code     0  printfa.o(i.__0sprintf)
    sprintf                                  0x0800845d   Thumb Code     0  printfa.o(i.__0sprintf)
    __kernel_poly                            0x080084bd   Thumb Code   170  poly.o(i.__kernel_poly)
    __mathlib_dbl_divzero                    0x08008569   Thumb Code    12  dunder.o(i.__mathlib_dbl_divzero)
    __mathlib_dbl_infnan                     0x08008579   Thumb Code     6  dunder.o(i.__mathlib_dbl_infnan)
    __mathlib_dbl_invalid                    0x0800857f   Thumb Code    12  dunder.o(i.__mathlib_dbl_invalid)
    __scatterload_copy                       0x0800858b   Thumb Code    14  handlers.o(i.__scatterload_copy)
    __scatterload_null                       0x08008599   Thumb Code     2  handlers.o(i.__scatterload_null)
    __scatterload_zeroinit                   0x0800859b   Thumb Code    14  handlers.o(i.__scatterload_zeroinit)
    __set_errno                              0x080085a9   Thumb Code     6  errno.o(i.__set_errno)
    clust2sect                               0x08009015   Thumb Code    32  ff.o(i.clust2sect)
    disk_initialize                          0x080095bd   Thumb Code    40  diskio.o(i.disk_initialize)
    disk_ioctl                               0x080095e9   Thumb Code    36  diskio.o(i.disk_ioctl)
    disk_read                                0x08009611   Thumb Code    42  diskio.o(i.disk_read)
    disk_status                              0x08009641   Thumb Code    24  diskio.o(i.disk_status)
    disk_write                               0x0800965d   Thumb Code    42  diskio.o(i.disk_write)
    f_close                                  0x080096b5   Thumb Code    46  ff.o(i.f_close)
    f_lseek                                  0x080096e3   Thumb Code   834  ff.o(i.f_lseek)
    f_mkfs                                   0x08009a25   Thumb Code  1580  ff.o(i.f_mkfs)
    f_mount                                  0x0800a069   Thumb Code    96  ff.o(i.f_mount)
    f_open                                   0x0800a0cd   Thumb Code   476  ff.o(i.f_open)
    f_sync                                   0x0800a2a9   Thumb Code   202  ff.o(i.f_sync)
    f_write                                  0x0800a373   Thumb Code   598  ff.o(i.f_write)
    fputc                                    0x0800aa41   Thumb Code    22  include.o(i.fputc)
    fs_write                                 0x0800aa5d   Thumb Code   416  main.o(i.fs_write)
    get_fat                                  0x0800ad3d   Thumb Code   238  ff.o(i.get_fat)
    get_fattime                              0x0800ae2d   Thumb Code    58  fatfs.o(i.get_fattime)
    getsize                                  0x0800aeb5   Thumb Code    18  main.o(i.getsize)
    log                                      0x0800afd5   Thumb Code   808  log.o(i.log)
    loop                                     0x0800b331   Thumb Code    52  main.o(i.loop)
    main                                     0x0800b379   Thumb Code    48  main.o(i.main)
    put_fat                                  0x0800b435   Thumb Code   326  ff.o(i.put_fat)
    read_sensor                              0x0800b57d   Thumb Code   286  main.o(i.read_sensor)
    setup                                    0x0800b747   Thumb Code    36  main.o(i.setup)
    STORAGE_Inquirydata_FS                   0x0800b910   Data          36  usbd_storage_if.o(.constdata)
    AHBPrescTable                            0x0800b934   Data          16  system_stm32f1xx.o(.constdata)
    APBPrescTable                            0x0800b944   Data           8  system_stm32f1xx.o(.constdata)
    MSC_Page00_Inquiry_Data                  0x0800b9f8   Data           7  usbd_msc_data.o(.constdata)
    MSC_Mode_Sense6_data                     0x0800b9ff   Data           8  usbd_msc_data.o(.constdata)
    MSC_Mode_Sense10_data                    0x0800ba07   Data           8  usbd_msc_data.o(.constdata)
    table_week                               0x0800ba0f   Data          12  myrtc.o(.constdata)
    mon_table                                0x0800ba1b   Data          12  myrtc.o(.constdata)
    __mathlib_zero                           0x0800ba60   Data           8  qnan.o(.constdata)
    Region$$Table$$Base                      0x0800ba6c   Number         0  anon$$obj.o(Region$$Table)
    Region$$Table$$Limit                     0x0800ba8c   Number         0  anon$$obj.o(Region$$Table)
    temperature                              0x20000000   Data           4  main.o(.data)
    humidity                                 0x20000004   Data           4  main.o(.data)
    sht_state                                0x20000008   Data           4  main.o(.data)
    dat                                      0x2000000c   Data           6  main.o(.data)
    light                                    0x20000012   Data           2  main.o(.data)
    bh1750_state                             0x20000014   Data           4  main.o(.data)
    sound_v                                  0x20000018   Data           4  main.o(.data)
    raw_sound                                0x2000001c   Data           4  main.o(.data)
    sound_level                              0x20000020   Data           4  main.o(.data)
    db                                       0x20000024   Data           4  main.o(.data)
    k                                        0x20000028   Data           4  main.o(.data)
    offset                                   0x2000002c   Data           4  main.o(.data)
    path                                     0x20000030   Data           4  main.o(.data)
    fr                                       0x20000034   Data           1  main.o(.data)
    br                                       0x20000038   Data           4  main.o(.data)
    rtc_cnt                                  0x2000003c   Data           4  main.o(.data)
    testt                                    0x20000040   Data           4  main.o(.data)
    USER_Driver                              0x20000048   Data          20  user_diskio.o(.data)
    retUSER                                  0x2000005c   Data           1  fatfs.o(.data)
    USERPath                                 0x2000005d   Data           4  fatfs.o(.data)
    FS_Desc                                  0x20000064   Data          28  usbd_desc.o(.data)
    USBD_FS_DeviceDesc                       0x20000080   Data          18  usbd_desc.o(.data)
    USBD_LangIDDesc                          0x20000094   Data           4  usbd_desc.o(.data)
    USBD_StringSerial                        0x20000098   Data          26  usbd_desc.o(.data)
    busy                                     0x200000b4   Data           1  usbd_storage_if.o(.data)
    USBD_Storage_Interface_fops_FS           0x200000b8   Data          32  usbd_storage_if.o(.data)
    usb_state                                0x200000d8   Data           1  usbd_conf.o(.data)
    uwTick                                   0x200000dc   Data           4  stm32f1xx_hal.o(.data)
    uwTickPrio                               0x200000e0   Data           4  stm32f1xx_hal.o(.data)
    uwTickFreq                               0x200000e4   Data           1  stm32f1xx_hal.o(.data)
    SystemCoreClock                          0x200000e8   Data           4  system_stm32f1xx.o(.data)
    USBD_MSC                                 0x200000f4   Data          56  usbd_msc.o(.data)
    USBD_MSC_CfgHSDesc                       0x2000012c   Data          32  usbd_msc.o(.data)
    USBD_MSC_CfgFSDesc                       0x2000014c   Data          32  usbd_msc.o(.data)
    USBD_MSC_OtherSpeedCfgDesc               0x2000016c   Data          32  usbd_msc.o(.data)
    USBD_MSC_DeviceQualifierDesc             0x2000018c   Data          10  usbd_msc.o(.data)
    __stdout                                 0x20000198   Data           4  stdout.o(.data)
    txbuf                                    0x200001a0   Data        2048  main.o(.bss)
    rxbuf                                    0x200009a0   Data        2048  main.o(.bss)
    fs                                       0x200011a0   Data        2096  main.o(.bss)
    file                                     0x200019d0   Data        2092  main.o(.bss)
    hadc1                                    0x200021fc   Data          48  adc.o(.bss)
    hi2c1                                    0x2000222c   Data          84  i2c.o(.bss)
    hrtc                                     0x20002280   Data          20  rtc.o(.bss)
    huart1                                   0x20002294   Data          68  usart.o(.bss)
    hUsbDeviceFS                             0x200022d8   Data         708  usb_device.o(.bss)
    USBD_StrDesc                             0x2000259c   Data        2048  usbd_desc.o(.bss)
    hpcd_USB_FS                              0x20002d9c   Data         748  usbd_conf.o(.bss)
    pFlash                                   0x200038f8   Data          32  stm32f1xx_hal_flash.o(.bss)
    disk                                     0x20003930   Data          12  ff_gen_drv.o(.bss)
    calendar                                 0x2000394c   Data          10  myrtc.o(.bss)
    __initial_sp                             0x20004958   Data           0  startup_stm32f103xg.o(STACK)



==============================================================================

Memory Map of the image

  Image Entry point : 0x08000131

  Load Region LR_IROM1 (Base: 0x08000000, Size: 0x0000bc2c, Max: 0x00100000, ABSOLUTE, COMPRESSED[0x0000bb54])

    Execution Region ER_IROM1 (Exec base: 0x08000000, Load base: 0x08000000, Size: 0x0000ba8c, Max: 0x00100000, ABSOLUTE)

    Exec Addr    Load Addr    Size         Type   Attr      Idx    E Section Name        Object

    0x08000000   0x08000000   0x00000130   Data   RO            3    RESET               startup_stm32f103xg.o
    0x08000130   0x08000130   0x00000000   Code   RO         5403  * .ARM.Collect$$$$00000000  mc_w.l(entry.o)
    0x08000130   0x08000130   0x00000004   Code   RO         5716    .ARM.Collect$$$$00000001  mc_w.l(entry2.o)
    0x08000134   0x08000134   0x00000004   Code   RO         5719    .ARM.Collect$$$$00000004  mc_w.l(entry5.o)
    0x08000138   0x08000138   0x00000000   Code   RO         5721    .ARM.Collect$$$$00000008  mc_w.l(entry7b.o)
    0x08000138   0x08000138   0x00000000   Code   RO         5723    .ARM.Collect$$$$0000000A  mc_w.l(entry8b.o)
    0x08000138   0x08000138   0x00000008   Code   RO         5724    .ARM.Collect$$$$0000000B  mc_w.l(entry9a.o)
    0x08000140   0x08000140   0x00000000   Code   RO         5726    .ARM.Collect$$$$0000000D  mc_w.l(entry10a.o)
    0x08000140   0x08000140   0x00000000   Code   RO         5728    .ARM.Collect$$$$0000000F  mc_w.l(entry11a.o)
    0x08000140   0x08000140   0x00000004   Code   RO         5717    .ARM.Collect$$$$00002712  mc_w.l(entry2.o)
    0x08000144   0x08000144   0x00000024   Code   RO            4    .text               startup_stm32f103xg.o
    0x08000168   0x08000168   0x00000020   Code   RO         5406    .text               mc_w.l(llushr.o)
    0x08000188   0x08000188   0x00000024   Code   RO         5408    .text               mc_w.l(memcpya.o)
    0x080001ac   0x080001ac   0x00000024   Code   RO         5410    .text               mc_w.l(memseta.o)
    0x080001d0   0x080001d0   0x000000b0   Code   RO         5675    .text               mf_w.l(fadd.o)
    0x08000280   0x08000280   0x00000064   Code   RO         5677    .text               mf_w.l(fmul.o)
    0x080002e4   0x080002e4   0x0000007c   Code   RO         5679    .text               mf_w.l(fdiv.o)
    0x08000360   0x08000360   0x0000014e   Code   RO         5681    .text               mf_w.l(dadd.o)
    0x080004ae   0x080004ae   0x000000e4   Code   RO         5683    .text               mf_w.l(dmul.o)
    0x08000592   0x08000592   0x000000de   Code   RO         5685    .text               mf_w.l(ddiv.o)
    0x08000670   0x08000670   0x0000000a   Code   RO         5687    .text               mf_w.l(ffltui.o)
    0x0800067a   0x0800067a   0x00000022   Code   RO         5689    .text               mf_w.l(dflti.o)
    0x0800069c   0x0800069c   0x0000001a   Code   RO         5691    .text               mf_w.l(dfltui.o)
    0x080006b6   0x080006b6   0x0000003e   Code   RO         5693    .text               mf_w.l(dfixi.o)
    0x080006f4   0x080006f4   0x00000026   Code   RO         5695    .text               mf_w.l(f2d.o)
    0x0800071a   0x0800071a   0x00000038   Code   RO         5697    .text               mf_w.l(d2f.o)
    0x08000752   0x08000752   0x0000002c   Code   RO         5731    .text               mc_w.l(uidiv.o)
    0x0800077e   0x0800077e   0x00000062   Code   RO         5733    .text               mc_w.l(uldiv.o)
    0x080007e0   0x080007e0   0x0000001e   Code   RO         5735    .text               mc_w.l(llshl.o)
    0x080007fe   0x080007fe   0x00000024   Code   RO         5737    .text               mc_w.l(llsshr.o)
    0x08000822   0x08000822   0x00000000   Code   RO         5746    .text               mc_w.l(iusefp.o)
    0x08000822   0x08000822   0x0000006e   Code   RO         5747    .text               mf_w.l(fepilogue.o)
    0x08000890   0x08000890   0x000000ba   Code   RO         5749    .text               mf_w.l(depilogue.o)
    0x0800094a   0x0800094a   0x0000002e   Code   RO         5751    .text               mf_w.l(dscalb.o)
    0x08000978   0x08000978   0x00000030   Code   RO         5753    .text               mf_w.l(dfixul.o)
    0x080009a8   0x080009a8   0x00000030   Code   RO         5755    .text               mf_w.l(cdcmple.o)
    0x080009d8   0x080009d8   0x00000030   Code   RO         5757    .text               mf_w.l(cdrcmple.o)
    0x08000a08   0x08000a08   0x00000024   Code   RO         5759    .text               mc_w.l(init.o)
    0x08000a2c   0x08000a2c   0x00000056   Code   RO         5769    .text               mc_w.l(__dczerorl2.o)
    0x08000a82   0x08000a82   0x0000005c   Code   RO         2623    i.ADC_ConversionStop_Disable  stm32f1xx_hal_adc.o
    0x08000ade   0x08000ade   0x00000002   PAD
    0x08000ae0   0x08000ae0   0x00000090   Code   RO         2627    i.ADC_Enable        stm32f1xx_hal_adc.o
    0x08000b70   0x08000b70   0x00000030   Code   RO         5228    i.ADC_GetVal        myadc.o
    0x08000ba0   0x08000ba0   0x0000002c   Code   RO         5229    i.ADC_Select_CH     myadc.o
    0x08000bcc   0x08000bcc   0x00000044   Code   RO         5261    i.BH1750_Dat_To_Lux  bh1750.o
    0x08000c10   0x08000c10   0x0000001c   Code   RO         5262    i.BH1750_Read_Dat   bh1750.o
    0x08000c2c   0x08000c2c   0x0000001c   Code   RO         5263    i.BH1750_Send_Cmd   bh1750.o
    0x08000c48   0x08000c48   0x00000004   Code   RO          473    i.BusFault_Handler  stm32f1xx_it.o
    0x08000c4c   0x08000c4c   0x0000003e   Code   RO         5172    i.CheckCrc8         sht30.o
    0x08000c8a   0x08000c8a   0x00000002   Code   RO          474    i.DebugMon_Handler  stm32f1xx_it.o
    0x08000c8c   0x08000c8c   0x00000006   Code   RO           13    i.Error_Handler     main.o
    0x08000c92   0x08000c92   0x00000012   Code   RO         4485    i.FATFS_LinkDriver  ff_gen_drv.o
    0x08000ca4   0x08000ca4   0x00000054   Code   RO         4486    i.FATFS_LinkDriverEx  ff_gen_drv.o
    0x08000cf8   0x08000cf8   0x00000074   Code   RO         2445    i.FLASH_MassErase   stm32f1xx_hal_flash_ex.o
    0x08000d6c   0x08000d6c   0x0000004c   Code   RO         2454    i.FLASH_PageErase   stm32f1xx_hal_flash_ex.o
    0x08000db8   0x08000db8   0x00000038   Code   RO         2336    i.FLASH_Program_HalfWord  stm32f1xx_hal_flash.o
    0x08000df0   0x08000df0   0x000000ac   Code   RO         2337    i.FLASH_SetErrorCode  stm32f1xx_hal_flash.o
    0x08000e9c   0x08000e9c   0x00000070   Code   RO         2338    i.FLASH_WaitForLastOperation  stm32f1xx_hal_flash.o
    0x08000f0c   0x08000f0c   0x00000064   Code   RO         2339    i.FLASH_WaitForLastOperationBank2  stm32f1xx_hal_flash.o
    0x08000f70   0x08000f70   0x00000028   Code   RO         5300    i.Flash_Read        flash.o
    0x08000f98   0x08000f98   0x00000064   Code   RO         5301    i.Flash_Write       flash.o
    0x08000ffc   0x08000ffc   0x00000034   Code   RO          740    i.Get_SerialNum     usbd_desc.o
    0x08001030   0x08001030   0x00000160   Code   RO         2629    i.HAL_ADC_ConfigChannel  stm32f1xx_hal_adc.o
    0x08001190   0x08001190   0x00000008   Code   RO         2636    i.HAL_ADC_GetValue  stm32f1xx_hal_adc.o
    0x08001198   0x08001198   0x00000160   Code   RO         2638    i.HAL_ADC_Init      stm32f1xx_hal_adc.o
    0x080012f8   0x080012f8   0x00000070   Code   RO          306    i.HAL_ADC_MspInit   adc.o
    0x08001368   0x08001368   0x00000180   Code   RO         2642    i.HAL_ADC_PollForConversion  stm32f1xx_hal_adc.o
    0x080014e8   0x080014e8   0x00000130   Code   RO         2644    i.HAL_ADC_Start     stm32f1xx_hal_adc.o
    0x08001618   0x08001618   0x00000040   Code   RO         2647    i.HAL_ADC_Stop      stm32f1xx_hal_adc.o
    0x08001658   0x08001658   0x00000028   Code   RO         1600    i.HAL_Delay         stm32f1xx_hal.o
    0x08001680   0x08001680   0x00000188   Code   RO         2455    i.HAL_FLASHEx_Erase  stm32f1xx_hal_flash_ex.o
    0x08001808   0x08001808   0x00000020   Code   RO         2343    i.HAL_FLASH_Lock    stm32f1xx_hal_flash.o
    0x08001828   0x08001828   0x000000f0   Code   RO         2348    i.HAL_FLASH_Program  stm32f1xx_hal_flash.o
    0x08001918   0x08001918   0x00000050   Code   RO         2350    i.HAL_FLASH_Unlock  stm32f1xx_hal_flash.o
    0x08001968   0x08001968   0x00000340   Code   RO         1913    i.HAL_GPIO_Init     stm32f1xx_hal_gpio.o
    0x08001ca8   0x08001ca8   0x00000014   Code   RO         1916    i.HAL_GPIO_TogglePin  stm32f1xx_hal_gpio.o
    0x08001cbc   0x08001cbc   0x0000000c   Code   RO         1917    i.HAL_GPIO_WritePin  stm32f1xx_hal_gpio.o
    0x08001cc8   0x08001cc8   0x0000000c   Code   RO         1604    i.HAL_GetTick       stm32f1xx_hal.o
    0x08001cd4   0x08001cd4   0x000001d0   Code   RO         2910    i.HAL_I2C_Init      stm32f1xx_hal_i2c.o
    0x08001ea4   0x08001ea4   0x00000358   Code   RO         2916    i.HAL_I2C_Master_Receive  stm32f1xx_hal_i2c.o
    0x080021fc   0x080021fc   0x00000170   Code   RO         2923    i.HAL_I2C_Master_Transmit  stm32f1xx_hal_i2c.o
    0x0800236c   0x0800236c   0x00000074   Code   RO          348    i.HAL_I2C_MspInit   i2c.o
    0x080023e0   0x080023e0   0x00000018   Code   RO         1610    i.HAL_IncTick       stm32f1xx_hal.o
    0x080023f8   0x080023f8   0x00000028   Code   RO         1611    i.HAL_Init          stm32f1xx_hal.o
    0x08002420   0x08002420   0x0000004c   Code   RO         1612    i.HAL_InitTick      stm32f1xx_hal.o
    0x0800246c   0x0800246c   0x00000054   Code   RO          567    i.HAL_MspInit       stm32f1xx_hal_msp.o
    0x080024c0   0x080024c0   0x00000020   Code   RO         2076    i.HAL_NVIC_EnableIRQ  stm32f1xx_hal_cortex.o
    0x080024e0   0x080024e0   0x0000007c   Code   RO         2082    i.HAL_NVIC_SetPriority  stm32f1xx_hal_cortex.o
    0x0800255c   0x0800255c   0x00000028   Code   RO         2083    i.HAL_NVIC_SetPriorityGrouping  stm32f1xx_hal_cortex.o
    0x08002584   0x08002584   0x00000044   Code   RO         1373    i.HAL_PCDEx_PMAConfig  stm32f1xx_hal_pcd_ex.o
    0x080025c8   0x080025c8   0x00000002   Code   RO          891    i.HAL_PCDEx_SetConnectionState  usbd_conf.o
    0x080025ca   0x080025ca   0x00000020   Code   RO          893    i.HAL_PCD_DataInStageCallback  usbd_conf.o
    0x080025ea   0x080025ea   0x00000020   Code   RO          894    i.HAL_PCD_DataOutStageCallback  usbd_conf.o
    0x0800260a   0x0800260a   0x0000006a   Code   RO         1149    i.HAL_PCD_EP_Close  stm32f1xx_hal_pcd.o
    0x08002674   0x08002674   0x0000007c   Code   RO         1150    i.HAL_PCD_EP_ClrStall  stm32f1xx_hal_pcd.o
    0x080026f0   0x080026f0   0x00000158   Code   RO         1151    i.HAL_PCD_EP_DB_Receive  stm32f1xx_hal_pcd.o
    0x08002848   0x08002848   0x00000528   Code   RO         1152    i.HAL_PCD_EP_DB_Transmit  stm32f1xx_hal_pcd.o
    0x08002d70   0x08002d70   0x00000044   Code   RO         1153    i.HAL_PCD_EP_Flush  stm32f1xx_hal_pcd.o
    0x08002db4   0x08002db4   0x00000016   Code   RO         1154    i.HAL_PCD_EP_GetRxCount  stm32f1xx_hal_pcd.o
    0x08002dca   0x08002dca   0x0000008c   Code   RO         1155    i.HAL_PCD_EP_Open   stm32f1xx_hal_pcd.o
    0x08002e56   0x08002e56   0x0000004c   Code   RO         1156    i.HAL_PCD_EP_Receive  stm32f1xx_hal_pcd.o
    0x08002ea2   0x08002ea2   0x00000088   Code   RO         1157    i.HAL_PCD_EP_SetStall  stm32f1xx_hal_pcd.o
    0x08002f2a   0x08002f2a   0x00000056   Code   RO         1158    i.HAL_PCD_EP_Transmit  stm32f1xx_hal_pcd.o
    0x08002f80   0x08002f80   0x000001e2   Code   RO         1160    i.HAL_PCD_IRQHandler  stm32f1xx_hal_pcd.o
    0x08003162   0x08003162   0x00000158   Code   RO         1163    i.HAL_PCD_Init      stm32f1xx_hal_pcd.o
    0x080032ba   0x080032ba   0x00000002   PAD
    0x080032bc   0x080032bc   0x00000054   Code   RO          899    i.HAL_PCD_MspInit   usbd_conf.o
    0x08003310   0x08003310   0x00000024   Code   RO          900    i.HAL_PCD_ResetCallback  usbd_conf.o
    0x08003334   0x08003334   0x00000018   Code   RO          901    i.HAL_PCD_ResumeCallback  usbd_conf.o
    0x0800334c   0x0800334c   0x0000000e   Code   RO          902    i.HAL_PCD_SOFCallback  usbd_conf.o
    0x0800335a   0x0800335a   0x00000036   Code   RO         1169    i.HAL_PCD_SetAddress  stm32f1xx_hal_pcd.o
    0x08003390   0x08003390   0x00000012   Code   RO          903    i.HAL_PCD_SetupStageCallback  usbd_conf.o
    0x080033a2   0x080033a2   0x0000003c   Code   RO         1171    i.HAL_PCD_Start     stm32f1xx_hal_pcd.o
    0x080033de   0x080033de   0x00000002   PAD
    0x080033e0   0x080033e0   0x0000002c   Code   RO          904    i.HAL_PCD_SuspendCallback  usbd_conf.o
    0x0800340c   0x0800340c   0x0000000c   Code   RO         2218    i.HAL_PWR_EnableBkUpAccess  stm32f1xx_hal_pwr.o
    0x08003418   0x08003418   0x00000134   Code   RO         1875    i.HAL_RCCEx_GetPeriphCLKFreq  stm32f1xx_hal_rcc_ex.o
    0x0800354c   0x0800354c   0x00000130   Code   RO         1876    i.HAL_RCCEx_PeriphCLKConfig  stm32f1xx_hal_rcc_ex.o
    0x0800367c   0x0800367c   0x0000018c   Code   RO         1768    i.HAL_RCC_ClockConfig  stm32f1xx_hal_rcc.o
    0x08003808   0x08003808   0x0000000c   Code   RO         1773    i.HAL_RCC_GetHCLKFreq  stm32f1xx_hal_rcc.o
    0x08003814   0x08003814   0x00000020   Code   RO         1775    i.HAL_RCC_GetPCLK1Freq  stm32f1xx_hal_rcc.o
    0x08003834   0x08003834   0x00000020   Code   RO         1776    i.HAL_RCC_GetPCLK2Freq  stm32f1xx_hal_rcc.o
    0x08003854   0x08003854   0x00000094   Code   RO         1777    i.HAL_RCC_GetSysClockFreq  stm32f1xx_hal_rcc.o
    0x080038e8   0x080038e8   0x00000464   Code   RO         1780    i.HAL_RCC_OscConfig  stm32f1xx_hal_rcc.o
    0x08003d4c   0x08003d4c   0x00000002   Code   RO         3371    i.HAL_RTC_AlarmAEventCallback  stm32f1xx_hal_rtc.o
    0x08003d4e   0x08003d4e   0x00000002   PAD
    0x08003d50   0x08003d50   0x0000003c   Code   RO         3372    i.HAL_RTC_AlarmIRQHandler  stm32f1xx_hal_rtc.o
    0x08003d8c   0x08003d8c   0x000000d0   Code   RO         3379    i.HAL_RTC_Init      stm32f1xx_hal_rtc.o
    0x08003e5c   0x08003e5c   0x00000050   Code   RO          390    i.HAL_RTC_MspInit   rtc.o
    0x08003eac   0x08003eac   0x00000040   Code   RO         3387    i.HAL_RTC_WaitForSynchro  stm32f1xx_hal_rtc.o
    0x08003eec   0x08003eec   0x00000034   Code   RO         2087    i.HAL_SYSTICK_Config  stm32f1xx_hal_cortex.o
    0x08003f20   0x08003f20   0x00000072   Code   RO         3713    i.HAL_UART_Init     stm32f1xx_hal_uart.o
    0x08003f92   0x08003f92   0x00000002   PAD
    0x08003f94   0x08003f94   0x00000088   Code   RO          432    i.HAL_UART_MspInit  usart.o
    0x0800401c   0x0800401c   0x000000d2   Code   RO         3721    i.HAL_UART_Transmit  stm32f1xx_hal_uart.o
    0x080040ee   0x080040ee   0x00000004   Code   RO          475    i.HardFault_Handler  stm32f1xx_it.o
    0x080040f2   0x080040f2   0x0000003e   Code   RO         2953    i.I2C_IsAcknowledgeFailed  stm32f1xx_hal_i2c.o
    0x08004130   0x08004130   0x00000138   Code   RO         2956    i.I2C_MasterRequestRead  stm32f1xx_hal_i2c.o
    0x08004268   0x08004268   0x000000c0   Code   RO         2957    i.I2C_MasterRequestWrite  stm32f1xx_hal_i2c.o
    0x08004328   0x08004328   0x0000005c   Code   RO         2973    i.I2C_WaitOnBTFFlagUntilTimeout  stm32f1xx_hal_i2c.o
    0x08004384   0x08004384   0x00000086   Code   RO         2974    i.I2C_WaitOnFlagUntilTimeout  stm32f1xx_hal_i2c.o
    0x0800440a   0x0800440a   0x000000c4   Code   RO         2975    i.I2C_WaitOnMasterAddressFlagUntilTimeout  stm32f1xx_hal_i2c.o
    0x080044ce   0x080044ce   0x00000080   Code   RO         2976    i.I2C_WaitOnRXNEFlagUntilTimeout  stm32f1xx_hal_i2c.o
    0x0800454e   0x0800454e   0x0000005c   Code   RO         2979    i.I2C_WaitOnTXEFlagUntilTimeout  stm32f1xx_hal_i2c.o
    0x080045aa   0x080045aa   0x0000003e   Code   RO          741    i.IntToUnicode      usbd_desc.o
    0x080045e8   0x080045e8   0x0000003a   Code   RO         5334    i.Is_Leap_Year      myrtc.o
    0x08004622   0x08004622   0x00000042   Code   RO         4942    i.MSC_BOT_Abort     usbd_msc_bot.o
    0x08004664   0x08004664   0x000000e0   Code   RO         4943    i.MSC_BOT_CBW_Decode  usbd_msc_bot.o
    0x08004744   0x08004744   0x0000003c   Code   RO         4944    i.MSC_BOT_CplClrFeature  usbd_msc_bot.o
    0x08004780   0x08004780   0x0000004a   Code   RO         4945    i.MSC_BOT_DataIn    usbd_msc_bot.o
    0x080047ca   0x080047ca   0x00000040   Code   RO         4946    i.MSC_BOT_DataOut   usbd_msc_bot.o
    0x0800480a   0x0800480a   0x0000000a   Code   RO         4947    i.MSC_BOT_DeInit    usbd_msc_bot.o
    0x08004814   0x08004814   0x00000040   Code   RO         4948    i.MSC_BOT_Init      usbd_msc_bot.o
    0x08004854   0x08004854   0x00000020   Code   RO         4949    i.MSC_BOT_Reset     usbd_msc_bot.o
    0x08004874   0x08004874   0x0000003c   Code   RO         4950    i.MSC_BOT_SendCSW   usbd_msc_bot.o
    0x080048b0   0x080048b0   0x0000004e   Code   RO         4951    i.MSC_BOT_SendData  usbd_msc_bot.o
    0x080048fe   0x080048fe   0x00000002   PAD
    0x08004900   0x08004900   0x00000058   Code   RO          307    i.MX_ADC1_Init      adc.o
    0x08004958   0x08004958   0x0000001c   Code   RO          648    i.MX_FATFS_Init     fatfs.o
    0x08004974   0x08004974   0x0000008c   Code   RO          281    i.MX_GPIO_Init      gpio.o
    0x08004a00   0x08004a00   0x0000003c   Code   RO          349    i.MX_I2C1_Init      i2c.o
    0x08004a3c   0x08004a3c   0x00000030   Code   RO          391    i.MX_RTC_Init       rtc.o
    0x08004a6c   0x08004a6c   0x0000003c   Code   RO          433    i.MX_USART1_UART_Init  usart.o
    0x08004aa8   0x08004aa8   0x0000004c   Code   RO          685    i.MX_USB_DEVICE_Init  usb_device.o
    0x08004af4   0x08004af4   0x00000004   Code   RO          476    i.MemManage_Handler  stm32f1xx_it.o
    0x08004af8   0x08004af8   0x00000004   Code   RO          477    i.NMI_Handler       stm32f1xx_it.o
    0x08004afc   0x08004afc   0x000003f2   Code   RO         1175    i.PCD_EP_ISR_Handler  stm32f1xx_hal_pcd.o
    0x08004eee   0x08004eee   0x00000002   Code   RO          478    i.PendSV_Handler    stm32f1xx_it.o
    0x08004ef0   0x08004ef0   0x00000028   Code   RO         1781    i.RCC_Delay         stm32f1xx_hal_rcc.o
    0x08004f18   0x08004f18   0x00000010   Code   RO          479    i.RTC_Alarm_IRQHandler  stm32f1xx_it.o
    0x08004f28   0x08004f28   0x0000003a   Code   RO         3391    i.RTC_EnterInitMode  stm32f1xx_hal_rtc.o
    0x08004f62   0x08004f62   0x0000003a   Code   RO         3392    i.RTC_ExitInitMode  stm32f1xx_hal_rtc.o
    0x08004f9c   0x08004f9c   0x00000108   Code   RO         5336    i.RTC_Get           myrtc.o
    0x080050a4   0x080050a4   0x00000078   Code   RO         5337    i.RTC_Get_Week      myrtc.o
    0x0800511c   0x0800511c   0x00000032   Code   RO         5041    i.SCSI_CheckAddressRange  usbd_msc_scsi.o
    0x0800514e   0x0800514e   0x00000002   PAD
    0x08005150   0x08005150   0x00000064   Code   RO         5042    i.SCSI_Inquiry      usbd_msc_scsi.o
    0x080051b4   0x080051b4   0x0000002c   Code   RO         5043    i.SCSI_ModeSense10  usbd_msc_scsi.o
    0x080051e0   0x080051e0   0x0000002c   Code   RO         5044    i.SCSI_ModeSense6   usbd_msc_scsi.o
    0x0800520c   0x0800520c   0x000000ee   Code   RO         5045    i.SCSI_ProcessCmd   usbd_msc_scsi.o
    0x080052fa   0x080052fa   0x000000b0   Code   RO         5046    i.SCSI_ProcessRead  usbd_msc_scsi.o
    0x080053aa   0x080053aa   0x000000d8   Code   RO         5047    i.SCSI_ProcessWrite  usbd_msc_scsi.o
    0x08005482   0x08005482   0x000000d2   Code   RO         5048    i.SCSI_Read10       usbd_msc_scsi.o
    0x08005554   0x08005554   0x00000080   Code   RO         5049    i.SCSI_ReadCapacity10  usbd_msc_scsi.o
    0x080055d4   0x080055d4   0x0000008a   Code   RO         5050    i.SCSI_ReadFormatCapacity  usbd_msc_scsi.o
    0x0800565e   0x0800565e   0x00000086   Code   RO         5051    i.SCSI_RequestSense  usbd_msc_scsi.o
    0x080056e4   0x080056e4   0x00000040   Code   RO         5052    i.SCSI_SenseCode    usbd_msc_scsi.o
    0x08005724   0x08005724   0x00000010   Code   RO         5053    i.SCSI_StartStopUnit  usbd_msc_scsi.o
    0x08005734   0x08005734   0x00000056   Code   RO         5054    i.SCSI_TestUnitReady  usbd_msc_scsi.o
    0x0800578a   0x0800578a   0x0000004c   Code   RO         5055    i.SCSI_Verify10     usbd_msc_scsi.o
    0x080057d6   0x080057d6   0x00000112   Code   RO         5056    i.SCSI_Write10      usbd_msc_scsi.o
    0x080058e8   0x080058e8   0x0000008c   Code   RO         5173    i.SHT30_Dat_To_Float  sht30.o
    0x08005974   0x08005974   0x0000000c   Code   RO         5174    i.SHT30_Init        sht30.o
    0x08005980   0x08005980   0x0000002c   Code   RO         5175    i.SHT30_Read_Dat    sht30.o
    0x080059ac   0x080059ac   0x00000012   Code   RO         5176    i.SHT30_Reset       sht30.o
    0x080059be   0x080059be   0x00000002   PAD
    0x080059c0   0x080059c0   0x00000028   Code   RO         5177    i.SHT30_Send_Cmd    sht30.o
    0x080059e8   0x080059e8   0x00000012   Code   RO          830    i.STORAGE_GetCapacity_FS  usbd_storage_if.o
    0x080059fa   0x080059fa   0x00000004   Code   RO          831    i.STORAGE_GetMaxLun_FS  usbd_storage_if.o
    0x080059fe   0x080059fe   0x00000006   Code   RO          832    i.STORAGE_Init_FS   usbd_storage_if.o
    0x08005a04   0x08005a04   0x00000010   Code   RO          833    i.STORAGE_IsReady_FS  usbd_storage_if.o
    0x08005a14   0x08005a14   0x00000006   Code   RO          834    i.STORAGE_IsWriteProtected_FS  usbd_storage_if.o
    0x08005a1a   0x08005a1a   0x00000002   PAD
    0x08005a1c   0x08005a1c   0x0000002c   Code   RO          835    i.STORAGE_Read_FS   usbd_storage_if.o
    0x08005a48   0x08005a48   0x00000030   Code   RO          836    i.STORAGE_Write_FS  usbd_storage_if.o
    0x08005a78   0x08005a78   0x00000002   Code   RO          480    i.SVC_Handler       stm32f1xx_it.o
    0x08005a7a   0x08005a7a   0x00000008   Code   RO          481    i.SysTick_Handler   stm32f1xx_it.o
    0x08005a82   0x08005a82   0x00000090   Code   RO           14    i.SystemClock_Config  main.o
    0x08005b12   0x08005b12   0x00000002   Code   RO         4052    i.SystemInit        system_stm32f1xx.o
    0x08005b14   0x08005b14   0x000000fc   Code   RO         3740    i.UART_SetConfig    stm32f1xx_hal_uart.o
    0x08005c10   0x08005c10   0x0000006c   Code   RO         3744    i.UART_WaitOnFlagUntilTimeout  stm32f1xx_hal_uart.o
    0x08005c7c   0x08005c7c   0x00000016   Code   RO         4565    i.USBD_ClrClassConfig  usbd_core.o
    0x08005c92   0x08005c92   0x0000003e   Code   RO         4703    i.USBD_ClrFeature   usbd_ctlreq.o
    0x08005cd0   0x08005cd0   0x00000018   Code   RO         4798    i.USBD_CtlContinueRx  usbd_ioreq.o
    0x08005ce8   0x08005ce8   0x00000018   Code   RO         4799    i.USBD_CtlContinueSendData  usbd_ioreq.o
    0x08005d00   0x08005d00   0x00000018   Code   RO         4704    i.USBD_CtlError     usbd_ctlreq.o
    0x08005d18   0x08005d18   0x0000001a   Code   RO         4801    i.USBD_CtlReceiveStatus  usbd_ioreq.o
    0x08005d32   0x08005d32   0x00000022   Code   RO         4802    i.USBD_CtlSendData  usbd_ioreq.o
    0x08005d54   0x08005d54   0x0000001a   Code   RO         4803    i.USBD_CtlSendStatus  usbd_ioreq.o
    0x08005d6e   0x08005d6e   0x00000002   PAD
    0x08005d70   0x08005d70   0x00000034   Code   RO          742    i.USBD_FS_ConfigStrDescriptor  usbd_desc.o
    0x08005da4   0x08005da4   0x00000010   Code   RO          743    i.USBD_FS_DeviceDescriptor  usbd_desc.o
    0x08005db4   0x08005db4   0x00000038   Code   RO          744    i.USBD_FS_InterfaceStrDescriptor  usbd_desc.o
    0x08005dec   0x08005dec   0x00000010   Code   RO          745    i.USBD_FS_LangIDStrDescriptor  usbd_desc.o
    0x08005dfc   0x08005dfc   0x0000002c   Code   RO          746    i.USBD_FS_ManufacturerStrDescriptor  usbd_desc.o
    0x08005e28   0x08005e28   0x0000003c   Code   RO          747    i.USBD_FS_ProductStrDescriptor  usbd_desc.o
    0x08005e64   0x08005e64   0x00000018   Code   RO          748    i.USBD_FS_SerialStrDescriptor  usbd_desc.o
    0x08005e7c   0x08005e7c   0x00000056   Code   RO         4705    i.USBD_GetConfig    usbd_ctlreq.o
    0x08005ed2   0x08005ed2   0x000001f4   Code   RO         4706    i.USBD_GetDescriptor  usbd_ctlreq.o
    0x080060c6   0x080060c6   0x00000014   Code   RO         4707    i.USBD_GetLen       usbd_ctlreq.o
    0x080060da   0x080060da   0x0000005a   Code   RO         4708    i.USBD_GetStatus    usbd_ctlreq.o
    0x08006134   0x08006134   0x00000052   Code   RO         4709    i.USBD_GetString    usbd_ctlreq.o
    0x08006186   0x08006186   0x0000002c   Code   RO          905    i.USBD_Get_USB_Status  usbd_conf.o
    0x080061b2   0x080061b2   0x00000032   Code   RO         4567    i.USBD_Init         usbd_core.o
    0x080061e4   0x080061e4   0x00000026   Code   RO          906    i.USBD_LL_ClearStallEP  usbd_conf.o
    0x0800620a   0x0800620a   0x00000026   Code   RO          907    i.USBD_LL_CloseEP   usbd_conf.o
    0x08006230   0x08006230   0x00000100   Code   RO         4568    i.USBD_LL_DataInStage  usbd_core.o
    0x08006330   0x08006330   0x000000a6   Code   RO         4569    i.USBD_LL_DataOutStage  usbd_core.o
    0x080063d6   0x080063d6   0x00000026   Code   RO          910    i.USBD_LL_FlushEP   usbd_conf.o
    0x080063fc   0x080063fc   0x00000012   Code   RO          911    i.USBD_LL_GetRxDataSize  usbd_conf.o
    0x0800640e   0x0800640e   0x00000002   PAD
    0x08006410   0x08006410   0x00000074   Code   RO          912    i.USBD_LL_Init      usbd_conf.o
    0x08006484   0x08006484   0x00000038   Code   RO          913    i.USBD_LL_IsStallEP  usbd_conf.o
    0x080064bc   0x080064bc   0x00000030   Code   RO          914    i.USBD_LL_OpenEP    usbd_conf.o
    0x080064ec   0x080064ec   0x00000030   Code   RO          915    i.USBD_LL_PrepareReceive  usbd_conf.o
    0x0800651c   0x0800651c   0x0000005c   Code   RO         4574    i.USBD_LL_Reset     usbd_core.o
    0x08006578   0x08006578   0x00000016   Code   RO         4575    i.USBD_LL_Resume    usbd_core.o
    0x0800658e   0x0800658e   0x00000022   Code   RO         4576    i.USBD_LL_SOF       usbd_core.o
    0x080065b0   0x080065b0   0x00000008   Code   RO         4577    i.USBD_LL_SetSpeed  usbd_core.o
    0x080065b8   0x080065b8   0x00000026   Code   RO          916    i.USBD_LL_SetUSBAddress  usbd_conf.o
    0x080065de   0x080065de   0x0000006e   Code   RO         4578    i.USBD_LL_SetupStage  usbd_core.o
    0x0800664c   0x0800664c   0x00000026   Code   RO          917    i.USBD_LL_StallEP   usbd_conf.o
    0x08006672   0x08006672   0x0000001e   Code   RO          918    i.USBD_LL_Start     usbd_conf.o
    0x08006690   0x08006690   0x00000014   Code   RO         4579    i.USBD_LL_Suspend   usbd_core.o
    0x080066a4   0x080066a4   0x00000030   Code   RO          920    i.USBD_LL_Transmit  usbd_conf.o
    0x080066d4   0x080066d4   0x00000012   Code   RO         4858    i.USBD_MSC_DataIn   usbd_msc.o
    0x080066e6   0x080066e6   0x00000012   Code   RO         4859    i.USBD_MSC_DataOut  usbd_msc.o
    0x080066f8   0x080066f8   0x0000003e   Code   RO         4860    i.USBD_MSC_DeInit   usbd_msc.o
    0x08006736   0x08006736   0x00000002   PAD
    0x08006738   0x08006738   0x00000010   Code   RO         4861    i.USBD_MSC_GetDeviceQualifierDescriptor  usbd_msc.o
    0x08006748   0x08006748   0x00000010   Code   RO         4862    i.USBD_MSC_GetFSCfgDesc  usbd_msc.o
    0x08006758   0x08006758   0x00000010   Code   RO         4863    i.USBD_MSC_GetHSCfgDesc  usbd_msc.o
    0x08006768   0x08006768   0x00000010   Code   RO         4864    i.USBD_MSC_GetOtherSpeedCfgDesc  usbd_msc.o
    0x08006778   0x08006778   0x00000072   Code   RO         4865    i.USBD_MSC_Init     usbd_msc.o
    0x080067ea   0x080067ea   0x0000000c   Code   RO         4866    i.USBD_MSC_RegisterStorage  usbd_msc.o
    0x080067f6   0x080067f6   0x000001c4   Code   RO         4867    i.USBD_MSC_Setup    usbd_msc.o
    0x080069ba   0x080069ba   0x00000028   Code   RO         4710    i.USBD_ParseSetupRequest  usbd_ctlreq.o
    0x080069e2   0x080069e2   0x00000010   Code   RO         4580    i.USBD_RegisterClass  usbd_core.o
    0x080069f2   0x080069f2   0x00000006   Code   RO         4581    i.USBD_RunTestMode  usbd_core.o
    0x080069f8   0x080069f8   0x0000005a   Code   RO         4711    i.USBD_SetAddress   usbd_ctlreq.o
    0x08006a52   0x08006a52   0x00000022   Code   RO         4582    i.USBD_SetClassConfig  usbd_core.o
    0x08006a74   0x08006a74   0x000000e8   Code   RO         4712    i.USBD_SetConfig    usbd_ctlreq.o
    0x08006b5c   0x08006b5c   0x00000018   Code   RO         4713    i.USBD_SetFeature   usbd_ctlreq.o
    0x08006b74   0x08006b74   0x0000000e   Code   RO         4583    i.USBD_Start        usbd_core.o
    0x08006b82   0x08006b82   0x000000a2   Code   RO         4714    i.USBD_StdDevReq    usbd_ctlreq.o
    0x08006c24   0x08006c24   0x00000238   Code   RO         4715    i.USBD_StdEPReq     usbd_ctlreq.o
    0x08006e5c   0x08006e5c   0x0000007e   Code   RO         4716    i.USBD_StdItfReq    usbd_ctlreq.o
    0x08006eda   0x08006eda   0x00000002   Code   RO          921    i.USBD_static_free  usbd_conf.o
    0x08006edc   0x08006edc   0x0000000c   Code   RO          922    i.USBD_static_malloc  usbd_conf.o
    0x08006ee8   0x08006ee8   0x0000044c   Code   RO         1413    i.USB_ActivateEndpoint  stm32f1xx_ll_usb.o
    0x08007334   0x08007334   0x00000008   Code   RO         1416    i.USB_CoreInit      stm32f1xx_ll_usb.o
    0x0800733c   0x0800733c   0x0000027c   Code   RO         1418    i.USB_DeactivateEndpoint  stm32f1xx_ll_usb.o
    0x080075b8   0x080075b8   0x00000006   Code   RO         1419    i.USB_DevConnect    stm32f1xx_ll_usb.o
    0x080075be   0x080075be   0x00000006   Code   RO         1420    i.USB_DevDisconnect  stm32f1xx_ll_usb.o
    0x080075c4   0x080075c4   0x00000016   Code   RO         1421    i.USB_DevInit       stm32f1xx_ll_usb.o
    0x080075da   0x080075da   0x00000014   Code   RO         1422    i.USB_DisableGlobalInt  stm32f1xx_ll_usb.o
    0x080075ee   0x080075ee   0x00000006   Code   RO         1423    i.USB_EP0_OutStart  stm32f1xx_ll_usb.o
    0x080075f4   0x080075f4   0x000000da   Code   RO         1424    i.USB_EPClearStall  stm32f1xx_ll_usb.o
    0x080076ce   0x080076ce   0x0000005c   Code   RO         1425    i.USB_EPSetStall    stm32f1xx_ll_usb.o
    0x0800772a   0x0800772a   0x00000b8a   Code   RO         1426    i.USB_EPStartXfer   stm32f1xx_ll_usb.o
    0x080082b4   0x080082b4   0x00000012   Code   RO         1427    i.USB_EnableGlobalInt  stm32f1xx_ll_usb.o
    0x080082c6   0x080082c6   0x00000006   Code   RO         1428    i.USB_FlushRxFifo   stm32f1xx_ll_usb.o
    0x080082cc   0x080082cc   0x00000006   Code   RO         1429    i.USB_FlushTxFifo   stm32f1xx_ll_usb.o
    0x080082d2   0x080082d2   0x00000002   PAD
    0x080082d4   0x080082d4   0x00000010   Code   RO          482    i.USB_HP_CAN1_TX_IRQHandler  stm32f1xx_it.o
    0x080082e4   0x080082e4   0x00000018   Code   RO          483    i.USB_LP_CAN1_RX0_IRQHandler  stm32f1xx_it.o
    0x080082fc   0x080082fc   0x00000008   Code   RO         1434    i.USB_ReadInterrupts  stm32f1xx_ll_usb.o
    0x08008304   0x08008304   0x0000004a   Code   RO         1435    i.USB_ReadPMA       stm32f1xx_ll_usb.o
    0x0800834e   0x0800834e   0x00000006   Code   RO         1436    i.USB_SetCurrentMode  stm32f1xx_ll_usb.o
    0x08008354   0x08008354   0x0000000e   Code   RO         1437    i.USB_SetDevAddress  stm32f1xx_ll_usb.o
    0x08008362   0x08008362   0x00000042   Code   RO         1439    i.USB_WritePMA      stm32f1xx_ll_usb.o
    0x080083a4   0x080083a4   0x00000006   Code   RO          591    i.USER_initialize   user_diskio.o
    0x080083aa   0x080083aa   0x0000003a   Code   RO          592    i.USER_ioctl        user_diskio.o
    0x080083e4   0x080083e4   0x0000001a   Code   RO          593    i.USER_read         user_diskio.o
    0x080083fe   0x080083fe   0x00000002   PAD
    0x08008400   0x08008400   0x0000001c   Code   RO          594    i.USER_status       user_diskio.o
    0x0800841c   0x0800841c   0x0000001a   Code   RO          595    i.USER_write        user_diskio.o
    0x08008436   0x08008436   0x00000004   Code   RO          484    i.UsageFault_Handler  stm32f1xx_it.o
    0x0800843a   0x0800843a   0x00000002   PAD
    0x0800843c   0x0800843c   0x00000020   Code   RO         5647    i.__0printf         mc_w.l(printfa.o)
    0x0800845c   0x0800845c   0x00000028   Code   RO         5649    i.__0sprintf        mc_w.l(printfa.o)
    0x08008484   0x08008484   0x00000010   Code   RO         2089    i.__NVIC_GetPriorityGrouping  stm32f1xx_hal_cortex.o
    0x08008494   0x08008494   0x00000028   Code   RO         2090    i.__NVIC_SetPriority  stm32f1xx_hal_cortex.o
    0x080084bc   0x080084bc   0x000000aa   Code   RO         5713    i.__kernel_poly     m_ws.l(poly.o)
    0x08008566   0x08008566   0x00000002   PAD
    0x08008568   0x08008568   0x00000010   Code   RO         5699    i.__mathlib_dbl_divzero  m_ws.l(dunder.o)
    0x08008578   0x08008578   0x00000006   Code   RO         5700    i.__mathlib_dbl_infnan  m_ws.l(dunder.o)
    0x0800857e   0x0800857e   0x0000000c   Code   RO         5702    i.__mathlib_dbl_invalid  m_ws.l(dunder.o)
    0x0800858a   0x0800858a   0x0000000e   Code   RO         5763    i.__scatterload_copy  mc_w.l(handlers.o)
    0x08008598   0x08008598   0x00000002   Code   RO         5764    i.__scatterload_null  mc_w.l(handlers.o)
    0x0800859a   0x0800859a   0x0000000e   Code   RO         5765    i.__scatterload_zeroinit  mc_w.l(handlers.o)
    0x080085a8   0x080085a8   0x0000000c   Code   RO         5741    i.__set_errno       mc_w.l(errno.o)
    0x080085b4   0x080085b4   0x00000184   Code   RO         5654    i._fp_digits        mc_w.l(printfa.o)
    0x08008738   0x08008738   0x000006dc   Code   RO         5655    i._printf_core      mc_w.l(printfa.o)
    0x08008e14   0x08008e14   0x00000024   Code   RO         5656    i._printf_post_padding  mc_w.l(printfa.o)
    0x08008e38   0x08008e38   0x0000002e   Code   RO         5657    i._printf_pre_padding  mc_w.l(printfa.o)
    0x08008e66   0x08008e66   0x0000000a   Code   RO         5659    i._sputc            mc_w.l(printfa.o)
    0x08008e70   0x08008e70   0x00000098   Code   RO         4143    i.check_fs          ff.o
    0x08008f08   0x08008f08   0x00000014   Code   RO         4144    i.chk_chr           ff.o
    0x08008f1c   0x08008f1c   0x00000090   Code   RO         4145    i.chk_lock          ff.o
    0x08008fac   0x08008fac   0x00000030   Code   RO         4146    i.clear_lock        ff.o
    0x08008fdc   0x08008fdc   0x00000038   Code   RO         4147    i.clmt_clust        ff.o
    0x08009014   0x08009014   0x00000020   Code   RO         4148    i.clust2sect        ff.o
    0x08009034   0x08009034   0x000000ea   Code   RO         4149    i.create_chain      ff.o
    0x0800911e   0x0800911e   0x00000002   PAD
    0x08009120   0x08009120   0x00000120   Code   RO         4150    i.create_name       ff.o
    0x08009240   0x08009240   0x0000004c   Code   RO         4151    i.dec_lock          ff.o
    0x0800928c   0x0800928c   0x00000064   Code   RO         4152    i.dir_alloc         ff.o
    0x080092f0   0x080092f0   0x00000064   Code   RO         4153    i.dir_find          ff.o
    0x08009354   0x08009354   0x0000015a   Code   RO         4154    i.dir_next          ff.o
    0x080094ae   0x080094ae   0x00000046   Code   RO         4156    i.dir_register      ff.o
    0x080094f4   0x080094f4   0x000000c8   Code   RO         4158    i.dir_sdi           ff.o
    0x080095bc   0x080095bc   0x0000002c   Code   RO         4088    i.disk_initialize   diskio.o
    0x080095e8   0x080095e8   0x00000028   Code   RO         4089    i.disk_ioctl        diskio.o
    0x08009610   0x08009610   0x00000030   Code   RO         4090    i.disk_read         diskio.o
    0x08009640   0x08009640   0x0000001c   Code   RO         4091    i.disk_status       diskio.o
    0x0800965c   0x0800965c   0x00000030   Code   RO         4092    i.disk_write        diskio.o
    0x0800968c   0x0800968c   0x00000028   Code   RO         4159    i.enq_lock          ff.o
    0x080096b4   0x080096b4   0x0000002e   Code   RO         4161    i.f_close           ff.o
    0x080096e2   0x080096e2   0x00000342   Code   RO         4165    i.f_lseek           ff.o
    0x08009a24   0x08009a24   0x00000644   Code   RO         4167    i.f_mkfs            ff.o
    0x0800a068   0x0800a068   0x00000064   Code   RO         4168    i.f_mount           ff.o
    0x0800a0cc   0x0800a0cc   0x000001dc   Code   RO         4169    i.f_open            ff.o
    0x0800a2a8   0x0800a2a8   0x000000ca   Code   RO         4178    i.f_sync            ff.o
    0x0800a372   0x0800a372   0x00000256   Code   RO         4182    i.f_write           ff.o
    0x0800a5c8   0x0800a5c8   0x000003dc   Code   RO         4183    i.find_volume       ff.o
    0x0800a9a4   0x0800a9a4   0x0000009c   Code   RO         4184    i.follow_path       ff.o
    0x0800aa40   0x0800aa40   0x0000001c   Code   RO         5145    i.fputc             include.o
    0x0800aa5c   0x0800aa5c   0x000002e0   Code   RO           15    i.fs_write          main.o
    0x0800ad3c   0x0800ad3c   0x000000ee   Code   RO         4185    i.get_fat           ff.o
    0x0800ae2a   0x0800ae2a   0x00000002   PAD
    0x0800ae2c   0x0800ae2c   0x00000040   Code   RO          649    i.get_fattime       fatfs.o
    0x0800ae6c   0x0800ae6c   0x00000048   Code   RO         4187    i.get_ldnumber      ff.o
    0x0800aeb4   0x0800aeb4   0x00000012   Code   RO           16    i.getsize           main.o
    0x0800aec6   0x0800aec6   0x00000002   PAD
    0x0800aec8   0x0800aec8   0x000000e8   Code   RO         4188    i.inc_lock          ff.o
    0x0800afb0   0x0800afb0   0x00000022   Code   RO         4189    i.ld_clust          ff.o
    0x0800afd2   0x0800afd2   0x00000002   PAD
    0x0800afd4   0x0800afd4   0x0000035c   Code   RO         5394    i.log               m_ws.l(log.o)
    0x0800b330   0x0800b330   0x00000048   Code   RO           17    i.loop              main.o
    0x0800b378   0x0800b378   0x00000030   Code   RO           18    i.main              main.o
    0x0800b3a8   0x0800b3a8   0x00000026   Code   RO         4190    i.mem_cmp           ff.o
    0x0800b3ce   0x0800b3ce   0x0000001a   Code   RO         4191    i.mem_cpy           ff.o
    0x0800b3e8   0x0800b3e8   0x00000014   Code   RO         4192    i.mem_set           ff.o
    0x0800b3fc   0x0800b3fc   0x00000038   Code   RO         4193    i.move_window       ff.o
    0x0800b434   0x0800b434   0x00000146   Code   RO         4194    i.put_fat           ff.o
    0x0800b57a   0x0800b57a   0x00000002   PAD
    0x0800b57c   0x0800b57c   0x00000150   Code   RO           19    i.read_sensor       main.o
    0x0800b6cc   0x0800b6cc   0x0000007a   Code   RO         4196    i.remove_chain      ff.o
    0x0800b746   0x0800b746   0x00000024   Code   RO           20    i.setup             main.o
    0x0800b76a   0x0800b76a   0x00000010   Code   RO         4197    i.st_clust          ff.o
    0x0800b77a   0x0800b77a   0x000000f4   Code   RO         4198    i.sync_fs           ff.o
    0x0800b86e   0x0800b86e   0x00000060   Code   RO         4199    i.sync_window       ff.o
    0x0800b8ce   0x0800b8ce   0x00000042   Code   RO         4200    i.validate          ff.o
    0x0800b910   0x0800b910   0x00000024   Data   RO          837    .constdata          usbd_storage_if.o
    0x0800b934   0x0800b934   0x00000018   Data   RO         4053    .constdata          system_stm32f1xx.o
    0x0800b94c   0x0800b94c   0x000000ac   Data   RO         4202    .constdata          ff.o
    0x0800b9f8   0x0800b9f8   0x00000017   Data   RO         5017    .constdata          usbd_msc_data.o
    0x0800ba0f   0x0800ba0f   0x00000018   Data   RO         5341    .constdata          myrtc.o
    0x0800ba27   0x0800ba27   0x00000001   PAD
    0x0800ba28   0x0800ba28   0x00000038   Data   RO         5395    .constdata          m_ws.l(log.o)
    0x0800ba60   0x0800ba60   0x00000008   Data   RO         5715    .constdata          m_ws.l(qnan.o)
    0x0800ba68   0x0800ba68   0x00000003   Data   RO           22    .conststring        main.o
    0x0800ba6b   0x0800ba6b   0x00000001   PAD
    0x0800ba6c   0x0800ba6c   0x00000020   Data   RO         5761    Region$$Table       anon$$obj.o


    Execution Region RW_IRAM1 (Exec base: 0x20000000, Load base: 0x0800ba8c, Size: 0x00004958, Max: 0x00018000, ABSOLUTE, COMPRESSED[0x000000c8])

    Exec Addr    Load Addr    Size         Type   Attr      Idx    E Section Name        Object

    0x20000000   COMPRESSED   0x00000044   Data   RW           23    .data               main.o
    0x20000044   COMPRESSED   0x00000018   Data   RW          596    .data               user_diskio.o
    0x2000005c   COMPRESSED   0x00000005   Data   RW          651    .data               fatfs.o
    0x20000061   COMPRESSED   0x00000003   PAD
    0x20000064   COMPRESSED   0x0000004e   Data   RW          750    .data               usbd_desc.o
    0x200000b2   COMPRESSED   0x00000002   PAD
    0x200000b4   COMPRESSED   0x00000024   Data   RW          838    .data               usbd_storage_if.o
    0x200000d8   COMPRESSED   0x00000001   Data   RW          924    .data               usbd_conf.o
    0x200000d9   COMPRESSED   0x00000003   PAD
    0x200000dc   COMPRESSED   0x00000009   Data   RW         1618    .data               stm32f1xx_hal.o
    0x200000e5   COMPRESSED   0x00000003   PAD
    0x200000e8   COMPRESSED   0x00000004   Data   RW         4054    .data               system_stm32f1xx.o
    0x200000ec   COMPRESSED   0x00000006   Data   RW         4203    .data               ff.o
    0x200000f2   COMPRESSED   0x00000001   Data   RW         4717    .data               usbd_ctlreq.o
    0x200000f3   COMPRESSED   0x00000001   PAD
    0x200000f4   COMPRESSED   0x000000a2   Data   RW         4868    .data               usbd_msc.o
    0x20000196   COMPRESSED   0x00000002   Data   RW         5342    .data               myrtc.o
    0x20000198   COMPRESSED   0x00000004   Data   RW         5730    .data               mc_w.l(stdout.o)
    0x2000019c   COMPRESSED   0x00000004   Data   RW         5742    .data               mc_w.l(errno.o)
    0x200001a0        -       0x0000205c   Zero   RW           21    .bss                main.o
    0x200021fc        -       0x00000030   Zero   RW          308    .bss                adc.o
    0x2000222c        -       0x00000054   Zero   RW          350    .bss                i2c.o
    0x20002280        -       0x00000014   Zero   RW          392    .bss                rtc.o
    0x20002294        -       0x00000044   Zero   RW          434    .bss                usart.o
    0x200022d8        -       0x000002c4   Zero   RW          686    .bss                usb_device.o
    0x2000259c        -       0x00000800   Zero   RW          749    .bss                usbd_desc.o
    0x20002d9c        -       0x00000b5c   Zero   RW          923    .bss                usbd_conf.o
    0x200038f8        -       0x00000020   Zero   RW         2351    .bss                stm32f1xx_hal_flash.o
    0x20003918        -       0x00000018   Zero   RW         4201    .bss                ff.o
    0x20003930        -       0x0000000c   Zero   RW         4489    .bss                ff_gen_drv.o
    0x2000393c        -       0x00000010   Zero   RW         5302    .bss                flash.o
    0x2000394c        -       0x0000000a   Zero   RW         5340    .bss                myrtc.o
    0x20003956   COMPRESSED   0x00000002   PAD
    0x20003958        -       0x00001000   Zero   RW            1    STACK               startup_stm32f103xg.o


==============================================================================

Image component sizes


      Code (inc. data)   RO Data    RW Data    ZI Data      Debug   Object Name

       200         22          0          0         48       1657   adc.o
       124         12          0          0          0       2404   bh1750.o
       208         24          0          0          0       3745   diskio.o
        92         18          0          5          0       1568   fatfs.o
      8496        140        172          6         24      35024   ff.o
       102          6          0          0         12       1631   ff_gen_drv.o
       140         16          0          0         16       1735   flash.o
       140          8          0          0          0        907   gpio.o
       176         24          0          0         84       1609   i2c.o
        28          6          0          0          0        516   include.o
      1396        390          3         68       8284     529161   main.o
        92         10          0          0          0       1105   myadc.o
       442         26         24          2         10       3008   myrtc.o
       128         20          0          0         20       1547   rtc.o
       316         26          0          0          0       4297   sht30.o
        36          8        304          0       4096        804   startup_stm32f103xg.o
       192         36          0          9          0       7457   stm32f1xx_hal.o
      1700         64          0          0          0       7111   stm32f1xx_hal_adc.o
       304         22          0          0          0      31115   stm32f1xx_hal_cortex.o
       792         64          0          0         32       5020   stm32f1xx_hal_flash.o
       584         34          0          0          0       2747   stm32f1xx_hal_flash_ex.o
       864         40          0          0          0       3309   stm32f1xx_hal_gpio.o
      2896         52          0          0          0      11170   stm32f1xx_hal_i2c.o
        84          8          0          0          0        894   stm32f1xx_hal_msp.o
      4372          0          0          0          0      15292   stm32f1xx_hal_pcd.o
        68          0          0          0          0       1174   stm32f1xx_hal_pcd_ex.o
        12          4          0          0          0        515   stm32f1xx_hal_pwr.o
      1784        110          0          0          0       6016   stm32f1xx_hal_rcc.o
       612         46          0          0          0       2433   stm32f1xx_hal_rcc_ex.o
       450         10          0          0          0       4460   stm32f1xx_hal_rtc.o
       684          4          0          0          0       3616   stm32f1xx_hal_uart.o
        90         18          0          0          0       5378   stm32f1xx_it.o
      5266          0          0          0          0      20719   stm32f1xx_ll_usb.o
         2          0         24          4          0       1119   system_stm32f1xx.o
       196         22          0          0         68       1670   usart.o
        76         16          0          0        708       5989   usb_device.o
       898         36          0          1       2908      15569   usbd_conf.o
       850          0          0          0          0       9943   usbd_core.o
      2106         28          0          1          0      10692   usbd_ctlreq.o
       382        118          0         78       2048       6613   usbd_desc.o
       134          0          0          0          0       3820   usbd_ioreq.o
       740         24          0        162          0       9332   usbd_msc.o
       732         10          0          0          0       7317   usbd_msc_bot.o
         0          0         23          0          0        889   usbd_msc_data.o
      1994         14          0          0          0      13359   usbd_msc_scsi.o
       142         18         36         36          0       4752   usbd_storage_if.o
       144         10          0         24          0       3732   user_diskio.o

    ----------------------------------------------------------------------
     41306       1564        620        408      18360     813940   Object Totals
         0          0         32          0          0          0   (incl. Generated)
        40          0          2         12          2          0   (incl. Padding)

    ----------------------------------------------------------------------

      Code (inc. data)   RO Data    RW Data    ZI Data      Debug   Library Member Name

        34          4          0          0          0        204   dunder.o
       860         52         56          0          0        256   log.o
       170          0          0          0          0         96   poly.o
         0          0          8          0          0          0   qnan.o
        86          0          0          0          0          0   __dczerorl2.o
         0          0          0          0          0          0   entry.o
         0          0          0          0          0          0   entry10a.o
         0          0          0          0          0          0   entry11a.o
         8          4          0          0          0          0   entry2.o
         4          0          0          0          0          0   entry5.o
         0          0          0          0          0          0   entry7b.o
         0          0          0          0          0          0   entry8b.o
         8          4          0          0          0          0   entry9a.o
        12          6          0          4          0         68   errno.o
        30          0          0          0          0          0   handlers.o
        36          8          0          0          0         68   init.o
         0          0          0          0          0          0   iusefp.o
        30          0          0          0          0         68   llshl.o
        36          0          0          0          0         68   llsshr.o
        32          0          0          0          0         68   llushr.o
        36          0          0          0          0         68   memcpya.o
        36          0          0          0          0        108   memseta.o
      2308         96          0          0          0        604   printfa.o
         0          0          0          4          0          0   stdout.o
        44          0          0          0          0         80   uidiv.o
        98          0          0          0          0         92   uldiv.o
        48          0          0          0          0         68   cdcmple.o
        48          0          0          0          0         68   cdrcmple.o
        56          0          0          0          0         88   d2f.o
       334          0          0          0          0        148   dadd.o
       222          0          0          0          0        100   ddiv.o
       186          0          0          0          0        176   depilogue.o
        62          0          0          0          0         80   dfixi.o
        48          0          0          0          0         68   dfixul.o
        34          0          0          0          0         76   dflti.o
        26          0          0          0          0         76   dfltui.o
       228          0          0          0          0         96   dmul.o
        46          0          0          0          0         80   dscalb.o
        38          0          0          0          0         68   f2d.o
       176          0          0          0          0        140   fadd.o
       124          0          0          0          0         88   fdiv.o
       110          0          0          0          0        168   fepilogue.o
        10          0          0          0          0         68   ffltui.o
       100          0          0          0          0         76   fmul.o

    ----------------------------------------------------------------------
      5766        174         64          8          0       3580   Library Totals
         2          0          0          0          0          0   (incl. Padding)

    ----------------------------------------------------------------------

      Code (inc. data)   RO Data    RW Data    ZI Data      Debug   Library Name

      1064         56         64          0          0        556   m_ws.l
      2804        118          0          8          0       1292   mc_w.l
      1896          0          0          0          0       1732   mf_w.l

    ----------------------------------------------------------------------
      5766        174         64          8          0       3580   Library Totals

    ----------------------------------------------------------------------

==============================================================================


      Code (inc. data)   RO Data    RW Data    ZI Data      Debug   

     47072       1738        684        416      18360     800124   Grand Totals
     47072       1738        684        200      18360     800124   ELF Image Totals (compressed)
     47072       1738        684        200          0          0   ROM Totals

==============================================================================

    Total RO  Size (Code + RO Data)                47756 (  46.64kB)
    Total RW  Size (RW Data + ZI Data)             18776 (  18.34kB)
    Total ROM Size (Code + RO Data + RW Data)      47956 (  46.83kB)

==============================================================================

