Component: ARM Compiler 5.06 update 6 (build 750) Tool: armlink [4d35ed]

==============================================================================

Section Cross References

    startup_stm32f103xg.o(RESET) refers to startup_stm32f103xg.o(STACK) for __initial_sp
    startup_stm32f103xg.o(RESET) refers to startup_stm32f103xg.o(.text) for Reset_Handler
    startup_stm32f103xg.o(RESET) refers to stm32f1xx_it.o(i.NMI_Handler) for NMI_Handler
    startup_stm32f103xg.o(RESET) refers to stm32f1xx_it.o(i.HardFault_Handler) for HardFault_Handler
    startup_stm32f103xg.o(RESET) refers to stm32f1xx_it.o(i.MemManage_Handler) for MemManage_Handler
    startup_stm32f103xg.o(RESET) refers to stm32f1xx_it.o(i.BusFault_Handler) for BusFault_Handler
    startup_stm32f103xg.o(RESET) refers to stm32f1xx_it.o(i.UsageFault_Handler) for UsageFault_Handler
    startup_stm32f103xg.o(RESET) refers to stm32f1xx_it.o(i.SVC_Handler) for SVC_Handler
    startup_stm32f103xg.o(RESET) refers to stm32f1xx_it.o(i.DebugMon_Handler) for DebugMon_Handler
    startup_stm32f103xg.o(RESET) refers to stm32f1xx_it.o(i.PendSV_Handler) for PendSV_Handler
    startup_stm32f103xg.o(RESET) refers to stm32f1xx_it.o(i.SysTick_Handler) for SysTick_Handler
    startup_stm32f103xg.o(RESET) refers to stm32f1xx_it.o(i.USB_HP_CAN1_TX_IRQHandler) for USB_HP_CAN1_TX_IRQHandler
    startup_stm32f103xg.o(RESET) refers to stm32f1xx_it.o(i.USB_LP_CAN1_RX0_IRQHandler) for USB_LP_CAN1_RX0_IRQHandler
    startup_stm32f103xg.o(RESET) refers to stm32f1xx_it.o(i.TIM1_UP_TIM10_IRQHandler) for TIM1_UP_TIM10_IRQHandler
    startup_stm32f103xg.o(RESET) refers to stm32f1xx_it.o(i.RTC_Alarm_IRQHandler) for RTC_Alarm_IRQHandler
    startup_stm32f103xg.o(.text) refers to system_stm32f1xx.o(i.SystemInit) for SystemInit
    startup_stm32f103xg.o(.text) refers to entry.o(.ARM.Collect$$$$00000000) for __main
    main.o(i.HAL_TIM_PeriodElapsedCallback) refers to stm32f1xx_hal_iwdg.o(i.HAL_IWDG_Refresh) for HAL_IWDG_Refresh
    main.o(i.HAL_TIM_PeriodElapsedCallback) refers to iwdg.o(.bss) for hiwdg
    main.o(i.SystemClock_Config) refers to memseta.o(.text) for __aeabi_memclr4
    main.o(i.SystemClock_Config) refers to stm32f1xx_hal_rcc.o(i.HAL_RCC_OscConfig) for HAL_RCC_OscConfig
    main.o(i.SystemClock_Config) refers to main.o(i.Error_Handler) for Error_Handler
    main.o(i.SystemClock_Config) refers to stm32f1xx_hal_rcc.o(i.HAL_RCC_ClockConfig) for HAL_RCC_ClockConfig
    main.o(i.SystemClock_Config) refers to stm32f1xx_hal_rcc_ex.o(i.HAL_RCCEx_PeriphCLKConfig) for HAL_RCCEx_PeriphCLKConfig
    main.o(i.fs_write) refers to ff.o(i.f_mount) for f_mount
    main.o(i.fs_write) refers to ff.o(i.f_mkfs) for f_mkfs
    main.o(i.fs_write) refers to myrtc.o(i.RTC_Get) for RTC_Get
    main.o(i.fs_write) refers to memseta.o(.text) for __aeabi_memclr4
    main.o(i.fs_write) refers to printfa.o(i.__0sprintf) for __2sprintf
    main.o(i.fs_write) refers to ff.o(i.f_open) for f_open
    main.o(i.fs_write) refers to main.o(i.getsize) for getsize
    main.o(i.fs_write) refers to ff.o(i.f_write) for f_write
    main.o(i.fs_write) refers to printfa.o(i.__0printf) for __2printf
    main.o(i.fs_write) refers to ff.o(i.f_lseek) for f_lseek
    main.o(i.fs_write) refers to f2d.o(.text) for __aeabi_f2d
    main.o(i.fs_write) refers to ff.o(i.f_close) for f_close
    main.o(i.fs_write) refers to main.o(.data) for path
    main.o(i.fs_write) refers to main.o(.bss) for fs
    main.o(i.fs_write) refers to myrtc.o(.bss) for calendar
    main.o(i.led_fastblink) refers to stm32f1xx_hal_gpio.o(i.HAL_GPIO_TogglePin) for HAL_GPIO_TogglePin
    main.o(i.led_fastblink) refers to stm32f1xx_hal.o(i.HAL_Delay) for HAL_Delay
    main.o(i.loop) refers to myrtc.o(i.RTC_Get) for RTC_Get
    main.o(i.loop) refers to main.o(i.read_sensor) for read_sensor
    main.o(i.loop) refers to stm32f1xx_hal_gpio.o(i.HAL_GPIO_TogglePin) for HAL_GPIO_TogglePin
    main.o(i.loop) refers to stm32f1xx_hal.o(i.HAL_Delay) for HAL_Delay
    main.o(i.loop) refers to main.o(.data) for rtc_cnt
    main.o(i.main) refers to stm32f1xx_hal.o(i.HAL_Init) for HAL_Init
    main.o(i.main) refers to main.o(i.SystemClock_Config) for SystemClock_Config
    main.o(i.main) refers to gpio.o(i.MX_GPIO_Init) for MX_GPIO_Init
    main.o(i.main) refers to adc.o(i.MX_ADC1_Init) for MX_ADC1_Init
    main.o(i.main) refers to i2c.o(i.MX_I2C1_Init) for MX_I2C1_Init
    main.o(i.main) refers to usart.o(i.MX_USART1_UART_Init) for MX_USART1_UART_Init
    main.o(i.main) refers to fatfs.o(i.MX_FATFS_Init) for MX_FATFS_Init
    main.o(i.main) refers to usb_device.o(i.MX_USB_DEVICE_Init) for MX_USB_DEVICE_Init
    main.o(i.main) refers to rtc.o(i.MX_RTC_Init) for MX_RTC_Init
    main.o(i.main) refers to spi.o(i.MX_SPI1_Init) for MX_SPI1_Init
    main.o(i.main) refers to iwdg.o(i.MX_IWDG_Init) for MX_IWDG_Init
    main.o(i.main) refers to tim.o(i.MX_TIM1_Init) for MX_TIM1_Init
[...]
    HAL_GPIO_TogglePin                       0x080018a9   Thumb Code    20  stm32f1xx_hal_gpio.o(i.HAL_GPIO_TogglePin)
    HAL_GPIO_WritePin                        0x080018bd   Thumb Code    12  stm32f1xx_hal_gpio.o(i.HAL_GPIO_WritePin)
    HAL_GetTick                              0x080018c9   Thumb Code     6  stm32f1xx_hal.o(i.HAL_GetTick)
    HAL_I2C_Init                             0x080018d5   Thumb Code   446  stm32f1xx_hal_i2c.o(i.HAL_I2C_Init)
    HAL_I2C_Master_Receive                   0x08001aa5   Thumb Code   840  stm32f1xx_hal_i2c.o(i.HAL_I2C_Master_Receive)
    HAL_I2C_Master_Transmit                  0x08001dfd   Thumb Code   360  stm32f1xx_hal_i2c.o(i.HAL_I2C_Master_Transmit)
    HAL_I2C_MspInit                          0x08001f6d   Thumb Code   104  i2c.o(i.HAL_I2C_MspInit)
    HAL_IWDG_Init                            0x08001fe1   Thumb Code    94  stm32f1xx_hal_iwdg.o(i.HAL_IWDG_Init)
    HAL_IWDG_Refresh                         0x0800203f   Thumb Code    14  stm32f1xx_hal_iwdg.o(i.HAL_IWDG_Refresh)
    HAL_IncTick                              0x0800204d   Thumb Code    16  stm32f1xx_hal.o(i.HAL_IncTick)
    HAL_Init                                 0x08002065   Thumb Code    34  stm32f1xx_hal.o(i.HAL_Init)
    HAL_InitTick                             0x0800208d   Thumb Code    64  stm32f1xx_hal.o(i.HAL_InitTick)
    HAL_MspInit                              0x080020d9   Thumb Code    76  stm32f1xx_hal_msp.o(i.HAL_MspInit)
    HAL_NVIC_EnableIRQ                       0x0800212d   Thumb Code    32  stm32f1xx_hal_cortex.o(i.HAL_NVIC_EnableIRQ)
    HAL_NVIC_SetPriority                     0x0800214d   Thumb Code   124  stm32f1xx_hal_cortex.o(i.HAL_NVIC_SetPriority)
    HAL_NVIC_SetPriorityGrouping             0x080021c9   Thumb Code    32  stm32f1xx_hal_cortex.o(i.HAL_NVIC_SetPriorityGrouping)
    HAL_PCDEx_PMAConfig                      0x080021f1   Thumb Code    68  stm32f1xx_hal_pcd_ex.o(i.HAL_PCDEx_PMAConfig)
    HAL_PCDEx_SetConnectionState             0x08002235   Thumb Code     2  usbd_conf.o(i.HAL_PCDEx_SetConnectionState)
    HAL_PCD_DataInStageCallback              0x08002237   Thumb Code    32  usbd_conf.o(i.HAL_PCD_DataInStageCallback)
    HAL_PCD_DataOutStageCallback             0x08002257   Thumb Code    32  usbd_conf.o(i.HAL_PCD_DataOutStageCallback)
    HAL_PCD_EP_Close                         0x08002277   Thumb Code   106  stm32f1xx_hal_pcd.o(i.HAL_PCD_EP_Close)
    HAL_PCD_EP_ClrStall                      0x080022e1   Thumb Code   124  stm32f1xx_hal_pcd.o(i.HAL_PCD_EP_ClrStall)
    HAL_PCD_EP_Flush                         0x080029dd   Thumb Code    68  stm32f1xx_hal_pcd.o(i.HAL_PCD_EP_Flush)
    HAL_PCD_EP_GetRxCount                    0x08002a21   Thumb Code    22  stm32f1xx_hal_pcd.o(i.HAL_PCD_EP_GetRxCount)
    HAL_PCD_EP_Open                          0x08002a37   Thumb Code   140  stm32f1xx_hal_pcd.o(i.HAL_PCD_EP_Open)
    HAL_PCD_EP_Receive                       0x08002ac3   Thumb Code    76  stm32f1xx_hal_pcd.o(i.HAL_PCD_EP_Receive)
    HAL_PCD_EP_SetStall                      0x08002b0f   Thumb Code   136  stm32f1xx_hal_pcd.o(i.HAL_PCD_EP_SetStall)
    HAL_PCD_EP_Transmit                      0x08002b97   Thumb Code    86  stm32f1xx_hal_pcd.o(i.HAL_PCD_EP_Transmit)
    HAL_PCD_IRQHandler                       0x08002bed   Thumb Code   482  stm32f1xx_hal_pcd.o(i.HAL_PCD_IRQHandler)
    HAL_PCD_Init                             0x08002dcf   Thumb Code   344  stm32f1xx_hal_pcd.o(i.HAL_PCD_Init)
    HAL_PCD_MspInit                          0x08002f29   Thumb Code    74  usbd_conf.o(i.HAL_PCD_MspInit)
    HAL_PCD_ResetCallback                    0x08002f7d   Thumb Code    36  usbd_conf.o(i.HAL_PCD_ResetCallback)
    HAL_PCD_ResumeCallback                   0x08002fa1   Thumb Code    20  usbd_conf.o(i.HAL_PCD_ResumeCallback)
    HAL_PCD_SOFCallback                      0x08002fb9   Thumb Code    14  usbd_conf.o(i.HAL_PCD_SOFCallback)
    HAL_PCD_SetAddress                       0x08002fc7   Thumb Code    54  stm32f1xx_hal_pcd.o(i.HAL_PCD_SetAddress)
    HAL_PCD_SetupStageCallback               0x08002ffd   Thumb Code    18  usbd_conf.o(i.HAL_PCD_SetupStageCallback)
    HAL_PCD_Start                            0x0800300f   Thumb Code    60  stm32f1xx_hal_pcd.o(i.HAL_PCD_Start)
    HAL_PCD_SuspendCallback                  0x0800304d   Thumb Code    36  usbd_conf.o(i.HAL_PCD_SuspendCallback)
    HAL_PWR_DisableWakeUpPin                 0x08003079   Thumb Code    22  stm32f1xx_hal_pwr.o(i.HAL_PWR_DisableWakeUpPin)
    HAL_PWR_EnableBkUpAccess                 0x08003095   Thumb Code     8  stm32f1xx_hal_pwr.o(i.HAL_PWR_EnableBkUpAccess)
    HAL_PWR_EnableWakeUpPin                  0x080030a1   Thumb Code    22  stm32f1xx_hal_pwr.o(i.HAL_PWR_EnableWakeUpPin)
    HAL_PWR_EnterSTANDBYMode                 0x080030bd   Thumb Code    32  stm32f1xx_hal_pwr.o(i.HAL_PWR_EnterSTANDBYMode)
    HAL_RCCEx_GetPeriphCLKFreq               0x080030e5   Thumb Code   276  stm32f1xx_hal_rcc_ex.o(i.HAL_RCCEx_GetPeriphCLKFreq)
    HAL_RCCEx_PeriphCLKConfig                0x08003219   Thumb Code   290  stm32f1xx_hal_rcc_ex.o(i.HAL_RCCEx_PeriphCLKConfig)
    HAL_RCC_ClockConfig                      0x08003349   Thumb Code   376  stm32f1xx_hal_rcc.o(i.HAL_RCC_ClockConfig)
    HAL_RCC_GetHCLKFreq                      0x080034d5   Thumb Code     6  stm32f1xx_hal_rcc.o(i.HAL_RCC_GetHCLKFreq)
    HAL_RCC_GetPCLK1Freq                     0x080034e1   Thumb Code    22  stm32f1xx_hal_rcc.o(i.HAL_RCC_GetPCLK1Freq)
    HAL_RCC_GetPCLK2Freq                     0x08003501   Thumb Code    22  stm32f1xx_hal_rcc.o(i.HAL_RCC_GetPCLK2Freq)
    HAL_RCC_GetSysClockFreq                  0x08003521   Thumb Code   116  stm32f1xx_hal_rcc.o(i.HAL_RCC_GetSysClockFreq)
    HAL_RCC_OscConfig                        0x080035b5   Thumb Code  1114  stm32f1xx_hal_rcc.o(i.HAL_RCC_OscConfig)
    HAL_RTC_AlarmAEventCallback              0x08003a19   Thumb Code     2  stm32f1xx_hal_rtc.o(i.HAL_RTC_AlarmAEventCallback)
    HAL_RTC_AlarmIRQHandler                  0x08003a1d   Thumb Code    56  stm32f1xx_hal_rtc.o(i.HAL_RTC_AlarmIRQHandler)
    HAL_RTC_Init                             0x08003a59   Thumb Code   202  stm32f1xx_hal_rtc.o(i.HAL_RTC_Init)
    HAL_RTC_MspInit                          0x08003b29   Thumb Code    68  rtc.o(i.HAL_RTC_MspInit)
    HAL_RTC_WaitForSynchro                   0x08003b79   Thumb Code    64  stm32f1xx_hal_rtc.o(i.HAL_RTC_WaitForSynchro)
    HAL_SPI_Init                             0x08003bb9   Thumb Code   190  stm32f1xx_hal_spi.o(i.HAL_SPI_Init)
    HAL_SPI_MspInit                          0x08003c79   Thumb Code   120  spi.o(i.HAL_SPI_MspInit)
    HAL_SPI_TransmitReceive                  0x08003cfd   Thumb Code   554  stm32f1xx_hal_spi.o(i.HAL_SPI_TransmitReceive)
    HAL_SYSTICK_Config                       0x08003f27   Thumb Code    52  stm32f1xx_hal_cortex.o(i.HAL_SYSTICK_Config)
    HAL_TIMEx_BreakCallback                  0x08003f5b   Thumb Code     2  stm32f1xx_hal_tim_ex.o(i.HAL_TIMEx_BreakCallback)
    HAL_TIMEx_CommutCallback                 0x08003f5d   Thumb Code     2  stm32f1xx_hal_tim_ex.o(i.HAL_TIMEx_CommutCallback)
    HAL_TIMEx_MasterConfigSynchronization    0x08003f61   Thumb Code   150  stm32f1xx_hal_tim_ex.o(i.HAL_TIMEx_MasterConfigSynchronization)
    HAL_TIM_Base_Init                        0x08004015   Thumb Code   102  stm32f1xx_hal_tim.o(i.HAL_TIM_Base_Init)
    HAL_TIM_Base_MspInit                     0x0800407d   Thumb Code    58  tim.o(i.HAL_TIM_Base_MspInit)
    HAL_TIM_Base_Start_IT                    0x080040c1   Thumb Code   138  stm32f1xx_hal_tim.o(i.HAL_TIM_Base_Start_IT)
    HAL_TIM_ConfigClockSource                0x08004169   Thumb Code   264  stm32f1xx_hal_tim.o(i.HAL_TIM_ConfigClockSource)
    HAL_TIM_IC_CaptureCallback               0x08004271   Thumb Code     2  stm32f1xx_hal_tim.o(i.HAL_TIM_IC_CaptureCallback)
    HAL_TIM_IRQHandler                       0x08004273   Thumb Code   406  stm32f1xx_hal_tim.o(i.HAL_TIM_IRQHandler)
    HAL_TIM_OC_DelayElapsedCallback          0x08004409   Thumb Code     2  stm32f1xx_hal_tim.o(i.HAL_TIM_OC_DelayElapsedCallback)
    HAL_TIM_PWM_PulseFinishedCallback        0x0800440b   Thumb Code     2  stm32f1xx_hal_tim.o(i.HAL_TIM_PWM_PulseFinishedCallback)
    HAL_TIM_PeriodElapsedCallback            0x0800440d   Thumb Code    12  main.o(i.HAL_TIM_PeriodElapsedCallback)
    HAL_TIM_TriggerCallback                  0x0800441d   Thumb Code     2  stm32f1xx_hal_tim.o(i.HAL_TIM_TriggerCallback)
    HAL_UART_Init                            0x0800441f   Thumb Code   114  stm32f1xx_hal_uart.o(i.HAL_UART_Init)
    HAL_UART_MspInit                         0x08004491   Thumb Code   122  usart.o(i.HAL_UART_MspInit)
    HAL_UART_Transmit                        0x08004519   Thumb Code   210  stm32f1xx_hal_uart.o(i.HAL_UART_Transmit)
    HardFault_Handler                        0x080045eb   Thumb Code     4  stm32f1xx_it.o(i.HardFault_Handler)
    Is_Leap_Year                             0x08004ae5   Thumb Code    58  myrtc.o(i.Is_Leap_Year)
    MSC_BOT_CplClrFeature                    0x08004c61   Thumb Code    60  usbd_msc_bot.o(i.MSC_BOT_CplClrFeature)
    MSC_BOT_DataIn                           0x08004c9d   Thumb Code    80  usbd_msc_bot.o(i.MSC_BOT_DataIn)
    MSC_BOT_DataOut                          0x08004ced   Thumb Code    70  usbd_msc_bot.o(i.MSC_BOT_DataOut)
    MSC_BOT_DeInit                           0x08004d33   Thumb Code    10  usbd_msc_bot.o(i.MSC_BOT_DeInit)
    MSC_BOT_Init                             0x08004d3d   Thumb Code    70  usbd_msc_bot.o(i.MSC_BOT_Init)
    MSC_BOT_Reset                            0x08004d83   Thumb Code    34  usbd_msc_bot.o(i.MSC_BOT_Reset)
    MSC_BOT_SendCSW                          0x08004da5   Thumb Code    60  usbd_msc_bot.o(i.MSC_BOT_SendCSW)
    MX_ADC1_Init                             0x08004e41   Thumb Code    80  adc.o(i.MX_ADC1_Init)
    MX_FATFS_Init                            0x08004e99   Thumb Code    16  fatfs.o(i.MX_FATFS_Init)
    MX_GPIO_Init                             0x08004eb5   Thumb Code   222  gpio.o(i.MX_GPIO_Init)
    MX_I2C1_Init                             0x08004fa1   Thumb Code    48  i2c.o(i.MX_I2C1_Init)
    MX_IWDG_Init                             0x08004fdd   Thumb Code    32  iwdg.o(i.MX_IWDG_Init)
    MX_RTC_Init                              0x08005005   Thumb Code    34  rtc.o(i.MX_RTC_Init)
    MX_SPI1_Init                             0x08005031   Thumb Code    78  spi.o(i.MX_SPI1_Init)
    MX_TIM1_Init                             0x08005089   Thumb Code   102  tim.o(i.MX_TIM1_Init)
    MX_USART1_UART_Init                      0x080050f9   Thumb Code    46  usart.o(i.MX_USART1_UART_Init)
    MX_USB_DEVICE_Init                       0x08005131   Thumb Code    60  usb_device.o(i.MX_USB_DEVICE_Init)
    MemManage_Handler                        0x0800517d   Thumb Code     4  stm32f1xx_it.o(i.MemManage_Handler)
    NMI_Handler                              0x08005181   Thumb Code     4  stm32f1xx_it.o(i.NMI_Handler)
    PendSV_Handler                           0x08005577   Thumb Code     2  stm32f1xx_it.o(i.PendSV_Handler)
    RTC_Alarm_IRQHandler                     0x080055a1   Thumb Code    10  stm32f1xx_it.o(i.RTC_Alarm_IRQHandler)
    RTC_Get                                  0x08005625   Thumb Code   242  myrtc.o(i.RTC_Get)
    RTC_Get_Week                             0x0800572d   Thumb Code   116  myrtc.o(i.RTC_Get_Week)
    RTC_Set                                  0x080057a5   Thumb Code   248  myrtc.o(i.RTC_Set)
    RTC_SetAlarm                             0x080058b9   Thumb Code   116  myrtc.o(i.RTC_SetAlarm)
    Read_W25Q128_data                        0x08005939   Thumb Code    68  w25q128.o(i.Read_W25Q128_data)
    SCSI_ProcessCmd                          0x08005a71   Thumb Code   238  usbd_msc_scsi.o(i.SCSI_ProcessCmd)
    SCSI_SenseCode                           0x08005fbd   Thumb Code    78  usbd_msc_scsi.o(i.SCSI_SenseCode)
    SHT30_Dat_To_Float                       0x080061e9   Thumb Code   124  sht30.o(i.SHT30_Dat_To_Float)
    SHT30_Init                               0x08006275   Thumb Code    12  sht30.o(i.SHT30_Init)
    SHT30_Read_Dat                           0x08006281   Thumb Code    38  sht30.o(i.SHT30_Read_Dat)
    SHT30_Reset                              0x080062ad   Thumb Code    18  sht30.o(i.SHT30_Reset)
    SVC_Handler                              0x08006499   Thumb Code     2  stm32f1xx_it.o(i.SVC_Handler)
    SysTick_Handler                          0x0800649b   Thumb Code     8  stm32f1xx_it.o(i.SysTick_Handler)
    SystemClock_Config                       0x080064a3   Thumb Code   146  main.o(i.SystemClock_Config)
    SystemInit                               0x08006535   Thumb Code     2  system_stm32f1xx.o(i.SystemInit)
    TIM1_UP_TIM10_IRQHandler                 0x08006539   Thumb Code    10  stm32f1xx_it.o(i.TIM1_UP_TIM10_IRQHandler)
    TIM_Base_SetConfig                       0x08006549   Thumb Code   170  stm32f1xx_hal_tim.o(i.TIM_Base_SetConfig)
    TIM_ETR_SetConfig                        0x08006621   Thumb Code    22  stm32f1xx_hal_tim.o(i.TIM_ETR_SetConfig)
    USBD_ClrClassConfig                      0x08006801   Thumb Code    22  usbd_core.o(i.USBD_ClrClassConfig)
    USBD_CtlContinueRx                       0x08006855   Thumb Code    24  usbd_ioreq.o(i.USBD_CtlContinueRx)
    USBD_CtlContinueSendData                 0x0800686d   Thumb Code    24  usbd_ioreq.o(i.USBD_CtlContinueSendData)
    USBD_CtlError                            0x08006885   Thumb Code    24  usbd_ctlreq.o(i.USBD_CtlError)
    USBD_CtlReceiveStatus                    0x0800689d   Thumb Code    26  usbd_ioreq.o(i.USBD_CtlReceiveStatus)
    USBD_CtlSendData                         0x080068b7   Thumb Code    34  usbd_ioreq.o(i.USBD_CtlSendData)
    USBD_CtlSendStatus                       0x080068d9   Thumb Code    26  usbd_ioreq.o(i.USBD_CtlSendStatus)
    USBD_FS_ConfigStrDescriptor              0x080068f5   Thumb Code    34  usbd_desc.o(i.USBD_FS_ConfigStrDescriptor)
    USBD_FS_DeviceDescriptor                 0x08006929   Thumb Code    10  usbd_desc.o(i.USBD_FS_DeviceDescriptor)
    USBD_FS_InterfaceStrDescriptor           0x08006939   Thumb Code    34  usbd_desc.o(i.USBD_FS_InterfaceStrDescriptor)
    USBD_FS_LangIDStrDescriptor              0x08006971   Thumb Code    10  usbd_desc.o(i.USBD_FS_LangIDStrDescriptor)
    USBD_FS_ManufacturerStrDescriptor        0x08006981   Thumb Code    20  usbd_desc.o(i.USBD_FS_ManufacturerStrDescriptor)
    USBD_FS_ProductStrDescriptor             0x080069ad   Thumb Code    34  usbd_desc.o(i.USBD_FS_ProductStrDescriptor)
    USBD_FS_SerialStrDescriptor              0x080069e9   Thumb Code    18  usbd_desc.o(i.USBD_FS_SerialStrDescriptor)
    USBD_GetString                           0x08006cb9   Thumb Code    82  usbd_ctlreq.o(i.USBD_GetString)
    USBD_Init                                0x08006d37   Thumb Code    50  usbd_core.o(i.USBD_Init)
    USBD_LL_ClearStallEP                     0x08006d69   Thumb Code    38  usbd_conf.o(i.USBD_LL_ClearStallEP)
    USBD_LL_CloseEP                          0x08006d8f   Thumb Code    38  usbd_conf.o(i.USBD_LL_CloseEP)
    USBD_LL_DataInStage                      0x08006db5   Thumb Code   256  usbd_core.o(i.USBD_LL_DataInStage)
    USBD_LL_DataOutStage                     0x08006eb5   Thumb Code   166  usbd_core.o(i.USBD_LL_DataOutStage)
    USBD_LL_FlushEP                          0x08006f5b   Thumb Code    38  usbd_conf.o(i.USBD_LL_FlushEP)
    USBD_LL_GetRxDataSize                    0x08006f81   Thumb Code    18  usbd_conf.o(i.USBD_LL_GetRxDataSize)
    USBD_LL_Init                             0x08006f95   Thumb Code   108  usbd_conf.o(i.USBD_LL_Init)
    USBD_LL_IsStallEP                        0x08007009   Thumb Code    56  usbd_conf.o(i.USBD_LL_IsStallEP)
    USBD_LL_OpenEP                           0x08007041   Thumb Code    48  usbd_conf.o(i.USBD_LL_OpenEP)
    USBD_LL_PrepareReceive                   0x08007071   Thumb Code    48  usbd_conf.o(i.USBD_LL_PrepareReceive)
    USBD_LL_Reset                            0x080070a1   Thumb Code    92  usbd_core.o(i.USBD_LL_Reset)
    USBD_LL_Resume                           0x080070fd   Thumb Code    22  usbd_core.o(i.USBD_LL_Resume)
    USBD_LL_SOF                              0x08007113   Thumb Code    34  usbd_core.o(i.USBD_LL_SOF)
    USBD_LL_SetSpeed                         0x08007135   Thumb Code     8  usbd_core.o(i.USBD_LL_SetSpeed)
    USBD_LL_SetUSBAddress                    0x0800713d   Thumb Code    38  usbd_conf.o(i.USBD_LL_SetUSBAddress)
    USBD_LL_SetupStage                       0x08007163   Thumb Code   110  usbd_core.o(i.USBD_LL_SetupStage)
    USBD_LL_StallEP                          0x080071d1   Thumb Code    38  usbd_conf.o(i.USBD_LL_StallEP)
    USBD_LL_Start                            0x080071f7   Thumb Code    30  usbd_conf.o(i.USBD_LL_Start)
    USBD_LL_Suspend                          0x08007215   Thumb Code    20  usbd_core.o(i.USBD_LL_Suspend)
    USBD_LL_Transmit                         0x08007229   Thumb Code    48  usbd_conf.o(i.USBD_LL_Transmit)
    USBD_MSC_DataIn                          0x08007259   Thumb Code    18  usbd_msc.o(i.USBD_MSC_DataIn)
    USBD_MSC_DataOut                         0x0800726b   Thumb Code    18  usbd_msc.o(i.USBD_MSC_DataOut)
    USBD_MSC_DeInit                          0x0800727d   Thumb Code    62  usbd_msc.o(i.USBD_MSC_DeInit)
    USBD_MSC_GetDeviceQualifierDescriptor    0x080072bd   Thumb Code    10  usbd_msc.o(i.USBD_MSC_GetDeviceQualifierDescriptor)
    USBD_MSC_GetFSCfgDesc                    0x080072cd   Thumb Code    10  usbd_msc.o(i.USBD_MSC_GetFSCfgDesc)
    USBD_MSC_GetHSCfgDesc                    0x080072dd   Thumb Code    10  usbd_msc.o(i.USBD_MSC_GetHSCfgDesc)
    USBD_MSC_GetOtherSpeedCfgDesc            0x080072ed   Thumb Code    10  usbd_msc.o(i.USBD_MSC_GetOtherSpeedCfgDesc)
    USBD_MSC_Init                            0x080072fd   Thumb Code   114  usbd_msc.o(i.USBD_MSC_Init)
    USBD_MSC_RegisterStorage                 0x0800736f   Thumb Code    12  usbd_msc.o(i.USBD_MSC_RegisterStorage)
    USBD_MSC_Setup                           0x0800737b   Thumb Code   452  usbd_msc.o(i.USBD_MSC_Setup)
    USBD_ParseSetupRequest                   0x0800753f   Thumb Code    40  usbd_ctlreq.o(i.USBD_ParseSetupRequest)
    USBD_RegisterClass                       0x08007567   Thumb Code    16  usbd_core.o(i.USBD_RegisterClass)
    USBD_RunTestMode                         0x08007577   Thumb Code     6  usbd_core.o(i.USBD_RunTestMode)
    USBD_SetClassConfig                      0x080075d7   Thumb Code    34  usbd_core.o(i.USBD_SetClassConfig)
    USBD_Start                               0x080076f9   Thumb Code    14  usbd_core.o(i.USBD_Start)
    USBD_StdDevReq                           0x08007707   Thumb Code   162  usbd_ctlreq.o(i.USBD_StdDevReq)
    USBD_StdEPReq                            0x080077a9   Thumb Code   568  usbd_ctlreq.o(i.USBD_StdEPReq)
    USBD_StdItfReq                           0x080079e1   Thumb Code   126  usbd_ctlreq.o(i.USBD_StdItfReq)
    USBD_static_free                         0x08007a5f   Thumb Code     2  usbd_conf.o(i.USBD_static_free)
    USBD_static_malloc                       0x08007a61   Thumb Code     6  usbd_conf.o(i.USBD_static_malloc)
    USB_ActivateEndpoint                     0x08007a6d   Thumb Code  1100  stm32f1xx_ll_usb.o(i.USB_ActivateEndpoint)
    USB_CoreInit                             0x08007eb9   Thumb Code     8  stm32f1xx_ll_usb.o(i.USB_CoreInit)
    USB_DeactivateEndpoint                   0x08007ec1   Thumb Code   636  stm32f1xx_ll_usb.o(i.USB_DeactivateEndpoint)
    USB_DevConnect                           0x0800813d   Thumb Code     6  stm32f1xx_ll_usb.o(i.USB_DevConnect)
    USB_DevDisconnect                        0x08008143   Thumb Code     6  stm32f1xx_ll_usb.o(i.USB_DevDisconnect)
    USB_DevInit                              0x08008149   Thumb Code    22  stm32f1xx_ll_usb.o(i.USB_DevInit)
    USB_DisableGlobalInt                     0x0800815f   Thumb Code    20  stm32f1xx_ll_usb.o(i.USB_DisableGlobalInt)
    USB_EP0_OutStart                         0x08008173   Thumb Code     6  stm32f1xx_ll_usb.o(i.USB_EP0_OutStart)
    USB_EPClearStall                         0x08008179   Thumb Code   218  stm32f1xx_ll_usb.o(i.USB_EPClearStall)
    USB_EPSetStall                           0x08008253   Thumb Code    92  stm32f1xx_ll_usb.o(i.USB_EPSetStall)
    USB_EPStartXfer                          0x080082af   Thumb Code  2954  stm32f1xx_ll_usb.o(i.USB_EPStartXfer)
    USB_EnableGlobalInt                      0x08008e39   Thumb Code    18  stm32f1xx_ll_usb.o(i.USB_EnableGlobalInt)
    USB_FlushRxFifo                          0x08008e4b   Thumb Code     6  stm32f1xx_ll_usb.o(i.USB_FlushRxFifo)
    USB_FlushTxFifo                          0x08008e51   Thumb Code     6  stm32f1xx_ll_usb.o(i.USB_FlushTxFifo)
    USB_HP_CAN1_TX_IRQHandler                0x08008e59   Thumb Code    10  stm32f1xx_it.o(i.USB_HP_CAN1_TX_IRQHandler)
    USB_LP_CAN1_RX0_IRQHandler               0x08008e69   Thumb Code    18  stm32f1xx_it.o(i.USB_LP_CAN1_RX0_IRQHandler)
    USB_ReadInterrupts                       0x08008e81   Thumb Code     8  stm32f1xx_ll_usb.o(i.USB_ReadInterrupts)
    USB_ReadPMA                              0x08008e89   Thumb Code    74  stm32f1xx_ll_usb.o(i.USB_ReadPMA)
    USB_SetCurrentMode                       0x08008ed3   Thumb Code     6  stm32f1xx_ll_usb.o(i.USB_SetCurrentMode)
    USB_SetDevAddress                        0x08008ed9   Thumb Code    14  stm32f1xx_ll_usb.o(i.USB_SetDevAddress)
    USB_WritePMA                             0x08008ee7   Thumb Code    66  stm32f1xx_ll_usb.o(i.USB_WritePMA)
    USER_initialize                          0x08008f29   Thumb Code     6  user_diskio.o(i.USER_initialize)
    USER_ioctl                               0x08008f2f   Thumb Code    58  user_diskio.o(i.USER_ioctl)
    USER_read                                0x08008f69   Thumb Code    54  user_diskio.o(i.USER_read)
    USER_status                              0x08008fa5   Thumb Code    24  user_diskio.o(i.USER_status)
    USER_write                               0x08008fc1   Thumb Code    62  user_diskio.o(i.USER_write)
    UsageFault_Handler                       0x08009005   Thumb Code     4  stm32f1xx_it.o(i.UsageFault_Handler)
    W25Q128_Disable                          0x08009009   Thumb Code    14  w25q128.o(i.W25Q128_Disable)
    W25Q128_Enable                           0x0800901d   Thumb Code    14  w25q128.o(i.W25Q128_Enable)
    W25Q128_ReadSR                           0x08009031   Thumb Code    28  w25q128.o(i.W25Q128_ReadSR)
    W25Q128_Wait_Busy                        0x0800904d   Thumb Code    18  w25q128.o(i.W25Q128_Wait_Busy)
    W25Q128_Write_Enable                     0x0800905f   Thumb Code    18  w25q128.o(i.W25Q128_Write_Enable)
    Write_Page                               0x08009071   Thumb Code    70  w25q128.o(i.Write_Page)
    Write_Word                               0x080090b7   Thumb Code    76  w25q128.o(i.Write_Word)
    __0printf                                0x08009105   Thumb Code    22  printfa.o(i.__0printf)
    __1printf                                0x08009105   Thumb Code     0  printfa.o(i.__0printf)
    __2printf                                0x08009105   Thumb Code     0  printfa.o(i.__0printf)
    __c89printf                              0x08009105   Thumb Code     0  printfa.o(i.__0printf)
    printf                                   0x08009105   Thumb Code     0  printfa.o(i.__0printf)
    __0sprintf                               0x08009125   Thumb Code    34  printfa.o(i.__0sprintf)
    __1sprintf                               0x08009125   Thumb Code     0  printfa.o(i.__0sprintf)
    __2sprintf                               0x08009125   Thumb Code     0  printfa.o(i.__0sprintf)
    __c89sprintf                             0x08009125   Thumb Code     0  printfa.o(i.__0sprintf)
    sprintf                                  0x08009125   Thumb Code     0  printfa.o(i.__0sprintf)
    __kernel_poly                            0x08009185   Thumb Code   170  poly.o(i.__kernel_poly)
    __mathlib_dbl_divzero                    0x08009231   Thumb Code    12  dunder.o(i.__mathlib_dbl_divzero)
    __mathlib_dbl_infnan                     0x08009241   Thumb Code     6  dunder.o(i.__mathlib_dbl_infnan)
    __mathlib_dbl_invalid                    0x08009247   Thumb Code    12  dunder.o(i.__mathlib_dbl_invalid)
    __scatterload_copy                       0x08009253   Thumb Code    14  handlers.o(i.__scatterload_copy)
    __scatterload_null                       0x08009261   Thumb Code     2  handlers.o(i.__scatterload_null)
    __scatterload_zeroinit                   0x08009263   Thumb Code    14  handlers.o(i.__scatterload_zeroinit)
    __set_errno                              0x08009271   Thumb Code     6  errno.o(i.__set_errno)
    clust2sect                               0x08009cef   Thumb Code    38  ff.o(i.clust2sect)
    disk_initialize                          0x0800a339   Thumb Code    40  diskio.o(i.disk_initialize)
    disk_ioctl                               0x0800a365   Thumb Code    36  diskio.o(i.disk_ioctl)
    disk_read                                0x0800a38d   Thumb Code    42  diskio.o(i.disk_read)
    disk_status                              0x0800a3bd   Thumb Code    24  diskio.o(i.disk_status)
    disk_write                               0x0800a3d9   Thumb Code    42  diskio.o(i.disk_write)
    f_close                                  0x0800a431   Thumb Code    50  ff.o(i.f_close)
    f_lseek                                  0x0800a463   Thumb Code  1026  ff.o(i.f_lseek)
    f_mkfs                                   0x0800a865   Thumb Code  1580  ff.o(i.f_mkfs)
    f_mount                                  0x0800aea9   Thumb Code   100  ff.o(i.f_mount)
    f_open                                   0x0800af11   Thumb Code   546  ff.o(i.f_open)
    f_read                                   0x0800b133   Thumb Code   622  ff.o(i.f_read)
    f_stat                                   0x0800b3a1   Thumb Code    78  ff.o(i.f_stat)
    f_sync                                   0x0800b3ef   Thumb Code   250  ff.o(i.f_sync)
    f_write                                  0x0800b4e9   Thumb Code   730  ff.o(i.f_write)
    fputc                                    0x0800bc91   Thumb Code    22  include.o(i.fputc)
    fs_write                                 0x0800bcad   Thumb Code   416  main.o(i.fs_write)
    get_fat                                  0x0800bf91   Thumb Code   250  ff.o(i.get_fat)
    get_fattime                              0x0800c08d   Thumb Code    58  fatfs.o(i.get_fattime)
    getsize                                  0x0800c18b   Thumb Code    18  main.o(i.getsize)
    led_fastblink                            0x0800c2b5   Thumb Code    28  main.o(i.led_fastblink)
    log                                      0x0800c2d5   Thumb Code   808  log.o(i.log)
    loop                                     0x0800c631   Thumb Code    46  main.o(i.loop)
    main                                     0x0800c66d   Thumb Code   100  main.o(i.main)
    put_fat                                  0x0800c76f   Thumb Code   346  ff.o(i.put_fat)
    read_sensor                              0x0800c8c9   Thumb Code   594  main.o(i.read_sensor)
    setup                                    0x0800cbf9   Thumb Code   514  main.o(i.setup)
    spi2_Receive_one_byte                    0x0800ce71   Thumb Code    30  w25q128.o(i.spi2_Receive_one_byte)
    spi2_Transmit_one_byte                   0x0800ce95   Thumb Code    24  w25q128.o(i.spi2_Transmit_one_byte)
    STORAGE_Inquirydata_FS                   0x0800d098   Data          36  usbd_storage_if.o(.constdata)
    AHBPrescTable                            0x0800d0bc   Data          16  system_stm32f1xx.o(.constdata)
    APBPrescTable                            0x0800d0cc   Data           8  system_stm32f1xx.o(.constdata)
    MSC_Page00_Inquiry_Data                  0x0800d180   Data           7  usbd_msc_data.o(.constdata)
    MSC_Mode_Sense6_data                     0x0800d187   Data           8  usbd_msc_data.o(.constdata)
    MSC_Mode_Sense10_data                    0x0800d18f   Data           8  usbd_msc_data.o(.constdata)
    table_week                               0x0800d197   Data          12  myrtc.o(.constdata)
    mon_table                                0x0800d1a3   Data          12  myrtc.o(.constdata)
    __mathlib_zero                           0x0800d1e8   Data           8  qnan.o(.constdata)
    Region$$Table$$Base                      0x0800d1f4   Number         0  anon$$obj.o(Region$$Table)
    Region$$Table$$Limit                     0x0800d214   Number         0  anon$$obj.o(Region$$Table)
    temperature                              0x20000000   Data           4  main.o(.data)
    humidity                                 0x20000004   Data           4  main.o(.data)
    sht_state                                0x20000008   Data           4  main.o(.data)
    dat                                      0x2000000c   Data           6  main.o(.data)
    light                                    0x20000014   Data           4  main.o(.data)
    bh1750_state                             0x20000018   Data           4  main.o(.data)
    sound_v                                  0x2000001c   Data           4  main.o(.data)
    vref                                     0x20000020   Data           4  main.o(.data)
    vbat                                     0x20000024   Data           4  main.o(.data)
    sound_level                              0x20000028   Data           4  main.o(.data)
    sound_level0                             0x2000002c   Data           4  main.o(.data)
    db                                       0x20000030   Data           4  main.o(.data)
    k                                        0x20000034   Data           4  main.o(.data)
    offset                                   0x20000038   Data           4  main.o(.data)
    db0                                      0x2000003c   Data           4  main.o(.data)
    vn                                       0x20000040   Data           4  main.o(.data)
    flash_id                                 0x20000044   Data           2  main.o(.data)
    path                                     0x20000048   Data           4  main.o(.data)
    fr                                       0x2000004c   Data           1  main.o(.data)
    br                                       0x20000050   Data           4  main.o(.data)
    check_flag                               0x20000054   Data           1  main.o(.data)
    oled_init                                0x20000055   Data           1  main.o(.data)
    rtc_cnt                                  0x20000058   Data           4  main.o(.data)
    wsec                                     0x2000005c   Data           4  main.o(.data)
    wmin                                     0x20000060   Data           4  main.o(.data)
    whour                                    0x20000064   Data           4  main.o(.data)
    wday                                     0x20000068   Data           4  main.o(.data)
    wmon                                     0x2000006c   Data           4  main.o(.data)
    wyear                                    0x20000070   Data           4  main.o(.data)
    time_sep                                 0x20000074   Data           4  main.o(.data)
    testt                                    0x20000078   Data           4  main.o(.data)
    write_n                                  0x2000007c   Data           4  main.o(.data)
    USER_Driver                              0x20000084   Data          20  user_diskio.o(.data)
    retUSER                                  0x20000098   Data           1  fatfs.o(.data)
    USERPath                                 0x20000099   Data           4  fatfs.o(.data)
    FS_Desc                                  0x200000a0   Data          28  usbd_desc.o(.data)
    USBD_FS_DeviceDesc                       0x200000bc   Data          18  usbd_desc.o(.data)
    USBD_LangIDDesc                          0x200000d0   Data           4  usbd_desc.o(.data)
    USBD_StringSerial                        0x200000d4   Data          26  usbd_desc.o(.data)
    USBD_Storage_Interface_fops_FS           0x200000f0   Data          32  usbd_storage_if.o(.data)
    usb_state                                0x20000110   Data           1  usbd_conf.o(.data)
    uwTick                                   0x20000114   Data           4  stm32f1xx_hal.o(.data)
    uwTickPrio                               0x20000118   Data           4  stm32f1xx_hal.o(.data)
    uwTickFreq                               0x2000011c   Data           1  stm32f1xx_hal.o(.data)
    SystemCoreClock                          0x20000120   Data           4  system_stm32f1xx.o(.data)
    USBD_MSC                                 0x2000012c   Data          56  usbd_msc.o(.data)
    USBD_MSC_CfgHSDesc                       0x20000164   Data          32  usbd_msc.o(.data)
    USBD_MSC_CfgFSDesc                       0x20000184   Data          32  usbd_msc.o(.data)
    USBD_MSC_OtherSpeedCfgDesc               0x200001a4   Data          32  usbd_msc.o(.data)
    USBD_MSC_DeviceQualifierDesc             0x200001c4   Data          10  usbd_msc.o(.data)
    w25q128_busy                             0x200001d0   Data           1  w25q128.o(.data)
    __stdout                                 0x200001d4   Data           4  stdout.o(.data)
    raw_sound                                0x200001dc   Data        2000  main.o(.bss)
    fs                                       0x200009ac   Data        4144  main.o(.bss)
    file                                     0x200019dc   Data        4140  main.o(.bss)
    info                                     0x20002a08   Data          24  main.o(.bss)
    info2                                    0x20002a20   Data          24  main.o(.bss)
    str                                      0x20002a38   Data          50  main.o(.bss)
    hadc1                                    0x20002a6c   Data          48  adc.o(.bss)
    hi2c1                                    0x20002a9c   Data          84  i2c.o(.bss)
    hiwdg                                    0x20002af0   Data          12  iwdg.o(.bss)
    hrtc                                     0x20002afc   Data          20  rtc.o(.bss)
    hspi1                                    0x20002b10   Data          88  spi.o(.bss)
    htim1                                    0x20002b68   Data          72  tim.o(.bss)
    huart1                                   0x20002bb0   Data          68  usart.o(.bss)
    hUsbDeviceFS                             0x20002bf4   Data         708  usb_device.o(.bss)
    USBD_StrDesc                             0x20002eb8   Data        2048  usbd_desc.o(.bss)
    hpcd_USB_FS                              0x200036b8   Data         748  usbd_conf.o(.bss)
    disk                                     0x20004a2c   Data          12  ff_gen_drv.o(.bss)
    calendar                                 0x20004a38   Data          10  myrtc.o(.bss)
    __initial_sp                             0x20005a48   Data           0  startup_stm32f103xg.o(STACK)



==============================================================================

Memory Map of the image

  Image Entry point : 0x08000131

  Load Region LR_IROM1 (Base: 0x08000000, Size: 0x0000d3f0, Max: 0x00100000, ABSOLUTE, COMPRESSED[0x0000d2e0])

    Execution Region ER_IROM1 (Exec base: 0x08000000, Load base: 0x08000000, Size: 0x0000d214, Max: 0x00100000, ABSOLUTE)

    Exec Addr    Load Addr    Size         Type   Attr      Idx    E Section Name        Object

    0x08000000   0x08000000   0x00000130   Data   RO            3    RESET               startup_stm32f103xg.o
    0x08000130   0x08000130   0x00000000   Code   RO         7121  * .ARM.Collect$$$$00000000  mc_w.l(entry.o)
    0x08000130   0x08000130   0x00000004   Code   RO         7440    .ARM.Collect$$$$00000001  mc_w.l(entry2.o)
    0x08000134   0x08000134   0x00000004   Code   RO         7443    .ARM.Collect$$$$00000004  mc_w.l(entry5.o)
    0x08000138   0x08000138   0x00000000   Code   RO         7445    .ARM.Collect$$$$00000008  mc_w.l(entry7b.o)
    0x08000138   0x08000138   0x00000000   Code   RO         7447    .ARM.Collect$$$$0000000A  mc_w.l(entry8b.o)
    0x08000138   0x08000138   0x00000008   Code   RO         7448    .ARM.Collect$$$$0000000B  mc_w.l(entry9a.o)
    0x08000140   0x08000140   0x00000000   Code   RO         7450    .ARM.Collect$$$$0000000D  mc_w.l(entry10a.o)
    0x08000140   0x08000140   0x00000000   Code   RO         7452    .ARM.Collect$$$$0000000F  mc_w.l(entry11a.o)
    0x08000140   0x08000140   0x00000004   Code   RO         7441    .ARM.Collect$$$$00002712  mc_w.l(entry2.o)
    0x08000144   0x08000144   0x00000024   Code   RO            4    .text               startup_stm32f103xg.o
    0x08000168   0x08000168   0x00000020   Code   RO         7124    .text               mc_w.l(llushr.o)
    0x08000188   0x08000188   0x00000024   Code   RO         7126    .text               mc_w.l(memcpya.o)
    0x080001ac   0x080001ac   0x00000024   Code   RO         7128    .text               mc_w.l(memseta.o)
    0x080001d0   0x080001d0   0x000000b0   Code   RO         7393    .text               mf_w.l(fadd.o)
    0x08000280   0x08000280   0x00000064   Code   RO         7395    .text               mf_w.l(fmul.o)
    0x080002e4   0x080002e4   0x0000007c   Code   RO         7397    .text               mf_w.l(fdiv.o)
    0x08000360   0x08000360   0x0000014e   Code   RO         7399    .text               mf_w.l(dadd.o)
    0x080004ae   0x080004ae   0x000000e4   Code   RO         7401    .text               mf_w.l(dmul.o)
    0x08000592   0x08000592   0x000000de   Code   RO         7403    .text               mf_w.l(ddiv.o)
    0x08000670   0x08000670   0x00000012   Code   RO         7405    .text               mf_w.l(fflti.o)
    0x08000682   0x08000682   0x0000000a   Code   RO         7407    .text               mf_w.l(ffltui.o)
    0x0800068c   0x0800068c   0x0000001a   Code   RO         7409    .text               mf_w.l(dfltui.o)
    0x080006a6   0x080006a6   0x0000003e   Code   RO         7411    .text               mf_w.l(dfixi.o)
    0x080006e4   0x080006e4   0x00000032   Code   RO         7413    .text               mf_w.l(dfixui.o)
    0x08000716   0x08000716   0x00000026   Code   RO         7415    .text               mf_w.l(f2d.o)
    0x0800073c   0x0800073c   0x00000030   Code   RO         7417    .text               mf_w.l(cdcmple.o)
    0x0800076c   0x0800076c   0x00000038   Code   RO         7419    .text               mf_w.l(d2f.o)
    0x080007a4   0x080007a4   0x00000014   Code   RO         7421    .text               mf_w.l(cfcmple.o)
    0x080007b8   0x080007b8   0x0000002c   Code   RO         7455    .text               mc_w.l(uidiv.o)
    0x080007e4   0x080007e4   0x00000062   Code   RO         7457    .text               mc_w.l(uldiv.o)
    0x08000846   0x08000846   0x0000001e   Code   RO         7459    .text               mc_w.l(llshl.o)
    0x08000864   0x08000864   0x00000024   Code   RO         7461    .text               mc_w.l(llsshr.o)
    0x08000888   0x08000888   0x00000000   Code   RO         7470    .text               mc_w.l(iusefp.o)
    0x08000888   0x08000888   0x0000006e   Code   RO         7471    .text               mf_w.l(fepilogue.o)
    0x080008f6   0x080008f6   0x000000ba   Code   RO         7473    .text               mf_w.l(depilogue.o)
    0x080009b0   0x080009b0   0x0000002e   Code   RO         7475    .text               mf_w.l(dscalb.o)
    0x080009de   0x080009de   0x00000022   Code   RO         7477    .text               mf_w.l(dflti.o)
    0x08000a00   0x08000a00   0x00000030   Code   RO         7479    .text               mf_w.l(dfixul.o)
    0x08000a30   0x08000a30   0x00000030   Code   RO         7481    .text               mf_w.l(cdrcmple.o)
    0x08000a60   0x08000a60   0x00000024   Code   RO         7483    .text               mc_w.l(init.o)
    0x08000a84   0x08000a84   0x00000056   Code   RO         7493    .text               mc_w.l(__dczerorl2.o)
    0x08000ada   0x08000ada   0x0000005c   Code   RO         2802    i.ADC_ConversionStop_Disable  stm32f1xx_hal_adc.o
    0x08000b36   0x08000b36   0x00000002   PAD
    0x08000b38   0x08000b38   0x00000090   Code   RO         2806    i.ADC_Enable        stm32f1xx_hal_adc.o
    0x08000bc8   0x08000bc8   0x00000030   Code   RO         6707    i.ADC_GetVal        myadc.o
    0x08000bf8   0x08000bf8   0x0000002c   Code   RO         6708    i.ADC_Select_CH     myadc.o
    0x08000c24   0x08000c24   0x00000044   Code   RO         6740    i.BH1750_Dat_To_Lux  bh1750.o
    0x08000c68   0x08000c68   0x0000001c   Code   RO         6741    i.BH1750_Read_Dat   bh1750.o
    0x08000c84   0x08000c84   0x0000001c   Code   RO         6742    i.BH1750_Send_Cmd   bh1750.o
    0x08000ca0   0x08000ca0   0x00000004   Code   RO          642    i.BusFault_Handler  stm32f1xx_it.o
    0x08000ca4   0x08000ca4   0x0000003e   Code   RO         6651    i.CheckCrc8         sht30.o
    0x08000ce2   0x08000ce2   0x00000002   Code   RO          643    i.DebugMon_Handler  stm32f1xx_it.o
    0x08000ce4   0x08000ce4   0x00000034   Code   RO         6876    i.Erase_Write_data_Sector  w25q128.o
    0x08000d18   0x08000d18   0x00000036   Code   RO         6877    i.Erase_one_Sector  w25q128.o
    0x08000d4e   0x08000d4e   0x00000006   Code   RO           13    i.Error_Handler     main.o
    0x08000d54   0x08000d54   0x00000012   Code   RO         5964    i.FATFS_LinkDriver  ff_gen_drv.o
    0x08000d66   0x08000d66   0x00000002   PAD
    0x08000d68   0x08000d68   0x00000054   Code   RO         5965    i.FATFS_LinkDriverEx  ff_gen_drv.o
    0x08000dbc   0x08000dbc   0x00000034   Code   RO          919    i.Get_SerialNum     usbd_desc.o
    0x08000df0   0x08000df0   0x00000118   Code   RO         2982    i.HAL_ADCEx_Calibration_Start  stm32f1xx_hal_adc_ex.o
    0x08000f08   0x08000f08   0x00000160   Code   RO         2808    i.HAL_ADC_ConfigChannel  stm32f1xx_hal_adc.o
    0x08001068   0x08001068   0x00000008   Code   RO         2815    i.HAL_ADC_GetValue  stm32f1xx_hal_adc.o
    0x08001070   0x08001070   0x00000160   Code   RO         2817    i.HAL_ADC_Init      stm32f1xx_hal_adc.o
    0x080011d0   0x080011d0   0x00000070   Code   RO          361    i.HAL_ADC_MspInit   adc.o
    0x08001240   0x08001240   0x00000180   Code   RO         2821    i.HAL_ADC_PollForConversion  stm32f1xx_hal_adc.o
    0x080013c0   0x080013c0   0x00000130   Code   RO         2823    i.HAL_ADC_Start     stm32f1xx_hal_adc.o
    0x080014f0   0x080014f0   0x00000040   Code   RO         2826    i.HAL_ADC_Stop      stm32f1xx_hal_adc.o
    0x08001530   0x08001530   0x00000028   Code   RO         1779    i.HAL_Delay         stm32f1xx_hal.o
    0x08001558   0x08001558   0x00000340   Code   RO         2092    i.HAL_GPIO_Init     stm32f1xx_hal_gpio.o
    0x08001898   0x08001898   0x00000010   Code   RO         2094    i.HAL_GPIO_ReadPin  stm32f1xx_hal_gpio.o
    0x080018a8   0x080018a8   0x00000014   Code   RO         2095    i.HAL_GPIO_TogglePin  stm32f1xx_hal_gpio.o
    0x080018bc   0x080018bc   0x0000000c   Code   RO         2096    i.HAL_GPIO_WritePin  stm32f1xx_hal_gpio.o
    0x080018c8   0x080018c8   0x0000000c   Code   RO         1783    i.HAL_GetTick       stm32f1xx_hal.o
    0x080018d4   0x080018d4   0x000001d0   Code   RO         3089    i.HAL_I2C_Init      stm32f1xx_hal_i2c.o
    0x08001aa4   0x08001aa4   0x00000358   Code   RO         3095    i.HAL_I2C_Master_Receive  stm32f1xx_hal_i2c.o
    0x08001dfc   0x08001dfc   0x00000170   Code   RO         3102    i.HAL_I2C_Master_Transmit  stm32f1xx_hal_i2c.o
    0x08001f6c   0x08001f6c   0x00000074   Code   RO          403    i.HAL_I2C_MspInit   i2c.o
    0x08001fe0   0x08001fe0   0x0000005e   Code   RO         3550    i.HAL_IWDG_Init     stm32f1xx_hal_iwdg.o
    0x0800203e   0x0800203e   0x0000000e   Code   RO         3551    i.HAL_IWDG_Refresh  stm32f1xx_hal_iwdg.o
    0x0800204c   0x0800204c   0x00000018   Code   RO         1789    i.HAL_IncTick       stm32f1xx_hal.o
    0x08002064   0x08002064   0x00000028   Code   RO         1790    i.HAL_Init          stm32f1xx_hal.o
    0x0800208c   0x0800208c   0x0000004c   Code   RO         1791    i.HAL_InitTick      stm32f1xx_hal.o
    0x080020d8   0x080020d8   0x00000054   Code   RO          742    i.HAL_MspInit       stm32f1xx_hal_msp.o
    0x0800212c   0x0800212c   0x00000020   Code   RO         2255    i.HAL_NVIC_EnableIRQ  stm32f1xx_hal_cortex.o
    0x0800214c   0x0800214c   0x0000007c   Code   RO         2261    i.HAL_NVIC_SetPriority  stm32f1xx_hal_cortex.o
    0x080021c8   0x080021c8   0x00000028   Code   RO         2262    i.HAL_NVIC_SetPriorityGrouping  stm32f1xx_hal_cortex.o
    0x080021f0   0x080021f0   0x00000044   Code   RO         1552    i.HAL_PCDEx_PMAConfig  stm32f1xx_hal_pcd_ex.o
    0x08002234   0x08002234   0x00000002   Code   RO         1070    i.HAL_PCDEx_SetConnectionState  usbd_conf.o
    0x08002236   0x08002236   0x00000020   Code   RO         1072    i.HAL_PCD_DataInStageCallback  usbd_conf.o
    0x08002256   0x08002256   0x00000020   Code   RO         1073    i.HAL_PCD_DataOutStageCallback  usbd_conf.o
    0x08002276   0x08002276   0x0000006a   Code   RO         1328    i.HAL_PCD_EP_Close  stm32f1xx_hal_pcd.o
    0x080022e0   0x080022e0   0x0000007c   Code   RO         1329    i.HAL_PCD_EP_ClrStall  stm32f1xx_hal_pcd.o
    0x0800235c   0x0800235c   0x00000158   Code   RO         1330    i.HAL_PCD_EP_DB_Receive  stm32f1xx_hal_pcd.o
    0x080024b4   0x080024b4   0x00000528   Code   RO         1331    i.HAL_PCD_EP_DB_Transmit  stm32f1xx_hal_pcd.o
    0x080029dc   0x080029dc   0x00000044   Code   RO         1332    i.HAL_PCD_EP_Flush  stm32f1xx_hal_pcd.o
    0x08002a20   0x08002a20   0x00000016   Code   RO         1333    i.HAL_PCD_EP_GetRxCount  stm32f1xx_hal_pcd.o
    0x08002a36   0x08002a36   0x0000008c   Code   RO         1334    i.HAL_PCD_EP_Open   stm32f1xx_hal_pcd.o
    0x08002ac2   0x08002ac2   0x0000004c   Code   RO         1335    i.HAL_PCD_EP_Receive  stm32f1xx_hal_pcd.o
    0x08002b0e   0x08002b0e   0x00000088   Code   RO         1336    i.HAL_PCD_EP_SetStall  stm32f1xx_hal_pcd.o
    0x08002b96   0x08002b96   0x00000056   Code   RO         1337    i.HAL_PCD_EP_Transmit  stm32f1xx_hal_pcd.o
    0x08002bec   0x08002bec   0x000001e2   Code   RO         1339    i.HAL_PCD_IRQHandler  stm32f1xx_hal_pcd.o
    0x08002dce   0x08002dce   0x00000158   Code   RO         1342    i.HAL_PCD_Init      stm32f1xx_hal_pcd.o
    0x08002f26   0x08002f26   0x00000002   PAD
    0x08002f28   0x08002f28   0x00000054   Code   RO         1078    i.HAL_PCD_MspInit   usbd_conf.o
    0x08002f7c   0x08002f7c   0x00000024   Code   RO         1079    i.HAL_PCD_ResetCallback  usbd_conf.o
    0x08002fa0   0x08002fa0   0x00000018   Code   RO         1080    i.HAL_PCD_ResumeCallback  usbd_conf.o
    0x08002fb8   0x08002fb8   0x0000000e   Code   RO         1081    i.HAL_PCD_SOFCallback  usbd_conf.o
    0x08002fc6   0x08002fc6   0x00000036   Code   RO         1348    i.HAL_PCD_SetAddress  stm32f1xx_hal_pcd.o
    0x08002ffc   0x08002ffc   0x00000012   Code   RO         1082    i.HAL_PCD_SetupStageCallback  usbd_conf.o
    0x0800300e   0x0800300e   0x0000003c   Code   RO         1350    i.HAL_PCD_Start     stm32f1xx_hal_pcd.o
    0x0800304a   0x0800304a   0x00000002   PAD
    0x0800304c   0x0800304c   0x0000002c   Code   RO         1083    i.HAL_PCD_SuspendCallback  usbd_conf.o
    0x08003078   0x08003078   0x0000001c   Code   RO         2396    i.HAL_PWR_DisableWakeUpPin  stm32f1xx_hal_pwr.o
    0x08003094   0x08003094   0x0000000c   Code   RO         2397    i.HAL_PWR_EnableBkUpAccess  stm32f1xx_hal_pwr.o
    0x080030a0   0x080030a0   0x0000001c   Code   RO         2401    i.HAL_PWR_EnableWakeUpPin  stm32f1xx_hal_pwr.o
    0x080030bc   0x080030bc   0x00000028   Code   RO         2403    i.HAL_PWR_EnterSTANDBYMode  stm32f1xx_hal_pwr.o
    0x080030e4   0x080030e4   0x00000134   Code   RO         2054    i.HAL_RCCEx_GetPeriphCLKFreq  stm32f1xx_hal_rcc_ex.o
    0x08003218   0x08003218   0x00000130   Code   RO         2055    i.HAL_RCCEx_PeriphCLKConfig  stm32f1xx_hal_rcc_ex.o
    0x08003348   0x08003348   0x0000018c   Code   RO         1947    i.HAL_RCC_ClockConfig  stm32f1xx_hal_rcc.o
    0x080034d4   0x080034d4   0x0000000c   Code   RO         1952    i.HAL_RCC_GetHCLKFreq  stm32f1xx_hal_rcc.o
    0x080034e0   0x080034e0   0x00000020   Code   RO         1954    i.HAL_RCC_GetPCLK1Freq  stm32f1xx_hal_rcc.o
    0x08003500   0x08003500   0x00000020   Code   RO         1955    i.HAL_RCC_GetPCLK2Freq  stm32f1xx_hal_rcc.o
    0x08003520   0x08003520   0x00000094   Code   RO         1956    i.HAL_RCC_GetSysClockFreq  stm32f1xx_hal_rcc.o
    0x080035b4   0x080035b4   0x00000464   Code   RO         1959    i.HAL_RCC_OscConfig  stm32f1xx_hal_rcc.o
    0x08003a18   0x08003a18   0x00000002   Code   RO         3580    i.HAL_RTC_AlarmAEventCallback  stm32f1xx_hal_rtc.o
    0x08003a1a   0x08003a1a   0x00000002   PAD
    0x08003a1c   0x08003a1c   0x0000003c   Code   RO         3581    i.HAL_RTC_AlarmIRQHandler  stm32f1xx_hal_rtc.o
    0x08003a58   0x08003a58   0x000000d0   Code   RO         3588    i.HAL_RTC_Init      stm32f1xx_hal_rtc.o
    0x08003b28   0x08003b28   0x00000050   Code   RO          475    i.HAL_RTC_MspInit   rtc.o
    0x08003b78   0x08003b78   0x00000040   Code   RO         3596    i.HAL_RTC_WaitForSynchro  stm32f1xx_hal_rtc.o
    0x08003bb8   0x08003bb8   0x000000be   Code   RO         3868    i.HAL_SPI_Init      stm32f1xx_hal_spi.o
    0x08003c76   0x08003c76   0x00000002   PAD
    0x08003c78   0x08003c78   0x00000084   Code   RO          517    i.HAL_SPI_MspInit   spi.o
    0x08003cfc   0x08003cfc   0x0000022a   Code   RO         3877    i.HAL_SPI_TransmitReceive  stm32f1xx_hal_spi.o
    0x08003f26   0x08003f26   0x00000034   Code   RO         2266    i.HAL_SYSTICK_Config  stm32f1xx_hal_cortex.o
    0x08003f5a   0x08003f5a   0x00000002   Code   RO         4896    i.HAL_TIMEx_BreakCallback  stm32f1xx_hal_tim_ex.o
    0x08003f5c   0x08003f5c   0x00000002   Code   RO         4897    i.HAL_TIMEx_CommutCallback  stm32f1xx_hal_tim_ex.o
    0x08003f5e   0x08003f5e   0x00000002   PAD
    0x08003f60   0x08003f60   0x000000b4   Code   RO         4915    i.HAL_TIMEx_MasterConfigSynchronization  stm32f1xx_hal_tim_ex.o
    0x08004014   0x08004014   0x00000066   Code   RO         4181    i.HAL_TIM_Base_Init  stm32f1xx_hal_tim.o
    0x0800407a   0x0800407a   0x00000002   PAD
    0x0800407c   0x0800407c   0x00000044   Code   RO          559    i.HAL_TIM_Base_MspInit  tim.o
    0x080040c0   0x080040c0   0x000000a8   Code   RO         4186    i.HAL_TIM_Base_Start_IT  stm32f1xx_hal_tim.o
    0x08004168   0x08004168   0x00000108   Code   RO         4190    i.HAL_TIM_ConfigClockSource  stm32f1xx_hal_tim.o
    0x08004270   0x08004270   0x00000002   Code   RO         4215    i.HAL_TIM_IC_CaptureCallback  stm32f1xx_hal_tim.o
    0x08004272   0x08004272   0x00000196   Code   RO         4229    i.HAL_TIM_IRQHandler  stm32f1xx_hal_tim.o
    0x08004408   0x08004408   0x00000002   Code   RO         4232    i.HAL_TIM_OC_DelayElapsedCallback  stm32f1xx_hal_tim.o
    0x0800440a   0x0800440a   0x00000002   Code   RO         4259    i.HAL_TIM_PWM_PulseFinishedCallback  stm32f1xx_hal_tim.o
    0x0800440c   0x0800440c   0x00000010   Code   RO           14    i.HAL_TIM_PeriodElapsedCallback  main.o
    0x0800441c   0x0800441c   0x00000002   Code   RO         4272    i.HAL_TIM_TriggerCallback  stm32f1xx_hal_tim.o
    0x0800441e   0x0800441e   0x00000072   Code   RO         5192    i.HAL_UART_Init     stm32f1xx_hal_uart.o
    0x08004490   0x08004490   0x00000088   Code   RO          601    i.HAL_UART_MspInit  usart.o
    0x08004518   0x08004518   0x000000d2   Code   RO         5200    i.HAL_UART_Transmit  stm32f1xx_hal_uart.o
    0x080045ea   0x080045ea   0x00000004   Code   RO          644    i.HardFault_Handler  stm32f1xx_it.o
    0x080045ee   0x080045ee   0x0000003e   Code   RO         3132    i.I2C_IsAcknowledgeFailed  stm32f1xx_hal_i2c.o
    0x0800462c   0x0800462c   0x00000138   Code   RO         3135    i.I2C_MasterRequestRead  stm32f1xx_hal_i2c.o
    0x08004764   0x08004764   0x000000c0   Code   RO         3136    i.I2C_MasterRequestWrite  stm32f1xx_hal_i2c.o
    0x08004824   0x08004824   0x0000005c   Code   RO         3152    i.I2C_WaitOnBTFFlagUntilTimeout  stm32f1xx_hal_i2c.o
    0x08004880   0x08004880   0x00000086   Code   RO         3153    i.I2C_WaitOnFlagUntilTimeout  stm32f1xx_hal_i2c.o
    0x08004906   0x08004906   0x000000c4   Code   RO         3154    i.I2C_WaitOnMasterAddressFlagUntilTimeout  stm32f1xx_hal_i2c.o
    0x080049ca   0x080049ca   0x00000080   Code   RO         3155    i.I2C_WaitOnRXNEFlagUntilTimeout  stm32f1xx_hal_i2c.o
    0x08004a4a   0x08004a4a   0x0000005c   Code   RO         3158    i.I2C_WaitOnTXEFlagUntilTimeout  stm32f1xx_hal_i2c.o
    0x08004aa6   0x08004aa6   0x0000003e   Code   RO          920    i.IntToUnicode      usbd_desc.o
    0x08004ae4   0x08004ae4   0x0000003a   Code   RO         6813    i.Is_Leap_Year      myrtc.o
    0x08004b1e   0x08004b1e   0x00000048   Code   RO         6421    i.MSC_BOT_Abort     usbd_msc_bot.o
    0x08004b66   0x08004b66   0x00000002   PAD
    0x08004b68   0x08004b68   0x000000f8   Code   RO         6422    i.MSC_BOT_CBW_Decode  usbd_msc_bot.o
    0x08004c60   0x08004c60   0x0000003c   Code   RO         6423    i.MSC_BOT_CplClrFeature  usbd_msc_bot.o
    0x08004c9c   0x08004c9c   0x00000050   Code   RO         6424    i.MSC_BOT_DataIn    usbd_msc_bot.o
    0x08004cec   0x08004cec   0x00000046   Code   RO         6425    i.MSC_BOT_DataOut   usbd_msc_bot.o
    0x08004d32   0x08004d32   0x0000000a   Code   RO         6426    i.MSC_BOT_DeInit    usbd_msc_bot.o
    0x08004d3c   0x08004d3c   0x00000046   Code   RO         6427    i.MSC_BOT_Init      usbd_msc_bot.o
    0x08004d82   0x08004d82   0x00000022   Code   RO         6428    i.MSC_BOT_Reset     usbd_msc_bot.o
    0x08004da4   0x08004da4   0x00000040   Code   RO         6429    i.MSC_BOT_SendCSW   usbd_msc_bot.o
    0x08004de4   0x08004de4   0x0000005a   Code   RO         6430    i.MSC_BOT_SendData  usbd_msc_bot.o
    0x08004e3e   0x08004e3e   0x00000002   PAD
    0x08004e40   0x08004e40   0x00000058   Code   RO          362    i.MX_ADC1_Init      adc.o
    0x08004e98   0x08004e98   0x0000001c   Code   RO          827    i.MX_FATFS_Init     fatfs.o
    0x08004eb4   0x08004eb4   0x000000ec   Code   RO          336    i.MX_GPIO_Init      gpio.o
    0x08004fa0   0x08004fa0   0x0000003c   Code   RO          404    i.MX_I2C1_Init      i2c.o
    0x08004fdc   0x08004fdc   0x00000028   Code   RO          444    i.MX_IWDG_Init      iwdg.o
    0x08005004   0x08005004   0x0000002c   Code   RO          476    i.MX_RTC_Init       rtc.o
    0x08005030   0x08005030   0x00000058   Code   RO          518    i.MX_SPI1_Init      spi.o
    0x08005088   0x08005088   0x00000070   Code   RO          560    i.MX_TIM1_Init      tim.o
    0x080050f8   0x080050f8   0x00000038   Code   RO          602    i.MX_USART1_UART_Init  usart.o
    0x08005130   0x08005130   0x0000004c   Code   RO          864    i.MX_USB_DEVICE_Init  usb_device.o
    0x0800517c   0x0800517c   0x00000004   Code   RO          645    i.MemManage_Handler  stm32f1xx_it.o
    0x08005180   0x08005180   0x00000004   Code   RO          646    i.NMI_Handler       stm32f1xx_it.o
    0x08005184   0x08005184   0x000003f2   Code   RO         1354    i.PCD_EP_ISR_Handler  stm32f1xx_hal_pcd.o
    0x08005576   0x08005576   0x00000002   Code   RO          647    i.PendSV_Handler    stm32f1xx_it.o
    0x08005578   0x08005578   0x00000028   Code   RO         1960    i.RCC_Delay         stm32f1xx_hal_rcc.o
    0x080055a0   0x080055a0   0x00000010   Code   RO          648    i.RTC_Alarm_IRQHandler  stm32f1xx_it.o
    0x080055b0   0x080055b0   0x0000003a   Code   RO         3600    i.RTC_EnterInitMode  stm32f1xx_hal_rtc.o
    0x080055ea   0x080055ea   0x0000003a   Code   RO         3601    i.RTC_ExitInitMode  stm32f1xx_hal_rtc.o
    0x08005624   0x08005624   0x00000108   Code   RO         6815    i.RTC_Get           myrtc.o
    0x0800572c   0x0800572c   0x00000078   Code   RO         6816    i.RTC_Get_Week      myrtc.o
    0x080057a4   0x080057a4   0x00000114   Code   RO         6817    i.RTC_Set           myrtc.o
    0x080058b8   0x080058b8   0x00000080   Code   RO         6818    i.RTC_SetAlarm      myrtc.o
    0x08005938   0x08005938   0x00000044   Code   RO         6878    i.Read_W25Q128_data  w25q128.o
    0x0800597c   0x0800597c   0x00000036   Code   RO         6520    i.SCSI_CheckAddressRange  usbd_msc_scsi.o
    0x080059b2   0x080059b2   0x00000002   PAD
    0x080059b4   0x080059b4   0x00000064   Code   RO         6521    i.SCSI_Inquiry      usbd_msc_scsi.o
    0x08005a18   0x08005a18   0x0000002c   Code   RO         6522    i.SCSI_ModeSense10  usbd_msc_scsi.o
    0x08005a44   0x08005a44   0x0000002c   Code   RO         6523    i.SCSI_ModeSense6   usbd_msc_scsi.o
    0x08005a70   0x08005a70   0x000000ee   Code   RO         6524    i.SCSI_ProcessCmd   usbd_msc_scsi.o
    0x08005b5e   0x08005b5e   0x000000c8   Code   RO         6525    i.SCSI_ProcessRead  usbd_msc_scsi.o
    0x08005c26   0x08005c26   0x000000f8   Code   RO         6526    i.SCSI_ProcessWrite  usbd_msc_scsi.o
    0x08005d1e   0x08005d1e   0x000000e2   Code   RO         6527    i.SCSI_Read10       usbd_msc_scsi.o
    0x08005e00   0x08005e00   0x00000094   Code   RO         6528    i.SCSI_ReadCapacity10  usbd_msc_scsi.o
    0x08005e94   0x08005e94   0x0000008a   Code   RO         6529    i.SCSI_ReadFormatCapacity  usbd_msc_scsi.o
    0x08005f1e   0x08005f1e   0x0000009e   Code   RO         6530    i.SCSI_RequestSense  usbd_msc_scsi.o
    0x08005fbc   0x08005fbc   0x0000004e   Code   RO         6531    i.SCSI_SenseCode    usbd_msc_scsi.o
    0x0800600a   0x0800600a   0x00000010   Code   RO         6532    i.SCSI_StartStopUnit  usbd_msc_scsi.o
    0x0800601a   0x0800601a   0x0000005a   Code   RO         6533    i.SCSI_TestUnitReady  usbd_msc_scsi.o
    0x08006074   0x08006074   0x00000050   Code   RO         6534    i.SCSI_Verify10     usbd_msc_scsi.o
    0x080060c4   0x080060c4   0x00000122   Code   RO         6535    i.SCSI_Write10      usbd_msc_scsi.o
    0x080061e6   0x080061e6   0x00000002   PAD
    0x080061e8   0x080061e8   0x0000008c   Code   RO         6652    i.SHT30_Dat_To_Float  sht30.o
    0x08006274   0x08006274   0x0000000c   Code   RO         6653    i.SHT30_Init        sht30.o
    0x08006280   0x08006280   0x0000002c   Code   RO         6654    i.SHT30_Read_Dat    sht30.o
    0x080062ac   0x080062ac   0x00000012   Code   RO         6655    i.SHT30_Reset       sht30.o
    0x080062be   0x080062be   0x00000002   PAD
    0x080062c0   0x080062c0   0x00000028   Code   RO         6656    i.SHT30_Send_Cmd    sht30.o
    0x080062e8   0x080062e8   0x00000028   Code   RO         3906    i.SPI_EndRxTxTransaction  stm32f1xx_hal_spi.o
    0x08006310   0x08006310   0x000000d8   Code   RO         3911    i.SPI_WaitFlagStateUntilTimeout  stm32f1xx_hal_spi.o
    0x080063e8   0x080063e8   0x0000000e   Code   RO         1009    i.STORAGE_GetCapacity_FS  usbd_storage_if.o
    0x080063f6   0x080063f6   0x00000004   Code   RO         1010    i.STORAGE_GetMaxLun_FS  usbd_storage_if.o
    0x080063fa   0x080063fa   0x00000006   Code   RO         1011    i.STORAGE_Init_FS   usbd_storage_if.o
    0x08006400   0x08006400   0x00000010   Code   RO         1012    i.STORAGE_IsReady_FS  usbd_storage_if.o
    0x08006410   0x08006410   0x00000006   Code   RO         1013    i.STORAGE_IsWriteProtected_FS  usbd_storage_if.o
    0x08006416   0x08006416   0x00000002   PAD
    0x08006418   0x08006418   0x0000003c   Code   RO         1014    i.STORAGE_Read_FS   usbd_storage_if.o
    0x08006454   0x08006454   0x00000044   Code   RO         1015    i.STORAGE_Write_FS  usbd_storage_if.o
    0x08006498   0x08006498   0x00000002   Code   RO          649    i.SVC_Handler       stm32f1xx_it.o
    0x0800649a   0x0800649a   0x00000008   Code   RO          650    i.SysTick_Handler   stm32f1xx_it.o
    0x080064a2   0x080064a2   0x00000092   Code   RO           15    i.SystemClock_Config  main.o
    0x08006534   0x08006534   0x00000002   Code   RO         5531    i.SystemInit        system_stm32f1xx.o
    0x08006536   0x08006536   0x00000002   PAD
    0x08006538   0x08006538   0x00000010   Code   RO          651    i.TIM1_UP_TIM10_IRQHandler  stm32f1xx_it.o
    0x08006548   0x08006548   0x000000d8   Code   RO         4274    i.TIM_Base_SetConfig  stm32f1xx_hal_tim.o
    0x08006620   0x08006620   0x00000016   Code   RO         4285    i.TIM_ETR_SetConfig  stm32f1xx_hal_tim.o
    0x08006636   0x08006636   0x00000012   Code   RO         4286    i.TIM_ITRx_SetConfig  stm32f1xx_hal_tim.o
    0x08006648   0x08006648   0x00000026   Code   RO         4292    i.TIM_TI1_ConfigInputStage  stm32f1xx_hal_tim.o
    0x0800666e   0x0800666e   0x00000028   Code   RO         4294    i.TIM_TI2_ConfigInputStage  stm32f1xx_hal_tim.o
    0x08006696   0x08006696   0x00000002   PAD
    0x08006698   0x08006698   0x000000fc   Code   RO         5219    i.UART_SetConfig    stm32f1xx_hal_uart.o
    0x08006794   0x08006794   0x0000006c   Code   RO         5223    i.UART_WaitOnFlagUntilTimeout  stm32f1xx_hal_uart.o
    0x08006800   0x08006800   0x00000016   Code   RO         6044    i.USBD_ClrClassConfig  usbd_core.o
    0x08006816   0x08006816   0x0000003e   Code   RO         6182    i.USBD_ClrFeature   usbd_ctlreq.o
    0x08006854   0x08006854   0x00000018   Code   RO         6277    i.USBD_CtlContinueRx  usbd_ioreq.o
    0x0800686c   0x0800686c   0x00000018   Code   RO         6278    i.USBD_CtlContinueSendData  usbd_ioreq.o
    0x08006884   0x08006884   0x00000018   Code   RO         6183    i.USBD_CtlError     usbd_ctlreq.o
    0x0800689c   0x0800689c   0x0000001a   Code   RO         6280    i.USBD_CtlReceiveStatus  usbd_ioreq.o
    0x080068b6   0x080068b6   0x00000022   Code   RO         6281    i.USBD_CtlSendData  usbd_ioreq.o
    0x080068d8   0x080068d8   0x0000001a   Code   RO         6282    i.USBD_CtlSendStatus  usbd_ioreq.o
    0x080068f2   0x080068f2   0x00000002   PAD
    0x080068f4   0x080068f4   0x00000034   Code   RO          921    i.USBD_FS_ConfigStrDescriptor  usbd_desc.o
    0x08006928   0x08006928   0x00000010   Code   RO          922    i.USBD_FS_DeviceDescriptor  usbd_desc.o
    0x08006938   0x08006938   0x00000038   Code   RO          923    i.USBD_FS_InterfaceStrDescriptor  usbd_desc.o
    0x08006970   0x08006970   0x00000010   Code   RO          924    i.USBD_FS_LangIDStrDescriptor  usbd_desc.o
    0x08006980   0x08006980   0x0000002c   Code   RO          925    i.USBD_FS_ManufacturerStrDescriptor  usbd_desc.o
    0x080069ac   0x080069ac   0x0000003c   Code   RO          926    i.USBD_FS_ProductStrDescriptor  usbd_desc.o
    0x080069e8   0x080069e8   0x00000018   Code   RO          927    i.USBD_FS_SerialStrDescriptor  usbd_desc.o
    0x08006a00   0x08006a00   0x00000056   Code   RO         6184    i.USBD_GetConfig    usbd_ctlreq.o
    0x08006a56   0x08006a56   0x000001f4   Code   RO         6185    i.USBD_GetDescriptor  usbd_ctlreq.o
    0x08006c4a   0x08006c4a   0x00000014   Code   RO         6186    i.USBD_GetLen       usbd_ctlreq.o
    0x08006c5e   0x08006c5e   0x0000005a   Code   RO         6187    i.USBD_GetStatus    usbd_ctlreq.o
    0x08006cb8   0x08006cb8   0x00000052   Code   RO         6188    i.USBD_GetString    usbd_ctlreq.o
    0x08006d0a   0x08006d0a   0x0000002c   Code   RO         1084    i.USBD_Get_USB_Status  usbd_conf.o
    0x08006d36   0x08006d36   0x00000032   Code   RO         6046    i.USBD_Init         usbd_core.o
    0x08006d68   0x08006d68   0x00000026   Code   RO         1085    i.USBD_LL_ClearStallEP  usbd_conf.o
    0x08006d8e   0x08006d8e   0x00000026   Code   RO         1086    i.USBD_LL_CloseEP   usbd_conf.o
    0x08006db4   0x08006db4   0x00000100   Code   RO         6047    i.USBD_LL_DataInStage  usbd_core.o
    0x08006eb4   0x08006eb4   0x000000a6   Code   RO         6048    i.USBD_LL_DataOutStage  usbd_core.o
    0x08006f5a   0x08006f5a   0x00000026   Code   RO         1089    i.USBD_LL_FlushEP   usbd_conf.o
    0x08006f80   0x08006f80   0x00000012   Code   RO         1090    i.USBD_LL_GetRxDataSize  usbd_conf.o
    0x08006f92   0x08006f92   0x00000002   PAD
    0x08006f94   0x08006f94   0x00000074   Code   RO         1091    i.USBD_LL_Init      usbd_conf.o
    0x08007008   0x08007008   0x00000038   Code   RO         1092    i.USBD_LL_IsStallEP  usbd_conf.o
    0x08007040   0x08007040   0x00000030   Code   RO         1093    i.USBD_LL_OpenEP    usbd_conf.o
    0x08007070   0x08007070   0x00000030   Code   RO         1094    i.USBD_LL_PrepareReceive  usbd_conf.o
    0x080070a0   0x080070a0   0x0000005c   Code   RO         6053    i.USBD_LL_Reset     usbd_core.o
    0x080070fc   0x080070fc   0x00000016   Code   RO         6054    i.USBD_LL_Resume    usbd_core.o
    0x08007112   0x08007112   0x00000022   Code   RO         6055    i.USBD_LL_SOF       usbd_core.o
    0x08007134   0x08007134   0x00000008   Code   RO         6056    i.USBD_LL_SetSpeed  usbd_core.o
    0x0800713c   0x0800713c   0x00000026   Code   RO         1095    i.USBD_LL_SetUSBAddress  usbd_conf.o
    0x08007162   0x08007162   0x0000006e   Code   RO         6057    i.USBD_LL_SetupStage  usbd_core.o
    0x080071d0   0x080071d0   0x00000026   Code   RO         1096    i.USBD_LL_StallEP   usbd_conf.o
    0x080071f6   0x080071f6   0x0000001e   Code   RO         1097    i.USBD_LL_Start     usbd_conf.o
    0x08007214   0x08007214   0x00000014   Code   RO         6058    i.USBD_LL_Suspend   usbd_core.o
    0x08007228   0x08007228   0x00000030   Code   RO         1099    i.USBD_LL_Transmit  usbd_conf.o
    0x08007258   0x08007258   0x00000012   Code   RO         6337    i.USBD_MSC_DataIn   usbd_msc.o
    0x0800726a   0x0800726a   0x00000012   Code   RO         6338    i.USBD_MSC_DataOut  usbd_msc.o
    0x0800727c   0x0800727c   0x0000003e   Code   RO         6339    i.USBD_MSC_DeInit   usbd_msc.o
    0x080072ba   0x080072ba   0x00000002   PAD
    0x080072bc   0x080072bc   0x00000010   Code   RO         6340    i.USBD_MSC_GetDeviceQualifierDescriptor  usbd_msc.o
    0x080072cc   0x080072cc   0x00000010   Code   RO         6341    i.USBD_MSC_GetFSCfgDesc  usbd_msc.o
    0x080072dc   0x080072dc   0x00000010   Code   RO         6342    i.USBD_MSC_GetHSCfgDesc  usbd_msc.o
    0x080072ec   0x080072ec   0x00000010   Code   RO         6343    i.USBD_MSC_GetOtherSpeedCfgDesc  usbd_msc.o
    0x080072fc   0x080072fc   0x00000072   Code   RO         6344    i.USBD_MSC_Init     usbd_msc.o
    0x0800736e   0x0800736e   0x0000000c   Code   RO         6345    i.USBD_MSC_RegisterStorage  usbd_msc.o
    0x0800737a   0x0800737a   0x000001c4   Code   RO         6346    i.USBD_MSC_Setup    usbd_msc.o
    0x0800753e   0x0800753e   0x00000028   Code   RO         6189    i.USBD_ParseSetupRequest  usbd_ctlreq.o
    0x08007566   0x08007566   0x00000010   Code   RO         6059    i.USBD_RegisterClass  usbd_core.o
    0x08007576   0x08007576   0x00000006   Code   RO         6060    i.USBD_RunTestMode  usbd_core.o
    0x0800757c   0x0800757c   0x0000005a   Code   RO         6190    i.USBD_SetAddress   usbd_ctlreq.o
    0x080075d6   0x080075d6   0x00000022   Code   RO         6061    i.USBD_SetClassConfig  usbd_core.o
    0x080075f8   0x080075f8   0x000000e8   Code   RO         6191    i.USBD_SetConfig    usbd_ctlreq.o
    0x080076e0   0x080076e0   0x00000018   Code   RO         6192    i.USBD_SetFeature   usbd_ctlreq.o
    0x080076f8   0x080076f8   0x0000000e   Code   RO         6062    i.USBD_Start        usbd_core.o
    0x08007706   0x08007706   0x000000a2   Code   RO         6193    i.USBD_StdDevReq    usbd_ctlreq.o
    0x080077a8   0x080077a8   0x00000238   Code   RO         6194    i.USBD_StdEPReq     usbd_ctlreq.o
    0x080079e0   0x080079e0   0x0000007e   Code   RO         6195    i.USBD_StdItfReq    usbd_ctlreq.o
    0x08007a5e   0x08007a5e   0x00000002   Code   RO         1100    i.USBD_static_free  usbd_conf.o
    0x08007a60   0x08007a60   0x0000000c   Code   RO         1101    i.USBD_static_malloc  usbd_conf.o
    0x08007a6c   0x08007a6c   0x0000044c   Code   RO         1592    i.USB_ActivateEndpoint  stm32f1xx_ll_usb.o
    0x08007eb8   0x08007eb8   0x00000008   Code   RO         1595    i.USB_CoreInit      stm32f1xx_ll_usb.o
    0x08007ec0   0x08007ec0   0x0000027c   Code   RO         1597    i.USB_DeactivateEndpoint  stm32f1xx_ll_usb.o
    0x0800813c   0x0800813c   0x00000006   Code   RO         1598    i.USB_DevConnect    stm32f1xx_ll_usb.o
    0x08008142   0x08008142   0x00000006   Code   RO         1599    i.USB_DevDisconnect  stm32f1xx_ll_usb.o
    0x08008148   0x08008148   0x00000016   Code   RO         1600    i.USB_DevInit       stm32f1xx_ll_usb.o
    0x0800815e   0x0800815e   0x00000014   Code   RO         1601    i.USB_DisableGlobalInt  stm32f1xx_ll_usb.o
    0x08008172   0x08008172   0x00000006   Code   RO         1602    i.USB_EP0_OutStart  stm32f1xx_ll_usb.o
    0x08008178   0x08008178   0x000000da   Code   RO         1603    i.USB_EPClearStall  stm32f1xx_ll_usb.o
    0x08008252   0x08008252   0x0000005c   Code   RO         1604    i.USB_EPSetStall    stm32f1xx_ll_usb.o
    0x080082ae   0x080082ae   0x00000b8a   Code   RO         1605    i.USB_EPStartXfer   stm32f1xx_ll_usb.o
    0x08008e38   0x08008e38   0x00000012   Code   RO         1606    i.USB_EnableGlobalInt  stm32f1xx_ll_usb.o
    0x08008e4a   0x08008e4a   0x00000006   Code   RO         1607    i.USB_FlushRxFifo   stm32f1xx_ll_usb.o
    0x08008e50   0x08008e50   0x00000006   Code   RO         1608    i.USB_FlushTxFifo   stm32f1xx_ll_usb.o
    0x08008e56   0x08008e56   0x00000002   PAD
    0x08008e58   0x08008e58   0x00000010   Code   RO          652    i.USB_HP_CAN1_TX_IRQHandler  stm32f1xx_it.o
    0x08008e68   0x08008e68   0x00000018   Code   RO          653    i.USB_LP_CAN1_RX0_IRQHandler  stm32f1xx_it.o
    0x08008e80   0x08008e80   0x00000008   Code   RO         1613    i.USB_ReadInterrupts  stm32f1xx_ll_usb.o
    0x08008e88   0x08008e88   0x0000004a   Code   RO         1614    i.USB_ReadPMA       stm32f1xx_ll_usb.o
    0x08008ed2   0x08008ed2   0x00000006   Code   RO         1615    i.USB_SetCurrentMode  stm32f1xx_ll_usb.o
    0x08008ed8   0x08008ed8   0x0000000e   Code   RO         1616    i.USB_SetDevAddress  stm32f1xx_ll_usb.o
    0x08008ee6   0x08008ee6   0x00000042   Code   RO         1618    i.USB_WritePMA      stm32f1xx_ll_usb.o
    0x08008f28   0x08008f28   0x00000006   Code   RO          766    i.USER_initialize   user_diskio.o
    0x08008f2e   0x08008f2e   0x0000003a   Code   RO          767    i.USER_ioctl        user_diskio.o
    0x08008f68   0x08008f68   0x0000003c   Code   RO          768    i.USER_read         user_diskio.o
    0x08008fa4   0x08008fa4   0x0000001c   Code   RO          769    i.USER_status       user_diskio.o
    0x08008fc0   0x08008fc0   0x00000044   Code   RO          770    i.USER_write        user_diskio.o
    0x08009004   0x08009004   0x00000004   Code   RO          654    i.UsageFault_Handler  stm32f1xx_it.o
    0x08009008   0x08009008   0x00000014   Code   RO         6879    i.W25Q128_Disable   w25q128.o
    0x0800901c   0x0800901c   0x00000014   Code   RO         6880    i.W25Q128_Enable    w25q128.o
    0x08009030   0x08009030   0x0000001c   Code   RO         6881    i.W25Q128_ReadSR    w25q128.o
    0x0800904c   0x0800904c   0x00000012   Code   RO         6883    i.W25Q128_Wait_Busy  w25q128.o
    0x0800905e   0x0800905e   0x00000012   Code   RO         6885    i.W25Q128_Write_Enable  w25q128.o
    0x08009070   0x08009070   0x00000046   Code   RO         6887    i.Write_Page        w25q128.o
    0x080090b6   0x080090b6   0x0000004c   Code   RO         6888    i.Write_Word        w25q128.o
    0x08009102   0x08009102   0x00000002   PAD
    0x08009104   0x08009104   0x00000020   Code   RO         7365    i.__0printf         mc_w.l(printfa.o)
    0x08009124   0x08009124   0x00000028   Code   RO         7367    i.__0sprintf        mc_w.l(printfa.o)
    0x0800914c   0x0800914c   0x00000010   Code   RO         2268    i.__NVIC_GetPriorityGrouping  stm32f1xx_hal_cortex.o
    0x0800915c   0x0800915c   0x00000028   Code   RO         2269    i.__NVIC_SetPriority  stm32f1xx_hal_cortex.o
    0x08009184   0x08009184   0x000000aa   Code   RO         7437    i.__kernel_poly     m_ws.l(poly.o)
    0x0800922e   0x0800922e   0x00000002   PAD
    0x08009230   0x08009230   0x00000010   Code   RO         7423    i.__mathlib_dbl_divzero  m_ws.l(dunder.o)
    0x08009240   0x08009240   0x00000006   Code   RO         7424    i.__mathlib_dbl_infnan  m_ws.l(dunder.o)
    0x08009246   0x08009246   0x0000000c   Code   RO         7426    i.__mathlib_dbl_invalid  m_ws.l(dunder.o)
    0x08009252   0x08009252   0x0000000e   Code   RO         7487    i.__scatterload_copy  mc_w.l(handlers.o)
    0x08009260   0x08009260   0x00000002   Code   RO         7488    i.__scatterload_null  mc_w.l(handlers.o)
    0x08009262   0x08009262   0x0000000e   Code   RO         7489    i.__scatterload_zeroinit  mc_w.l(handlers.o)
    0x08009270   0x08009270   0x0000000c   Code   RO         7465    i.__set_errno       mc_w.l(errno.o)
    0x0800927c   0x0800927c   0x00000184   Code   RO         7372    i._fp_digits        mc_w.l(printfa.o)
    0x08009400   0x08009400   0x000006dc   Code   RO         7373    i._printf_core      mc_w.l(printfa.o)
    0x08009adc   0x08009adc   0x00000024   Code   RO         7374    i._printf_post_padding  mc_w.l(printfa.o)
    0x08009b00   0x08009b00   0x0000002e   Code   RO         7375    i._printf_pre_padding  mc_w.l(printfa.o)
    0x08009b2e   0x08009b2e   0x0000000a   Code   RO         7377    i._sputc            mc_w.l(printfa.o)
    0x08009b38   0x08009b38   0x0000009c   Code   RO         5622    i.check_fs          ff.o
    0x08009bd4   0x08009bd4   0x00000014   Code   RO         5623    i.chk_chr           ff.o
    0x08009be8   0x08009be8   0x00000098   Code   RO         5624    i.chk_lock          ff.o
    0x08009c80   0x08009c80   0x00000030   Code   RO         5625    i.clear_lock        ff.o
    0x08009cb0   0x08009cb0   0x0000003e   Code   RO         5626    i.clmt_clust        ff.o
    0x08009cee   0x08009cee   0x00000026   Code   RO         5627    i.clust2sect        ff.o
    0x08009d14   0x08009d14   0x000000fc   Code   RO         5628    i.create_chain      ff.o
    0x08009e10   0x08009e10   0x00000124   Code   RO         5629    i.create_name       ff.o
    0x08009f34   0x08009f34   0x0000004c   Code   RO         5630    i.dec_lock          ff.o
    0x08009f80   0x08009f80   0x0000006c   Code   RO         5631    i.dir_alloc         ff.o
    0x08009fec   0x08009fec   0x0000006c   Code   RO         5632    i.dir_find          ff.o
    0x0800a058   0x0800a058   0x0000019c   Code   RO         5633    i.dir_next          ff.o
    0x0800a1f4   0x0800a1f4   0x00000052   Code   RO         5635    i.dir_register      ff.o
    0x0800a246   0x0800a246   0x000000f2   Code   RO         5637    i.dir_sdi           ff.o
    0x0800a338   0x0800a338   0x0000002c   Code   RO         5567    i.disk_initialize   diskio.o
    0x0800a364   0x0800a364   0x00000028   Code   RO         5568    i.disk_ioctl        diskio.o
    0x0800a38c   0x0800a38c   0x00000030   Code   RO         5569    i.disk_read         diskio.o
    0x0800a3bc   0x0800a3bc   0x0000001c   Code   RO         5570    i.disk_status       diskio.o
    0x0800a3d8   0x0800a3d8   0x00000030   Code   RO         5571    i.disk_write        diskio.o
    0x0800a408   0x0800a408   0x00000028   Code   RO         5638    i.enq_lock          ff.o
    0x0800a430   0x0800a430   0x00000032   Code   RO         5640    i.f_close           ff.o
    0x0800a462   0x0800a462   0x00000402   Code   RO         5644    i.f_lseek           ff.o
    0x0800a864   0x0800a864   0x00000644   Code   RO         5646    i.f_mkfs            ff.o
    0x0800aea8   0x0800aea8   0x00000068   Code   RO         5647    i.f_mount           ff.o
    0x0800af10   0x0800af10   0x00000222   Code   RO         5648    i.f_open            ff.o
    0x0800b132   0x0800b132   0x0000026e   Code   RO         5653    i.f_read            ff.o
    0x0800b3a0   0x0800b3a0   0x0000004e   Code   RO         5656    i.f_stat            ff.o
    0x0800b3ee   0x0800b3ee   0x000000fa   Code   RO         5657    i.f_sync            ff.o
    0x0800b4e8   0x0800b4e8   0x000002da   Code   RO         5661    i.f_write           ff.o
    0x0800b7c2   0x0800b7c2   0x00000002   PAD
    0x0800b7c4   0x0800b7c4   0x00000424   Code   RO         5662    i.find_volume       ff.o
    0x0800bbe8   0x0800bbe8   0x000000a6   Code   RO         5663    i.follow_path       ff.o
    0x0800bc8e   0x0800bc8e   0x00000002   PAD
    0x0800bc90   0x0800bc90   0x0000001c   Code   RO         6624    i.fputc             include.o
    0x0800bcac   0x0800bcac   0x000002e4   Code   RO           16    i.fs_write          main.o
    0x0800bf90   0x0800bf90   0x000000fa   Code   RO         5664    i.get_fat           ff.o
    0x0800c08a   0x0800c08a   0x00000002   PAD
    0x0800c08c   0x0800c08c   0x00000040   Code   RO          828    i.get_fattime       fatfs.o
    0x0800c0cc   0x0800c0cc   0x00000076   Code   RO         5665    i.get_fileinfo      ff.o
    0x0800c142   0x0800c142   0x00000048   Code   RO         5666    i.get_ldnumber      ff.o
    0x0800c18a   0x0800c18a   0x00000012   Code   RO           17    i.getsize           main.o
    0x0800c19c   0x0800c19c   0x000000f4   Code   RO         5667    i.inc_lock          ff.o
    0x0800c290   0x0800c290   0x00000024   Code   RO         5668    i.ld_clust          ff.o
    0x0800c2b4   0x0800c2b4   0x00000020   Code   RO           18    i.led_fastblink     main.o
    0x0800c2d4   0x0800c2d4   0x0000035c   Code   RO         7112    i.log               m_ws.l(log.o)
    0x0800c630   0x0800c630   0x0000003c   Code   RO           19    i.loop              main.o
    0x0800c66c   0x0800c66c   0x00000070   Code   RO           20    i.main              main.o
    0x0800c6dc   0x0800c6dc   0x00000026   Code   RO         5669    i.mem_cmp           ff.o
    0x0800c702   0x0800c702   0x0000001a   Code   RO         5670    i.mem_cpy           ff.o
    0x0800c71c   0x0800c71c   0x00000014   Code   RO         5671    i.mem_set           ff.o
    0x0800c730   0x0800c730   0x0000003e   Code   RO         5672    i.move_window       ff.o
    0x0800c76e   0x0800c76e   0x0000015a   Code   RO         5673    i.put_fat           ff.o
    0x0800c8c8   0x0800c8c8   0x000002a8   Code   RO           22    i.read_sensor       main.o
    0x0800cb70   0x0800cb70   0x00000088   Code   RO         5675    i.remove_chain      ff.o
    0x0800cbf8   0x0800cbf8   0x00000278   Code   RO           23    i.setup             main.o
    0x0800ce70   0x0800ce70   0x00000024   Code   RO         6890    i.spi2_Receive_one_byte  w25q128.o
    0x0800ce94   0x0800ce94   0x0000001c   Code   RO         6891    i.spi2_Transmit_one_byte  w25q128.o
    0x0800ceb0   0x0800ceb0   0x00000010   Code   RO         5676    i.st_clust          ff.o
    0x0800cec0   0x0800cec0   0x00000114   Code   RO         5677    i.sync_fs           ff.o
    0x0800cfd4   0x0800cfd4   0x00000072   Code   RO         5678    i.sync_window       ff.o
    0x0800d046   0x0800d046   0x00000052   Code   RO         5679    i.validate          ff.o
    0x0800d098   0x0800d098   0x00000024   Data   RO         1016    .constdata          usbd_storage_if.o
    0x0800d0bc   0x0800d0bc   0x00000018   Data   RO         5532    .constdata          system_stm32f1xx.o
    0x0800d0d4   0x0800d0d4   0x000000ac   Data   RO         5681    .constdata          ff.o
    0x0800d180   0x0800d180   0x00000017   Data   RO         6496    .constdata          usbd_msc_data.o
    0x0800d197   0x0800d197   0x00000018   Data   RO         6820    .constdata          myrtc.o
    0x0800d1af   0x0800d1af   0x00000001   PAD
    0x0800d1b0   0x0800d1b0   0x00000038   Data   RO         7113    .constdata          m_ws.l(log.o)
    0x0800d1e8   0x0800d1e8   0x00000008   Data   RO         7439    .constdata          m_ws.l(qnan.o)
    0x0800d1f0   0x0800d1f0   0x00000003   Data   RO           26    .conststring        main.o
    0x0800d1f3   0x0800d1f3   0x00000001   PAD
    0x0800d1f4   0x0800d1f4   0x00000020   Data   RO         7485    Region$$Table       anon$$obj.o


    Execution Region RW_IRAM1 (Exec base: 0x20000000, Load base: 0x0800d214, Size: 0x00005a48, Max: 0x00018000, ABSOLUTE, COMPRESSED[0x000000cc])

    Exec Addr    Load Addr    Size         Type   Attr      Idx    E Section Name        Object

    0x20000000   COMPRESSED   0x00000080   Data   RW           27    .data               main.o
    0x20000080   COMPRESSED   0x00000018   Data   RW          771    .data               user_diskio.o
    0x20000098   COMPRESSED   0x00000005   Data   RW          830    .data               fatfs.o
    0x2000009d   COMPRESSED   0x00000003   PAD
    0x200000a0   COMPRESSED   0x0000004e   Data   RW          929    .data               usbd_desc.o
    0x200000ee   COMPRESSED   0x00000002   PAD
    0x200000f0   COMPRESSED   0x00000020   Data   RW         1017    .data               usbd_storage_if.o
    0x20000110   COMPRESSED   0x00000001   Data   RW         1103    .data               usbd_conf.o
    0x20000111   COMPRESSED   0x00000003   PAD
    0x20000114   COMPRESSED   0x00000009   Data   RW         1797    .data               stm32f1xx_hal.o
    0x2000011d   COMPRESSED   0x00000003   PAD
    0x20000120   COMPRESSED   0x00000004   Data   RW         5533    .data               system_stm32f1xx.o
    0x20000124   COMPRESSED   0x00000006   Data   RW         5682    .data               ff.o
    0x2000012a   COMPRESSED   0x00000001   Data   RW         6196    .data               usbd_ctlreq.o
    0x2000012b   COMPRESSED   0x00000001   PAD
    0x2000012c   COMPRESSED   0x000000a2   Data   RW         6347    .data               usbd_msc.o
    0x200001ce   COMPRESSED   0x00000002   Data   RW         6821    .data               myrtc.o
    0x200001d0   COMPRESSED   0x00000001   Data   RW         6892    .data               w25q128.o
    0x200001d1   COMPRESSED   0x00000003   PAD
    0x200001d4   COMPRESSED   0x00000004   Data   RW         7454    .data               mc_w.l(stdout.o)
    0x200001d8   COMPRESSED   0x00000004   Data   RW         7466    .data               mc_w.l(errno.o)
    0x200001dc        -       0x0000288e   Zero   RW           25    .bss                main.o
    0x20002a6a   COMPRESSED   0x00000002   PAD
    0x20002a6c        -       0x00000030   Zero   RW          363    .bss                adc.o
    0x20002a9c        -       0x00000054   Zero   RW          405    .bss                i2c.o
    0x20002af0        -       0x0000000c   Zero   RW          445    .bss                iwdg.o
    0x20002afc        -       0x00000014   Zero   RW          477    .bss                rtc.o
    0x20002b10        -       0x00000058   Zero   RW          519    .bss                spi.o
    0x20002b68        -       0x00000048   Zero   RW          561    .bss                tim.o
    0x20002bb0        -       0x00000044   Zero   RW          603    .bss                usart.o
    0x20002bf4        -       0x000002c4   Zero   RW          865    .bss                usb_device.o
    0x20002eb8        -       0x00000800   Zero   RW          928    .bss                usbd_desc.o
    0x200036b8        -       0x0000135c   Zero   RW         1102    .bss                usbd_conf.o
    0x20004a14        -       0x00000018   Zero   RW         5680    .bss                ff.o
    0x20004a2c        -       0x0000000c   Zero   RW         5968    .bss                ff_gen_drv.o
    0x20004a38        -       0x0000000a   Zero   RW         6819    .bss                myrtc.o
    0x20004a42   COMPRESSED   0x00000006   PAD
    0x20004a48        -       0x00001000   Zero   RW            1    STACK               startup_stm32f103xg.o


==============================================================================

Image component sizes


      Code (inc. data)   RO Data    RW Data    ZI Data      Debug   Object Name

       200         22          0          0         48       1657   adc.o
       124         12          0          0          0       2404   bh1750.o
       208         24          0          0          0       3745   diskio.o
        92         18          0          5          0       1568   fatfs.o
     10160        142        172          6         24      37850   ff.o
       102          6          0          0         12       1631   ff_gen_drv.o
       236         14          0          0          0        987   gpio.o
       176         24          0          0         84       1609   i2c.o
        28          6          0          0          0        516   include.o
        40          8          0          0         12        675   iwdg.o
      2442        562          3        128      10382     572853   main.o
        92         10          0          0          0       1105   myadc.o
       846         66         24          2         10       4529   myrtc.o
       124         22          0          0         20       1499   rtc.o
       316         26          0          0          0       4297   sht30.o
       220         22          0          0         88       1649   spi.o
        36          8        304          0       4096        804   startup_stm32f103xg.o
       192         36          0          9          0       7457   stm32f1xx_hal.o
      1700         64          0          0          0       7111   stm32f1xx_hal_adc.o
       280          4          0          0          0       1462   stm32f1xx_hal_adc_ex.o
       304         22          0          0          0      31115   stm32f1xx_hal_cortex.o
       880         40          0          0          0       3952   stm32f1xx_hal_gpio.o
      2896         52          0          0          0      11170   stm32f1xx_hal_i2c.o
       108          0          0          0          0       1827   stm32f1xx_hal_iwdg.o
        84          8          0          0          0        894   stm32f1xx_hal_msp.o
      4372          0          0          0          0      15292   stm32f1xx_hal_pcd.o
        68          0          0          0          0       1174   stm32f1xx_hal_pcd_ex.o
       108         24          0          0          0       2147   stm32f1xx_hal_pwr.o
      1784        110          0          0          0       6016   stm32f1xx_hal_rcc.o
       612         46          0          0          0       2433   stm32f1xx_hal_rcc_ex.o
       450         10          0          0          0       4460   stm32f1xx_hal_rtc.o
      1000          6          0          0          0       4461   stm32f1xx_hal_spi.o
      1282         76          0          0          0       9247   stm32f1xx_hal_tim.o
       184         30          0          0          0       2417   stm32f1xx_hal_tim_ex.o
       684          4          0          0          0       3616   stm32f1xx_hal_uart.o
       106         24          0          0          0       5857   stm32f1xx_it.o
      5266          0          0          0          0      20719   stm32f1xx_ll_usb.o
         2          0         24          4          0       1119   system_stm32f1xx.o
       180         20          0          0         72       1654   tim.o
       192         24          0          0         68       1666   usart.o
        76         16          0          0        708       5989   usb_device.o
       898         36          0          1       4956      15569   usbd_conf.o
       850          0          0          0          0       9943   usbd_core.o
      2106         28          0          1          0      10692   usbd_ctlreq.o
       382        118          0         78       2048       6613   usbd_desc.o
       134          0          0          0          0       3820   usbd_ioreq.o
       740         24          0        162          0       9332   usbd_msc.o
       798         10          0          0          0       7317   usbd_msc_bot.o
         0          0         23          0          0        889   usbd_msc_data.o
      2152         14          0          0          0      13359   usbd_msc_scsi.o
       174         14         36         32          0       4791   usbd_storage_if.o
       220         22          0         24          0       3792   user_diskio.o
       488         22          0          1          0       7282   w25q128.o

    ----------------------------------------------------------------------
     47242       1896        620        468      22636     886032   Object Totals
         0          0         32          0          0          0   (incl. Generated)
        48          0          2         15          8          0   (incl. Padding)

    ----------------------------------------------------------------------

      Code (inc. data)   RO Data    RW Data    ZI Data      Debug   Library Member Name

        34          4          0          0          0        204   dunder.o
       860         52         56          0          0        256   log.o
       170          0          0          0          0         96   poly.o
         0          0          8          0          0          0   qnan.o
        86          0          0          0          0          0   __dczerorl2.o
         0          0          0          0          0          0   entry.o
         0          0          0          0          0          0   entry10a.o
         0          0          0          0          0          0   entry11a.o
         8          4          0          0          0          0   entry2.o
         4          0          0          0          0          0   entry5.o
         0          0          0          0          0          0   entry7b.o
         0          0          0          0          0          0   entry8b.o
         8          4          0          0          0          0   entry9a.o
        12          6          0          4          0         68   errno.o
        30          0          0          0          0          0   handlers.o
        36          8          0          0          0         68   init.o
         0          0          0          0          0          0   iusefp.o
        30          0          0          0          0         68   llshl.o
        36          0          0          0          0         68   llsshr.o
        32          0          0          0          0         68   llushr.o
        36          0          0          0          0         68   memcpya.o
        36          0          0          0          0        108   memseta.o
      2308         96          0          0          0        604   printfa.o
         0          0          0          4          0          0   stdout.o
        44          0          0          0          0         80   uidiv.o
        98          0          0          0          0         92   uldiv.o
        48          0          0          0          0         68   cdcmple.o
        48          0          0          0          0         68   cdrcmple.o
        20          0          0          0          0         68   cfcmple.o
        56          0          0          0          0         88   d2f.o
       334          0          0          0          0        148   dadd.o
       222          0          0          0          0        100   ddiv.o
       186          0          0          0          0        176   depilogue.o
        62          0          0          0          0         80   dfixi.o
        50          0          0          0          0         76   dfixui.o
        48          0          0          0          0         68   dfixul.o
        34          0          0          0          0         76   dflti.o
        26          0          0          0          0         76   dfltui.o
       228          0          0          0          0         96   dmul.o
        46          0          0          0          0         80   dscalb.o
        38          0          0          0          0         68   f2d.o
       176          0          0          0          0        140   fadd.o
       124          0          0          0          0         88   fdiv.o
       110          0          0          0          0        168   fepilogue.o
        18          0          0          0          0         68   fflti.o
        10          0          0          0          0         68   ffltui.o
       100          0          0          0          0         76   fmul.o

    ----------------------------------------------------------------------
      5854        174         64          8          0       3792   Library Totals
         2          0          0          0          0          0   (incl. Padding)

    ----------------------------------------------------------------------

      Code (inc. data)   RO Data    RW Data    ZI Data      Debug   Library Name

      1064         56         64          0          0        556   m_ws.l
      2804        118          0          8          0       1292   mc_w.l
      1984          0          0          0          0       1944   mf_w.l

    ----------------------------------------------------------------------
      5854        174         64          8          0       3792   Library Totals

    ----------------------------------------------------------------------

==============================================================================


      Code (inc. data)   RO Data    RW Data    ZI Data      Debug   

     53096       2070        684        476      22636     870192   Grand Totals
     53096       2070        684        204      22636     870192   ELF Image Totals (compressed)
     53096       2070        684        204          0          0   ROM Totals

==============================================================================

    Total RO  Size (Code + RO Data)                53780 (  52.52kB)
    Total RW  Size (RW Data + ZI Data)             23112 (  22.57kB)
    Total ROM Size (Code + RO Data + RW Data)      53984 (  52.72kB)

==============================================================================

