<html>
<body>
<pre>
<h1>µVision Build Log</h1>
<h2>Tool Versions:</h2>
IDE-Version: ¦ÌVision V5.28.0.0
Copyright (C) 2019 ARM Ltd and ARM Germany GmbH. All rights reserved.
License Information: asd asus, asd, LIC=HN0AE-56DSD-DY3V3-AD2NN-XIRF0-3H5NX
 
Tool Versions:
Toolchain:       MDK-ARM Plus  Version: 5.28.0.0
Toolchain Path:  C:\Keil_v5\ARM\ARMCC\Bin
C Compiler:      Armcc.exe V5.06 update 6 (build 750)
Assembler:       Armasm.exe V5.06 update 6 (build 750)
Linker/Locator:  ArmLink.exe V5.06 update 6 (build 750)
Library Manager: ArmAr.exe V5.06 update 6 (build 750)
Hex Converter:   FromElf.exe V5.06 update 6 (build 750)
CPU DLL:         SARMCM3.DLL V5.28.0.0
Dialog DLL:      DCM.DLL V1.17.3.0
Target DLL:      STLink\ST-LINKIII-KEIL_SWO.dll V3.0.6.0
Dialog DLL:      TCM.DLL V1.36.2.0
 
<h2>Project:</h2>
C:\Users\asus\Desktop\data-collection-device\firmware\MDK-ARM\firmware.uvprojx
Project File Date:  06/20/2023

<h2>Output:</h2>
*** Using Compiler 'V5.06 update 6 (build 750)', folder: 'C:\Keil_v5\ARM\ARMCC\Bin'
Build target 'firmware'
compiling main.c...
../../code/lib/sht30.h(13): warning:  #1-D: last line of file ends without a newline
   #endif
../../code/lib/w25q128.h(7): warning:  #1295-D: Deprecated declaration read_W25Q128_ID - give arg types
  uint16_t read_W25Q128_ID();
../../code/lib/w25q128.h(15): warning:  #1-D: last line of file ends without a newline
  void Erase_one_Sector(uint32_t Address);
../../code/lib/oled.h(30): warning:  #1-D: last line of file ends without a newline
  #endif
../../code/run.h(153): warning:  #177-D: variable "vref_cal"  was declared but never referenced
  	uint16_t vref_cal = 1604;
../Core/Src/main.c: 5 warnings, 0 errors
linking...
Program Size: Code=51244 RO-data=688 RW-data=484 ZI-data=22548  
FromELF: creating hex file...
"firmware\firmware.axf" - 0 Error(s), 5 Warning(s).

<h2>Software Packages used:</h2>

Package Vendor: ARM
                http://www.keil.com/pack/ARM.CMSIS.5.5.1.pack
                ARM.CMSIS.5.5.1
                CMSIS (Cortex Microcontroller Software Interface Standard)
   * Component: CORE Version: 5.2.0

Package Vendor: Keil
                http://www.keil.com/pack/Keil.STM32F1xx_DFP.2.3.0.pack
                Keil.STM32F1xx_DFP.2.3.0
                STMicroelectronics STM32F1 Series Device Support, Drivers and Examples

<h2>Collection of Component include folders:</h2>
  .\RTE\_firmware
  C:\Users\asus\AppData\Local\Arm\Packs\ARM\CMSIS\5.5.1\CMSIS\Core\Include
  C:\Users\asus\AppData\Local\Arm\Packs\Keil\STM32F1xx_DFP\2.3.0\Device\Include

<h2>Collection of Component Files used:</h2>

   * Component: ARM::CMSIS:CORE:5.2.0
Build Time Elapsed:  00:00:02
</pre>
</body>
</html>
