<html>
<body>
<pre>
<h1>µVision Build Log</h1>
<h2>Tool Versions:</h2>
IDE-Version: ¦ÌVision V5.28.0.0
Copyright (C) 2019 ARM Ltd and ARM Germany GmbH. All rights reserved.
License Information: asd asus, asd, LIC=HN0AE-56DSD-DY3V3-AD2NN-XIRF0-3H5NX
 
Tool Versions:
Toolchain:       MDK-ARM Plus  Version: 5.28.0.0
Toolchain Path:  C:\Keil_v5\ARM\ARMCC\Bin
C Compiler:      Armcc.exe V5.06 update 6 (build 750)
Assembler:       Armasm.exe V5.06 update 6 (build 750)
Linker/Locator:  ArmLink.exe V5.06 update 6 (build 750)
Library Manager: ArmAr.exe V5.06 update 6 (build 750)
Hex Converter:   FromElf.exe V5.06 update 6 (build 750)
CPU DLL:         SARMCM3.DLL V5.28.0.0
Dialog DLL:      DCM.DLL V1.17.3.0
Target DLL:      STLink\ST-LINKIII-KEIL_SWO.dll V3.0.6.0
Dialog DLL:      TCM.DLL V1.36.2.0
 
<h2>Project:</h2>
C:\Users\asus\Desktop\data-collection-device\data-collection-device\MDK-ARM\data-collection-device.uvprojx
Project File Date:  05/08/2023

<h2>Output:</h2>
*** Using Compiler 'V5.06 update 6 (build 750)', folder: 'C:\Keil_v5\ARM\ARMCC\Bin'
Build target 'data-collection-device'
compiling sdff.c...
..\..\code\lib\sdff.c(157): warning:  #1-D: last line of file ends without a newline
  } 
..\..\code\lib\sdff.c: 1 warning, 0 errors
compiling diskio.c...
../Middlewares/Third_Party/FatFs/src/diskio.c(140): warning:  #188-D: enumerated type mixed with another type
      res=SD_ReadSector(buff,sector,count);
../Middlewares/Third_Party/FatFs/src/diskio.c(147): warning:  #188-D: enumerated type mixed with another type
  		res=SD_ReadSector(buff,sector,count);
../Middlewares/Third_Party/FatFs/src/diskio.c(156): warning:  #111-D: statement is unreachable
    return res;
../Middlewares/Third_Party/FatFs/src/diskio.c(176): warning:  #188-D: enumerated type mixed with another type
       res=SD_WriteSector((uint8_t *)buff,sector,count);
../Middlewares/Third_Party/FatFs/src/diskio.c(181): warning:  #188-D: enumerated type mixed with another type
  		res=SD_WriteSector((uint8_t *)buff,sector,count);
../Middlewares/Third_Party/FatFs/src/diskio.c(190): warning:  #111-D: statement is unreachable
    return res;
../Middlewares/Third_Party/FatFs/src/diskio.c(233): warning:  #111-D: statement is unreachable
    return res;
../Middlewares/Third_Party/FatFs/src/diskio.c: 7 warnings, 0 errors
compiling sd.c...
compiling include.c...
../../code/lib/sht30.h(13): warning:  #1-D: last line of file ends without a newline
   #endif
..\..\code\include.c: 1 warning, 0 errors
compiling user_diskio.c...
../FATFS/Target/user_diskio.c(147): warning:  #546-D: transfer of control bypasses initialization of:
            variable "timeout"  (declared at line 153)
  	switch (pdrv)
  	^
../FATFS/Target/user_diskio.c(192): warning:  #546-D: transfer of control bypasses initialization of:
            variable "timeout"  (declared at line 197)
  	switch (pdrv)
  	^
../FATFS/Target/user_diskio.c: 2 warnings, 0 errors
compiling main.c...
../../code/lib/sht30.h(13): warning:  #1-D: last line of file ends without a newline
   #endif
../Core/Src/main.c: 1 warning, 0 errors
linking...
Program Size: Code=30442 RO-data=538 RW-data=392 ZI-data=8040  
FromELF: creating hex file...
"data-collection-device\data-collection-device.axf" - 0 Error(s), 12 Warning(s).

<h2>Software Packages used:</h2>

Package Vendor: ARM
                http://www.keil.com/pack/ARM.CMSIS.5.5.1.pack
                ARM.CMSIS.5.5.1
                CMSIS (Cortex Microcontroller Software Interface Standard)
   * Component: CORE Version: 5.2.0

Package Vendor: Keil
                http://www.keil.com/pack/Keil.STM32F1xx_DFP.2.3.0.pack
                Keil.STM32F1xx_DFP.2.3.0
                STMicroelectronics STM32F1 Series Device Support, Drivers and Examples

<h2>Collection of Component include folders:</h2>
  .\RTE\_data-collection-device
  C:\Users\asus\AppData\Local\Arm\Packs\ARM\CMSIS\5.5.1\CMSIS\Core\Include
  C:\Users\asus\AppData\Local\Arm\Packs\Keil\STM32F1xx_DFP\2.3.0\Device\Include

<h2>Collection of Component Files used:</h2>

   * Component: ARM::CMSIS:CORE:5.2.0
Build Time Elapsed:  00:00:03
</pre>
</body>
</html>
